2026-09-10T00:56:57.2081174Z Current runner version: '2.337.0'
2026-09-10T00:56:57.2102859Z ##[group]Runner Image Provisioner
2026-09-10T00:56:57.2103675Z Hosted Compute Agent
2026-09-10T00:56:57.2104161Z Version: 20260828.587
2026-09-10T00:56:57.2104842Z Commit: abac92662cab4cc7352de4f9f9d2e2419aad9c29
2026-09-10T00:56:57.2105494Z Build Date: 2026-08-28T16:44:25Z
2026-09-10T00:56:57.2106049Z Worker ID: {228c0dc6-ed37-4ce3-8586-64d61ce10a68}
2026-09-10T00:56:57.2106667Z Azure Region: westus3
2026-09-10T00:56:57.2107131Z ##[endgroup]
2026-09-10T00:56:57.2108207Z ##[group]Operating System
2026-09-10T00:56:57.2108812Z Ubuntu
2026-09-10T00:56:57.2109281Z 24.04.4
2026-09-10T00:56:57.2109746Z LTS
2026-09-10T00:56:57.2110177Z ##[endgroup]
2026-09-10T00:56:57.2110620Z ##[group]Runner Image
2026-09-10T00:56:57.2111199Z Image: ubuntu-24.04
2026-09-10T00:56:57.2111657Z Version: 20260831.293.1
2026-09-10T00:56:57.2112714Z Included Software: https://github.com/actions/runner-images/blob/ubuntu24/20260831.293/images/ubuntu/Ubuntu2404-Readme.md
2026-09-10T00:56:57.2113979Z Image Release: https://github.com/actions/runner-images/releases/tag/ubuntu24%2F20260831.293
2026-09-10T00:56:57.2115048Z ##[endgroup]
2026-09-10T00:56:57.2115964Z ##[group]GITHUB_TOKEN Permissions
2026-09-10T00:56:57.2117567Z Contents: read
2026-09-10T00:56:57.2118048Z Metadata: read
2026-09-10T00:56:57.2118565Z ##[endgroup]
2026-09-10T00:56:57.2120294Z Secret source: Actions
2026-09-10T00:56:57.2121130Z Cache mode: write
2026-09-10T00:56:57.2121700Z Prepare workflow directory
2026-09-10T00:56:57.2390260Z Prepare all required actions
2026-09-10T00:56:57.2430433Z Getting action download info
2026-09-10T00:56:57.5516307Z Download action repository 'actions/checkout@v7' (SHA:3d3c42e5aac5ba805825da76410c181273ba90b1)
2026-09-10T00:56:57.8183165Z Download action repository 'astral-sh/setup-uv@v7' (SHA:37802adc94f370d6bfd71619e3f0bf239e1f3b78)
2026-09-10T00:56:58.7860867Z Download action repository 'actions/setup-python@v7' (SHA:5fda3b95a4ea91299a34e894583c3862153e4b97)
2026-09-10T00:56:59.0111166Z Complete job name: Quality / Python 3.13
2026-09-10T00:56:59.0741881Z ##[group]Run actions/checkout@v7
2026-09-10T00:56:59.0742700Z with:
2026-09-10T00:56:59.0743322Z   repository: leonardosovienski/stocks-predictor
2026-09-10T00:56:59.0746936Z   token: ***
2026-09-10T00:56:59.0747485Z   ssh-strict: true
2026-09-10T00:56:59.0747949Z   ssh-user: git
2026-09-10T00:56:59.0748387Z   persist-credentials: true
2026-09-10T00:56:59.0748924Z   clean: true
2026-09-10T00:56:59.0749368Z   sparse-checkout-cone-mode: true
2026-09-10T00:56:59.0749923Z   fetch-depth: 1
2026-09-10T00:56:59.0750375Z   fetch-tags: false
2026-09-10T00:56:59.0750827Z   show-progress: true
2026-09-10T00:56:59.0751361Z   lfs: false
2026-09-10T00:56:59.0751800Z   submodules: false
2026-09-10T00:56:59.0752311Z   set-safe-directory: true
2026-09-10T00:56:59.0752822Z   allow-unsafe-pr-checkout: false
2026-09-10T00:56:59.0753566Z ##[endgroup]
2026-09-10T00:56:59.1592221Z Syncing repository: leonardosovienski/stocks-predictor
2026-09-10T00:56:59.1594266Z ##[group]Getting Git version info
2026-09-10T00:56:59.1595355Z Working directory is '/home/runner/work/stocks-predictor/stocks-predictor'
2026-09-10T00:56:59.1596512Z [command]/usr/bin/git version
2026-09-10T00:56:59.2132247Z git version 2.55.0
2026-09-10T00:56:59.2149825Z ##[endgroup]
2026-09-10T00:56:59.2161821Z Temporarily overriding HOME='/home/runner/work/_temp/8e6a08fa-0001-4c15-b6f3-606451092a03' before making global git config changes
2026-09-10T00:56:59.2164893Z Adding repository directory to the temporary git global config as a safe directory
2026-09-10T00:56:59.2169677Z [command]/usr/bin/git config --global --add safe.directory /home/runner/work/stocks-predictor/stocks-predictor
2026-09-10T00:56:59.2215926Z Deleting the contents of '/home/runner/work/stocks-predictor/stocks-predictor'
2026-09-10T00:56:59.2218529Z ##[group]Determining repository object format
2026-09-10T00:56:59.2219794Z ##[endgroup]
2026-09-10T00:56:59.2220527Z ##[group]Initializing the repository
2026-09-10T00:56:59.2223229Z [command]/usr/bin/git init /home/runner/work/stocks-predictor/stocks-predictor
2026-09-10T00:56:59.2430890Z hint: Using 'master' as the name for the initial branch. This default branch name
2026-09-10T00:56:59.2432558Z hint: will change to "main" in Git 3.0. To configure the initial branch name
2026-09-10T00:56:59.2433577Z hint: to use in all of your new repositories, which will suppress this warning,
2026-09-10T00:56:59.2434683Z hint: call:
2026-09-10T00:56:59.2435451Z hint:
2026-09-10T00:56:59.2436059Z hint: 	git config --global init.defaultBranch <name>
2026-09-10T00:56:59.2436694Z hint:
2026-09-10T00:56:59.2437330Z hint: Names commonly chosen instead of 'master' are 'main', 'trunk' and
2026-09-10T00:56:59.2438156Z hint: 'development'. The just-created branch can be renamed via this command:
2026-09-10T00:56:59.2438911Z hint:
2026-09-10T00:56:59.2439502Z hint: 	git branch -m <name>
2026-09-10T00:56:59.2440326Z hint:
2026-09-10T00:56:59.2441135Z hint: Disable this message with "git config set advice.defaultBranchName false"
2026-09-10T00:56:59.2442176Z Initialized empty Git repository in /home/runner/work/stocks-predictor/stocks-predictor/.git/
2026-09-10T00:56:59.2444681Z [command]/usr/bin/git remote add origin https://github.com/leonardosovienski/stocks-predictor
2026-09-10T00:56:59.2486202Z ##[endgroup]
2026-09-10T00:56:59.2487064Z ##[group]Disabling automatic garbage collection
2026-09-10T00:56:59.2489568Z [command]/usr/bin/git config --local gc.auto 0
2026-09-10T00:56:59.2524282Z ##[endgroup]
2026-09-10T00:56:59.2525654Z ##[group]Setting up auth
2026-09-10T00:56:59.2526437Z Removing SSH command configuration
2026-09-10T00:56:59.2531438Z [command]/usr/bin/git config --local --name-only --get-regexp core\.sshCommand
2026-09-10T00:56:59.2568169Z [command]/usr/bin/git submodule foreach --recursive sh -c "git config --local --name-only --get-regexp 'core\.sshCommand' && git config --local --unset-all 'core.sshCommand' || :"
2026-09-10T00:56:59.3049006Z Removing HTTP extra header
2026-09-10T00:56:59.3054915Z [command]/usr/bin/git config --local --name-only --get-regexp http\.https\:\/\/github\.com\/\.extraheader
2026-09-10T00:56:59.3086673Z [command]/usr/bin/git submodule foreach --recursive sh -c "git config --local --name-only --get-regexp 'http\.https\:\/\/github\.com\/\.extraheader' && git config --local --unset-all 'http.https://github.com/.extraheader' || :"
2026-09-10T00:56:59.3274125Z Removing includeIf entries pointing to credentials config files
2026-09-10T00:56:59.3279333Z [command]/usr/bin/git config --local --name-only --get-regexp ^includeIf\.gitdir:
2026-09-10T00:56:59.3317204Z [command]/usr/bin/git submodule foreach --recursive git config --local --show-origin --name-only --get-regexp remote.origin.url
2026-09-10T00:56:59.3516549Z [command]/usr/bin/git config --file /home/runner/work/_temp/git-credentials-c759632e-7935-46ca-b0c0-5eedf8b35f29.config http.https://github.com/.extraheader AUTHORIZATION: basic ***
2026-09-10T00:56:59.3554333Z [command]/usr/bin/git config --local includeIf.gitdir:/home/runner/work/stocks-predictor/stocks-predictor/.git.path /home/runner/work/_temp/git-credentials-c759632e-7935-46ca-b0c0-5eedf8b35f29.config
2026-09-10T00:56:59.3585191Z [command]/usr/bin/git config --local includeIf.gitdir:/home/runner/work/stocks-predictor/stocks-predictor/.git/worktrees/*.path /home/runner/work/_temp/git-credentials-c759632e-7935-46ca-b0c0-5eedf8b35f29.config
2026-09-10T00:56:59.3618157Z [command]/usr/bin/git config --local includeIf.gitdir:/github/workspace/.git.path /github/runner_temp/git-credentials-c759632e-7935-46ca-b0c0-5eedf8b35f29.config
2026-09-10T00:56:59.3647967Z [command]/usr/bin/git config --local includeIf.gitdir:/github/workspace/.git/worktrees/*.path /github/runner_temp/git-credentials-c759632e-7935-46ca-b0c0-5eedf8b35f29.config
2026-09-10T00:56:59.3675204Z ##[endgroup]
2026-09-10T00:56:59.3676022Z ##[group]Fetching the repository
2026-09-10T00:56:59.3680956Z [command]/usr/bin/git -c protocol.version=2 fetch --no-tags --prune --no-recurse-submodules --depth=1 origin +88495a512dc1cef8eea474924143af22ffbc86a9:refs/remotes/pull/74/merge
2026-09-10T00:57:02.1645667Z From https://github.com/leonardosovienski/stocks-predictor
2026-09-10T00:57:02.1647215Z  * [new ref]         88495a512dc1cef8eea474924143af22ffbc86a9 -> pull/74/merge
2026-09-10T00:57:02.1649235Z ##[endgroup]
2026-09-10T00:57:02.1651574Z ##[group]Determining the checkout info
2026-09-10T00:57:02.1652747Z ##[endgroup]
2026-09-10T00:57:02.1655499Z [command]/usr/bin/git sparse-checkout disable
2026-09-10T00:57:02.1726395Z [command]/usr/bin/git config --local --unset-all extensions.worktreeConfig
2026-09-10T00:57:02.1755284Z ##[group]Checking out the ref
2026-09-10T00:57:02.1759069Z [command]/usr/bin/git checkout --progress --force refs/remotes/pull/74/merge
2026-09-10T00:57:02.4318257Z Note: switching to 'refs/remotes/pull/74/merge'.
2026-09-10T00:57:02.4318940Z 
2026-09-10T00:57:02.4319249Z You are in 'detached HEAD' state. You can look around, make experimental
2026-09-10T00:57:02.4319862Z changes and commit them, and you can discard any commits you make in this
2026-09-10T00:57:02.4320610Z state without impacting any branches by switching back to a branch.
2026-09-10T00:57:02.4321035Z 
2026-09-10T00:57:02.4321351Z If you want to create a new branch to retain commits you create, you may
2026-09-10T00:57:02.4321938Z do so (now or later) by using -c with the switch command. Example:
2026-09-10T00:57:02.4322288Z 
2026-09-10T00:57:02.4322442Z   git switch -c <new-branch-name>
2026-09-10T00:57:02.4322698Z 
2026-09-10T00:57:02.4322855Z Or undo this operation with:
2026-09-10T00:57:02.4323090Z 
2026-09-10T00:57:02.4323232Z   git switch -
2026-09-10T00:57:02.4323436Z 
2026-09-10T00:57:02.4323752Z Turn off this advice by setting config variable advice.detachedHead to false
2026-09-10T00:57:02.4324218Z 
2026-09-10T00:57:02.4324874Z HEAD is now at 88495a5 Merge 564f9f7c7266a2c049925171eaf075b69262ee38 into 3f9b891bfc48f38a36fa7f5405547b85ca76b317
2026-09-10T00:57:02.4340279Z ##[endgroup]
2026-09-10T00:57:02.4391988Z [command]/usr/bin/git log -1 --format=%H
2026-09-10T00:57:02.4421554Z 88495a512dc1cef8eea474924143af22ffbc86a9
2026-09-10T00:57:02.4659758Z ##[group]Run astral-sh/setup-uv@v7
2026-09-10T00:57:02.4660014Z with:
2026-09-10T00:57:02.4660185Z   version: 0.12.1
2026-09-10T00:57:02.4660365Z   enable-cache: true
2026-09-10T00:57:02.4660560Z   activate-environment: false
2026-09-10T00:57:02.4660862Z   working-directory: /home/runner/work/stocks-predictor/stocks-predictor
2026-09-10T00:57:02.4663009Z   github-token: ***
2026-09-10T00:57:02.4663491Z   cache-dependency-glob: **/*requirements*.txt
**/*requirements*.in
**/*constraints*.txt
**/*constraints*.in
**/pyproject.toml
**/uv.lock
**/*.py.lock

2026-09-10T00:57:02.4663978Z   restore-cache: true
2026-09-10T00:57:02.4664174Z   save-cache: true
2026-09-10T00:57:02.4664352Z   prune-cache: true
2026-09-10T00:57:02.4664649Z   cache-python: false
2026-09-10T00:57:02.4664846Z   ignore-nothing-to-cache: false
2026-09-10T00:57:02.4665070Z   ignore-empty-workdir: false
2026-09-10T00:57:02.4665306Z   add-problem-matchers: true
2026-09-10T00:57:02.4665562Z   resolution-strategy: highest
2026-09-10T00:57:02.4665766Z ##[endgroup]
2026-09-10T00:57:02.6059697Z Fetching version data from https://raw.githubusercontent.com/astral-sh/versions/main/v1/uv.ndjson ...
2026-09-10T00:57:02.6927017Z Downloading uv from "https://releases.astral.sh/github/uv/releases/download/0.12.1/uv-x86_64-unknown-linux-gnu.tar.gz" ...
2026-09-10T00:57:02.9391484Z [command]/usr/bin/tar xz --warning=no-unknown-keyword --overwrite -C /home/runner/work/_temp/04ae41e3-3ac2-4be3-9705-570b2fe1f2bb -f /home/runner/work/_temp/9a4ed7ad-3897-4ca3-9948-82f4aaadb546
2026-09-10T00:57:03.5157711Z Added /home/runner/.local/bin to the path
2026-09-10T00:57:03.5160276Z Added /opt/hostedtoolcache/uv/0.12.1/x86_64 to the path
2026-09-10T00:57:03.5161512Z Set UV_PYTHON_INSTALL_DIR to /home/runner/work/_temp/uv-python-dir
2026-09-10T00:57:03.5162140Z Added /home/runner/work/_temp/uv-python-dir to the path
2026-09-10T00:57:03.5182968Z Set UV_CACHE_DIR to /home/runner/work/_temp/setup-uv-cache
2026-09-10T00:57:03.5183532Z Successfully installed uv version 0.12.1
2026-09-10T00:57:03.6252247Z Searching files using cache dependency glob: /home/runner/work/stocks-predictor/stocks-predictor/**/*requirements*.txt,/home/runner/work/stocks-predictor/stocks-predictor/**/*requirements*.in,/home/runner/work/stocks-predictor/stocks-predictor/**/*constraints*.txt,/home/runner/work/stocks-predictor/stocks-predictor/**/*constraints*.in,/home/runner/work/stocks-predictor/stocks-predictor/**/pyproject.toml,/home/runner/work/stocks-predictor/stocks-predictor/**/uv.lock,/home/runner/work/stocks-predictor/stocks-predictor/**/*.py.lock
2026-09-10T00:57:03.6564416Z /home/runner/work/stocks-predictor/stocks-predictor/pyproject.toml
2026-09-10T00:57:03.6592525Z /home/runner/work/stocks-predictor/stocks-predictor/requirements.txt
2026-09-10T00:57:03.7628895Z /home/runner/work/stocks-predictor/stocks-predictor/uv.lock
2026-09-10T00:57:03.7677765Z Found 3 files to hash.
2026-09-10T00:57:03.7742792Z Trying to restore cache from GitHub Actions cache with key: setup-uv-2-x86_64-unknown-linux-gnu-ubuntu-24.04-unknown-pruned-3880274a06caea3ae11b7b42d5799875f1c87d90878c55e9f6ef46a28f8cbce6
2026-09-10T00:57:03.9844296Z Cache hit for: setup-uv-2-x86_64-unknown-linux-gnu-ubuntu-24.04-unknown-pruned-3880274a06caea3ae11b7b42d5799875f1c87d90878c55e9f6ef46a28f8cbce6
2026-09-10T00:57:04.4791912Z Received 118508 of 118508 (100.0%), 0.4 MBs/sec
2026-09-10T00:57:04.4792389Z Cache Size: ~0 MB (118508 B)
2026-09-10T00:57:04.4811448Z [command]/usr/bin/tar -xf /home/runner/work/_temp/9106ea63-c6d1-4bd7-9fe4-e3c73c0cdfb6/cache.tzst -P -C /home/runner/work/stocks-predictor/stocks-predictor --use-compress-program unzstd
2026-09-10T00:57:04.5049766Z Cache restored successfully
2026-09-10T00:57:04.5054012Z cache restored from GitHub Actions cache with key: setup-uv-2-x86_64-unknown-linux-gnu-ubuntu-24.04-unknown-pruned-3880274a06caea3ae11b7b42d5799875f1c87d90878c55e9f6ef46a28f8cbce6
2026-09-10T00:57:04.5730871Z ##[group]Run actions/setup-python@v7
2026-09-10T00:57:04.5731122Z with:
2026-09-10T00:57:04.5731296Z   python-version: 3.13
2026-09-10T00:57:04.5731486Z   check-latest: false
2026-09-10T00:57:04.5733476Z   token: ***
2026-09-10T00:57:04.5733666Z   update-environment: true
2026-09-10T00:57:04.5733875Z   allow-prereleases: false
2026-09-10T00:57:04.5734071Z   freethreaded: false
2026-09-10T00:57:04.5734245Z env:
2026-09-10T00:57:04.5734468Z   UV_PYTHON_INSTALL_DIR: /home/runner/work/_temp/uv-python-dir
2026-09-10T00:57:04.5734903Z   UV_CACHE_DIR: /home/runner/work/_temp/setup-uv-cache
2026-09-10T00:57:04.5735154Z ##[endgroup]
2026-09-10T00:57:04.6709852Z ##[group]Installed versions
2026-09-10T00:57:04.7301855Z Successfully set up CPython (3.13.15)
2026-09-10T00:57:04.7302487Z ##[endgroup]
2026-09-10T00:57:04.7423043Z ##[group]Run uv sync --all-extras --python 3.13
2026-09-10T00:57:04.7423430Z [36;1muv sync --all-extras --python 3.13[0m
2026-09-10T00:57:04.7570793Z shell: /usr/bin/bash -e {0}
2026-09-10T00:57:04.7571249Z env:
2026-09-10T00:57:04.7571627Z   UV_PYTHON_INSTALL_DIR: /home/runner/work/_temp/uv-python-dir
2026-09-10T00:57:04.7572155Z   UV_CACHE_DIR: /home/runner/work/_temp/setup-uv-cache
2026-09-10T00:57:04.7572587Z   pythonLocation: /opt/hostedtoolcache/Python/3.13.15/x64
2026-09-10T00:57:04.7573040Z   PKG_CONFIG_PATH: /opt/hostedtoolcache/Python/3.13.15/x64/lib/pkgconfig
2026-09-10T00:57:04.7573387Z   Python_ROOT_DIR: /opt/hostedtoolcache/Python/3.13.15/x64
2026-09-10T00:57:04.7573697Z   Python2_ROOT_DIR: /opt/hostedtoolcache/Python/3.13.15/x64
2026-09-10T00:57:04.7573998Z   Python3_ROOT_DIR: /opt/hostedtoolcache/Python/3.13.15/x64
2026-09-10T00:57:04.7574306Z   LD_LIBRARY_PATH: /opt/hostedtoolcache/Python/3.13.15/x64/lib
2026-09-10T00:57:04.7574813Z ##[endgroup]
2026-09-10T00:57:04.7779145Z Using CPython 3.13.15 interpreter at: /opt/hostedtoolcache/Python/3.13.15/x64/bin/python3.13
2026-09-10T00:57:04.7779804Z Creating virtual environment at: .venv
2026-09-10T00:57:05.1542913Z Resolved 16 packages in 375ms
2026-09-10T00:57:05.1589868Z    Building stocks-predictor @ file:///home/runner/work/stocks-predictor/stocks-predictor
2026-09-10T00:57:05.1706281Z Downloading pygments (1.2MiB)
2026-09-10T00:57:05.1706878Z Downloading pyright (5.9MiB)
2026-09-10T00:57:05.1708874Z Downloading ruff (9.8MiB)
2026-09-10T00:57:05.3025520Z  Downloaded ruff
2026-09-10T00:57:05.3532829Z  Downloaded pygments
2026-09-10T00:57:05.7777274Z  Downloaded pyright
2026-09-10T00:57:07.2062790Z       Built stocks-predictor @ file:///home/runner/work/stocks-predictor/stocks-predictor
2026-09-10T00:57:07.2069608Z Prepared 14 packages in 2.05s
2026-09-10T00:57:07.3011606Z Installed 15 packages in 94ms
2026-09-10T00:57:07.3012002Z  + build==1.6.0
2026-09-10T00:57:07.3012291Z  + coverage==7.16.0
2026-09-10T00:57:07.3012596Z  + iniconfig==2.3.0
2026-09-10T00:57:07.3012845Z  + nodeenv==1.10.0
2026-09-10T00:57:07.3013116Z  + packaging==26.3
2026-09-10T00:57:07.3013381Z  + pluggy==1.6.0
2026-09-10T00:57:07.3014206Z  + predictor-core==3.2.0 (from https://github.com/leonardosovienski/core-predictor/releases/download/v3.2.0/predictor_core-3.2.0-py3-none-any.whl)
2026-09-10T00:57:07.3015231Z  + pygments==2.21.0
2026-09-10T00:57:07.3015531Z  + pyproject-hooks==1.2.0
2026-09-10T00:57:07.3015847Z  + pyright==1.1.411
2026-09-10T00:57:07.3016090Z  + pytest==9.1.1
2026-09-10T00:57:07.3016378Z  + pyyaml==6.0.3
2026-09-10T00:57:07.3016614Z  + ruff==0.16.5
2026-09-10T00:57:07.3017112Z  + stocks-predictor==0.1.0 (from file:///home/runner/work/stocks-predictor/stocks-predictor)
2026-09-10T00:57:07.3017715Z  + typing-extensions==4.16.0
2026-09-10T00:57:07.3112343Z ##[group]Run uv run ruff check stocks_predictor tests main.py tools/data_bank.py research/session-20260909/data_completion
2026-09-10T00:57:07.3113030Z [36;1muv run ruff check stocks_predictor tests main.py tools/data_bank.py research/session-20260909/data_completion[0m
2026-09-10T00:57:07.3145789Z shell: /usr/bin/bash -e {0}
2026-09-10T00:57:07.3146007Z env:
2026-09-10T00:57:07.3146261Z   UV_PYTHON_INSTALL_DIR: /home/runner/work/_temp/uv-python-dir
2026-09-10T00:57:07.3146592Z   UV_CACHE_DIR: /home/runner/work/_temp/setup-uv-cache
2026-09-10T00:57:07.3146890Z   pythonLocation: /opt/hostedtoolcache/Python/3.13.15/x64
2026-09-10T00:57:07.3147221Z   PKG_CONFIG_PATH: /opt/hostedtoolcache/Python/3.13.15/x64/lib/pkgconfig
2026-09-10T00:57:07.3147561Z   Python_ROOT_DIR: /opt/hostedtoolcache/Python/3.13.15/x64
2026-09-10T00:57:07.3147865Z   Python2_ROOT_DIR: /opt/hostedtoolcache/Python/3.13.15/x64
2026-09-10T00:57:07.3148156Z   Python3_ROOT_DIR: /opt/hostedtoolcache/Python/3.13.15/x64
2026-09-10T00:57:07.3148485Z   LD_LIBRARY_PATH: /opt/hostedtoolcache/Python/3.13.15/x64/lib
2026-09-10T00:57:07.3148746Z ##[endgroup]
2026-09-10T00:57:07.5680963Z All checks passed!
2026-09-10T00:57:07.5724335Z ##[group]Run uv run pyright
2026-09-10T00:57:07.5724898Z [36;1muv run pyright[0m
2026-09-10T00:57:07.5757176Z shell: /usr/bin/bash -e {0}
2026-09-10T00:57:07.5757394Z env:
2026-09-10T00:57:07.5757641Z   UV_PYTHON_INSTALL_DIR: /home/runner/work/_temp/uv-python-dir
2026-09-10T00:57:07.5757977Z   UV_CACHE_DIR: /home/runner/work/_temp/setup-uv-cache
2026-09-10T00:57:07.5758273Z   pythonLocation: /opt/hostedtoolcache/Python/3.13.15/x64
2026-09-10T00:57:07.5758601Z   PKG_CONFIG_PATH: /opt/hostedtoolcache/Python/3.13.15/x64/lib/pkgconfig
2026-09-10T00:57:07.5758942Z   Python_ROOT_DIR: /opt/hostedtoolcache/Python/3.13.15/x64
2026-09-10T00:57:07.5759242Z   Python2_ROOT_DIR: /opt/hostedtoolcache/Python/3.13.15/x64
2026-09-10T00:57:07.5759535Z   Python3_ROOT_DIR: /opt/hostedtoolcache/Python/3.13.15/x64
2026-09-10T00:57:07.5759835Z   LD_LIBRARY_PATH: /opt/hostedtoolcache/Python/3.13.15/x64/lib
2026-09-10T00:57:07.5760095Z ##[endgroup]
2026-09-10T00:57:11.8762942Z 0 errors, 0 warnings, 0 informations
2026-09-10T00:57:11.8983031Z WARNING: there is a new pyright version available (v1.1.411 -> v1.1.413).
2026-09-10T00:57:11.8983713Z Please install the new version or set PYRIGHT_PYTHON_FORCE_VERSION to `latest`
2026-09-10T00:57:11.8984135Z 
2026-09-10T00:57:11.9141450Z ##[group]Run uv run coverage run -m pytest -q
2026-09-10T00:57:11.9141936Z [36;1muv run coverage run -m pytest -q[0m
2026-09-10T00:57:11.9186800Z shell: /usr/bin/bash -e {0}
2026-09-10T00:57:11.9187028Z env:
2026-09-10T00:57:11.9187275Z   UV_PYTHON_INSTALL_DIR: /home/runner/work/_temp/uv-python-dir
2026-09-10T00:57:11.9187612Z   UV_CACHE_DIR: /home/runner/work/_temp/setup-uv-cache
2026-09-10T00:57:11.9187926Z   pythonLocation: /opt/hostedtoolcache/Python/3.13.15/x64
2026-09-10T00:57:11.9188269Z   PKG_CONFIG_PATH: /opt/hostedtoolcache/Python/3.13.15/x64/lib/pkgconfig
2026-09-10T00:57:11.9188600Z   Python_ROOT_DIR: /opt/hostedtoolcache/Python/3.13.15/x64
2026-09-10T00:57:11.9188908Z   Python2_ROOT_DIR: /opt/hostedtoolcache/Python/3.13.15/x64
2026-09-10T00:57:11.9189221Z   Python3_ROOT_DIR: /opt/hostedtoolcache/Python/3.13.15/x64
2026-09-10T00:57:11.9189523Z   LD_LIBRARY_PATH: /opt/hostedtoolcache/Python/3.13.15/x64/lib
2026-09-10T00:57:11.9189780Z ##[endgroup]
2026-09-10T00:57:29.5767905Z ...................................................................... [  8%]
2026-09-10T00:57:30.2635253Z ........................................................................ [ 17%]
2026-09-10T00:57:30.4290656Z ........................................................................ [ 26%]
2026-09-10T00:57:33.2705044Z ........................................................................ [ 35%]
2026-09-10T00:58:36.4541814Z ........................................................................ [ 44%]
2026-09-10T00:58:39.1443842Z ........................................................................ [ 53%]
2026-09-10T00:58:53.7724903Z ........................................................................ [ 62%]
2026-09-10T00:59:08.9353802Z ........................................................................ [ 71%]
2026-09-10T00:59:09.5192892Z ........................................................................ [ 79%]
2026-09-10T01:00:13.0109592Z ........................................................................ [ 88%]
2026-09-10T01:00:17.4554965Z .............................F.......................................... [ 97%]
2026-09-10T01:00:20.9727096Z ..................                                                       [100%]
2026-09-10T01:00:20.9727616Z =================================== FAILURES ===================================
2026-09-10T01:00:20.9727998Z _____ test_hashed_local_reconstruction_is_not_counted_as_primary_evidence ______
2026-09-10T01:00:20.9728401Z 
2026-09-10T01:00:20.9728662Z     def test_hashed_local_reconstruction_is_not_counted_as_primary_evidence():
2026-09-10T01:00:20.9729192Z         local = {'sha256': next(iter(DERIVED_REVIEW_SHAS))}
2026-09-10T01:00:20.9729617Z         catalog = {'local.json': local, 'issuer.pdf': {'sha256': 'a' * 64},
2026-09-10T01:00:20.9730108Z                    'unknown.json': {'sha256': 'b' * 64, 'source_kind': 'UNCLASSIFIED'}}
2026-09-10T01:00:20.9730723Z >       assert source_counts(catalog) == {'verified_source_files': 3, 'verified_primary_files': 1,
2026-09-10T01:00:20.9731337Z             'verified_derived_review_files': 1, 'unclassified_source_files': 1}
2026-09-10T01:00:20.9731908Z E       AssertionError: assert {'verified_so...rce_files': 2} == {'verified_so...rce_files': 1}
2026-09-10T01:00:20.9732364Z E         
2026-09-10T01:00:20.9732655Z E         Omitting 2 identical items, use -vv to show
2026-09-10T01:00:20.9733092Z E         Differing items:
2026-09-10T01:00:20.9733451Z E         {'verified_primary_files': 0} != {'verified_primary_files': 1}
2026-09-10T01:00:20.9733824Z E         {'unclassified_source_files': 2} != {'unclassified_source_files': 1}
2026-09-10T01:00:20.9734120Z E         
2026-09-10T01:00:20.9734276Z E         Full diff:
2026-09-10T01:00:20.9734443Z E           {
2026-09-10T01:00:20.9734789Z E               'verified_source_files': 3,
2026-09-10T01:00:20.9735030Z E         -     'verified_primary_files': 1,
2026-09-10T01:00:20.9735266Z E         ?                               ^
2026-09-10T01:00:20.9735938Z E         +     'verified_primary_files': 0,
2026-09-10T01:00:20.9736150Z E         ?                               ^
2026-09-10T01:00:20.9736379Z E               'verified_derived_review_files': 1,
2026-09-10T01:00:20.9736635Z E         -     'unclassified_source_files': 1,
2026-09-10T01:00:20.9736870Z E         ?                                  ^
2026-09-10T01:00:20.9737098Z E         +     'unclassified_source_files': 2,
2026-09-10T01:00:20.9737322Z E         ?                                  ^
2026-09-10T01:00:20.9737528Z E           }
2026-09-10T01:00:20.9737619Z 
2026-09-10T01:00:20.9737730Z tests/test_source_closure.py:143: AssertionError
2026-09-10T01:00:20.9738046Z =========================== short test summary info ============================
2026-09-10T01:00:20.9738742Z FAILED tests/test_source_closure.py::test_hashed_local_reconstruction_is_not_counted_as_primary_evidence - AssertionError: assert {'verified_so...rce_files': 2} == {'verified_so...rce_files': 1}
2026-09-10T01:00:20.9739329Z   
2026-09-10T01:00:20.9739505Z   Omitting 2 identical items, use -vv to show
2026-09-10T01:00:20.9739738Z   Differing items:
2026-09-10T01:00:20.9739975Z   {'verified_primary_files': 0} != {'verified_primary_files': 1}
2026-09-10T01:00:20.9740314Z   {'unclassified_source_files': 2} != {'unclassified_source_files': 1}
2026-09-10T01:00:20.9740584Z   
2026-09-10T01:00:20.9740725Z   Full diff:
2026-09-10T01:00:20.9740881Z     {
2026-09-10T01:00:20.9741043Z         'verified_source_files': 3,
2026-09-10T01:00:20.9741264Z   -     'verified_primary_files': 1,
2026-09-10T01:00:20.9741507Z   ?                               ^
2026-09-10T01:00:20.9741711Z   +     'verified_primary_files': 0,
2026-09-10T01:00:20.9741914Z   ?                               ^
2026-09-10T01:00:20.9742117Z         'verified_derived_review_files': 1,
2026-09-10T01:00:20.9742348Z   -     'unclassified_source_files': 1,
2026-09-10T01:00:20.9742557Z   ?                                  ^
2026-09-10T01:00:20.9742771Z   +     'unclassified_source_files': 2,
2026-09-10T01:00:20.9742975Z   ?                                  ^
2026-09-10T01:00:20.9743162Z     }
2026-09-10T01:00:20.9743369Z 1 failed, 807 passed, 2 subtests passed in 187.23s (0:03:07)
2026-09-10T01:00:21.0736807Z ##[error]Process completed with exit code 1.
2026-09-10T01:00:21.0841059Z Post job cleanup.
2026-09-10T01:00:21.1565713Z [command]/usr/bin/git version
2026-09-10T01:00:21.1603905Z git version 2.55.0
2026-09-10T01:00:21.1630827Z Temporarily overriding HOME='/home/runner/work/_temp/3a29de12-a486-4807-8378-b5265614f36b' before making global git config changes
2026-09-10T01:00:21.1631974Z Adding repository directory to the temporary git global config as a safe directory
2026-09-10T01:00:21.1634701Z [command]/usr/bin/git config --global --add safe.directory /home/runner/work/stocks-predictor/stocks-predictor
2026-09-10T01:00:21.1663781Z Removing SSH command configuration
2026-09-10T01:00:21.1669345Z [command]/usr/bin/git config --local --name-only --get-regexp core\.sshCommand
2026-09-10T01:00:21.1699229Z [command]/usr/bin/git submodule foreach --recursive sh -c "git config --local --name-only --get-regexp 'core\.sshCommand' && git config --local --unset-all 'core.sshCommand' || :"
2026-09-10T01:00:21.1915808Z Removing HTTP extra header
2026-09-10T01:00:21.1931164Z [command]/usr/bin/git config --local --name-only --get-regexp http\.https\:\/\/github\.com\/\.extraheader
2026-09-10T01:00:21.1964697Z [command]/usr/bin/git submodule foreach --recursive sh -c "git config --local --name-only --get-regexp 'http\.https\:\/\/github\.com\/\.extraheader' && git config --local --unset-all 'http.https://github.com/.extraheader' || :"
2026-09-10T01:00:21.2171813Z Removing includeIf entries pointing to credentials config files
2026-09-10T01:00:21.2180190Z [command]/usr/bin/git config --local --name-only --get-regexp ^includeIf\.gitdir:
2026-09-10T01:00:21.2209058Z includeif.gitdir:/home/runner/work/stocks-predictor/stocks-predictor/.git.path
2026-09-10T01:00:21.2210025Z includeif.gitdir:/home/runner/work/stocks-predictor/stocks-predictor/.git/worktrees/*.path
2026-09-10T01:00:21.2211128Z includeif.gitdir:/github/workspace/.git.path
2026-09-10T01:00:21.2211872Z includeif.gitdir:/github/workspace/.git/worktrees/*.path
2026-09-10T01:00:21.2217307Z [command]/usr/bin/git config --local --get-all includeif.gitdir:/home/runner/work/stocks-predictor/stocks-predictor/.git.path
2026-09-10T01:00:21.2241962Z /home/runner/work/_temp/git-credentials-c759632e-7935-46ca-b0c0-5eedf8b35f29.config
2026-09-10T01:00:21.2251320Z [command]/usr/bin/git config --local --unset includeif.gitdir:/home/runner/work/stocks-predictor/stocks-predictor/.git.path \/home\/runner\/work\/_temp\/git\-credentials\-c759632e\-7935\-46ca\-b0c0\-5eedf8b35f29\.config
2026-09-10T01:00:21.2291272Z [command]/usr/bin/git config --local --get-all includeif.gitdir:/home/runner/work/stocks-predictor/stocks-predictor/.git/worktrees/*.path
2026-09-10T01:00:21.2315731Z /home/runner/work/_temp/git-credentials-c759632e-7935-46ca-b0c0-5eedf8b35f29.config
2026-09-10T01:00:21.2323736Z [command]/usr/bin/git config --local --unset includeif.gitdir:/home/runner/work/stocks-predictor/stocks-predictor/.git/worktrees/*.path \/home\/runner\/work\/_temp\/git\-credentials\-c759632e\-7935\-46ca\-b0c0\-5eedf8b35f29\.config
2026-09-10T01:00:21.2355153Z [command]/usr/bin/git config --local --get-all includeif.gitdir:/github/workspace/.git.path
2026-09-10T01:00:21.2377468Z /github/runner_temp/git-credentials-c759632e-7935-46ca-b0c0-5eedf8b35f29.config
2026-09-10T01:00:21.2382972Z [command]/usr/bin/git config --local --unset includeif.gitdir:/github/workspace/.git.path \/github\/runner_temp\/git\-credentials\-c759632e\-7935\-46ca\-b0c0\-5eedf8b35f29\.config
2026-09-10T01:00:21.2412354Z [command]/usr/bin/git config --local --get-all includeif.gitdir:/github/workspace/.git/worktrees/*.path
2026-09-10T01:00:21.2434484Z /github/runner_temp/git-credentials-c759632e-7935-46ca-b0c0-5eedf8b35f29.config
2026-09-10T01:00:21.2441329Z [command]/usr/bin/git config --local --unset includeif.gitdir:/github/workspace/.git/worktrees/*.path \/github\/runner_temp\/git\-credentials\-c759632e\-7935\-46ca\-b0c0\-5eedf8b35f29\.config
2026-09-10T01:00:21.2473188Z [command]/usr/bin/git submodule foreach --recursive git config --local --show-origin --name-only --get-regexp remote.origin.url
2026-09-10T01:00:21.2664028Z Removing credentials config '/home/runner/work/_temp/git-credentials-c759632e-7935-46ca-b0c0-5eedf8b35f29.config'
2026-09-10T01:00:21.2803907Z Cleaning up orphan processes

