test_invalid_external_edge_estimate_is_rejected (tests.test_audit_integrity.EconomicInputTests.test_invalid_external_edge_estimate_is_rejected) ... ok
test_missing_observations_are_not_silently_removed (tests.test_audit_integrity.EconomicInputTests.test_missing_observations_are_not_silently_removed) ... ok
test_nonfinite_costs_and_hurdles_cannot_produce_a_decision (tests.test_audit_integrity.EconomicInputTests.test_nonfinite_costs_and_hurdles_cannot_produce_a_decision) ... ok
test_nonfinite_policy_is_rejected (tests.test_audit_integrity.EconomicInputTests.test_nonfinite_policy_is_rejected) ... ok
test_impossible_calendar_date_rejected (tests.test_audit_integrity.QuoteContractTests.test_impossible_calendar_date_rejected) ... ok
test_malformed_quote_is_counted_without_losing_valid_neighbor (tests.test_audit_integrity.QuoteContractTests.test_malformed_quote_is_counted_without_losing_valid_neighbor) ... ok
test_nonpositive_quote_basis_rejected (tests.test_audit_integrity.QuoteContractTests.test_nonpositive_quote_basis_rejected) ... ok
test_truncated_and_oversized_quotes_rejected (tests.test_audit_integrity.QuoteContractTests.test_truncated_and_oversized_quotes_rejected) ... ok
test_empty_snapshot_fails_without_partial_rows (tests.test_audit_integrity.UniverseEvidenceTests.test_empty_snapshot_fails_without_partial_rows) ... ok
test_future_resolution_cannot_reopen_past_universe (tests.test_audit_integrity.UniverseEvidenceTests.test_future_resolution_cannot_reopen_past_universe) ... ok
test_identical_snapshot_is_idempotent (tests.test_audit_integrity.UniverseEvidenceTests.test_identical_snapshot_is_idempotent) ... ok
test_legacy_replay_keeps_latest_resolution_policy_explicitly (tests.test_audit_integrity.UniverseEvidenceTests.test_legacy_replay_keeps_latest_resolution_policy_explicitly) ... ok
test_resolution_before_cutoff_reopens_instrument (tests.test_audit_integrity.UniverseEvidenceTests.test_resolution_before_cutoff_reopens_instrument) ... ok
test_same_day_resolution_is_outside_strict_before_cutoff (tests.test_audit_integrity.UniverseEvidenceTests.test_same_day_resolution_is_outside_strict_before_cutoff) ... ok
test_same_members_with_changed_evidence_cannot_rewrite_snapshot (tests.test_audit_integrity.UniverseEvidenceTests.test_same_members_with_changed_evidence_cannot_rewrite_snapshot) ... ok
test_snapshot_conflict_fails_without_appending_members (tests.test_audit_integrity.UniverseEvidenceTests.test_snapshot_conflict_fails_without_appending_members) ... ok
test_snapshot_does_not_commit_callers_transaction (tests.test_audit_integrity.UniverseEvidenceTests.test_snapshot_does_not_commit_callers_transaction) ... ok
test_unknown_source_does_not_become_primary_by_default (tests.test_audit_integrity.UniverseEvidenceTests.test_unknown_source_does_not_become_primary_by_default) ... ok

----------------------------------------------------------------------
Ran 18 tests in 0.033s

OK
