2026-09-10T20:27:34.2541341Z Current runner version: '2.337.0'
2026-09-10T20:27:34.2564931Z ##[group]Runner Image Provisioner
2026-09-10T20:27:34.2566092Z Hosted Compute Agent
2026-09-10T20:27:34.2566664Z Version: 20260828.587
2026-09-10T20:27:34.2567272Z Commit: abac92662cab4cc7352de4f9f9d2e2419aad9c29
2026-09-10T20:27:34.2567934Z Build Date: 2026-08-28T16:44:25Z
2026-09-10T20:27:34.2568674Z Worker ID: {6712fdda-48a0-4f3e-aedc-3354235e954d}
2026-09-10T20:27:34.2569392Z Azure Region: southcentralus
2026-09-10T20:27:34.2569938Z ##[endgroup]
2026-09-10T20:27:34.2571430Z ##[group]Operating System
2026-09-10T20:27:34.2571993Z Ubuntu
2026-09-10T20:27:34.2572451Z 24.04.5
2026-09-10T20:27:34.2572950Z LTS
2026-09-10T20:27:34.2573401Z ##[endgroup]
2026-09-10T20:27:34.2573874Z ##[group]Runner Image
2026-09-10T20:27:34.2574439Z Image: ubuntu-24.04
2026-09-10T20:27:34.2574971Z Version: 20260907.300.1
2026-09-10T20:27:34.2576089Z Included Software: https://github.com/actions/runner-images/blob/ubuntu24/20260907.300/images/ubuntu/Ubuntu2404-Readme.md
2026-09-10T20:27:34.2577429Z Image Release: https://github.com/actions/runner-images/releases/tag/ubuntu24%2F20260907.300
2026-09-10T20:27:34.2578342Z ##[endgroup]
2026-09-10T20:27:34.2579629Z ##[group]GITHUB_TOKEN Permissions
2026-09-10T20:27:34.2581855Z Contents: read
2026-09-10T20:27:34.2582391Z Metadata: read
2026-09-10T20:27:34.2582925Z ##[endgroup]
2026-09-10T20:27:34.2584887Z Secret source: Actions
2026-09-10T20:27:34.2585822Z Cache mode: write
2026-09-10T20:27:34.2586434Z Prepare workflow directory
2026-09-10T20:27:34.2952716Z Prepare all required actions
2026-09-10T20:27:34.2999951Z Getting action download info
2026-09-10T20:27:34.5983689Z Download action repository 'actions/checkout@3d3c42e5aac5ba805825da76410c181273ba90b1' (SHA:3d3c42e5aac5ba805825da76410c181273ba90b1)
2026-09-10T20:27:34.7045850Z Download action repository 'gitleaks/gitleaks-action@e0c47f4f8be36e29cdc102c57e68cb5cbf0e8d1e' (SHA:e0c47f4f8be36e29cdc102c57e68cb5cbf0e8d1e)
2026-09-10T20:27:35.2240640Z Download action repository 'actions/upload-artifact@ea165f8d65b6e75b540449e92b4886f43607fa02' (SHA:ea165f8d65b6e75b540449e92b4886f43607fa02)
2026-09-10T20:27:35.4064161Z Complete job name: secrets
2026-09-10T20:27:35.4921704Z ##[group]Run actions/checkout@3d3c42e5aac5ba805825da76410c181273ba90b1
2026-09-10T20:27:35.4922815Z with:
2026-09-10T20:27:35.4923288Z   fetch-depth: 0
2026-09-10T20:27:35.4923844Z   repository: leonardosovienski/stocks-predictor
2026-09-10T20:27:35.4928065Z   token: ***
2026-09-10T20:27:35.4928910Z   ssh-strict: true
2026-09-10T20:27:35.4929403Z   ssh-user: git
2026-09-10T20:27:35.4929896Z   persist-credentials: true
2026-09-10T20:27:35.4930438Z   clean: true
2026-09-10T20:27:35.4930932Z   sparse-checkout-cone-mode: true
2026-09-10T20:27:35.4931513Z   fetch-tags: false
2026-09-10T20:27:35.4931998Z   show-progress: true
2026-09-10T20:27:35.4932507Z   lfs: false
2026-09-10T20:27:35.4932972Z   submodules: false
2026-09-10T20:27:35.4933464Z   set-safe-directory: true
2026-09-10T20:27:35.4934024Z   allow-unsafe-pr-checkout: false
2026-09-10T20:27:35.4934939Z ##[endgroup]
2026-09-10T20:27:35.5922086Z Syncing repository: leonardosovienski/stocks-predictor
2026-09-10T20:27:35.5925599Z ##[group]Getting Git version info
2026-09-10T20:27:35.5927275Z Working directory is '/home/runner/work/stocks-predictor/stocks-predictor'
2026-09-10T20:27:35.5929964Z [command]/usr/bin/git version
2026-09-10T20:27:35.5944361Z git version 2.55.0
2026-09-10T20:27:35.5963817Z ##[endgroup]
2026-09-10T20:27:35.5972931Z Temporarily overriding HOME='/home/runner/work/_temp/d74e1a93-bc3c-42fb-bdcc-3da2b98b7346' before making global git config changes
2026-09-10T20:27:35.5975931Z Adding repository directory to the temporary git global config as a safe directory
2026-09-10T20:27:35.5978873Z [command]/usr/bin/git config --global --add safe.directory /home/runner/work/stocks-predictor/stocks-predictor
2026-09-10T20:27:35.6023928Z Deleting the contents of '/home/runner/work/stocks-predictor/stocks-predictor'
2026-09-10T20:27:35.6027160Z ##[group]Determining repository object format
2026-09-10T20:27:35.6029458Z ##[endgroup]
2026-09-10T20:27:35.6030528Z ##[group]Initializing the repository
2026-09-10T20:27:35.6035187Z [command]/usr/bin/git init /home/runner/work/stocks-predictor/stocks-predictor
2026-09-10T20:27:35.6154694Z hint: Using 'master' as the name for the initial branch. This default branch name
2026-09-10T20:27:35.6157656Z hint: will change to "main" in Git 3.0. To configure the initial branch name
2026-09-10T20:27:35.6160291Z hint: to use in all of your new repositories, which will suppress this warning,
2026-09-10T20:27:35.6162126Z hint: call:
2026-09-10T20:27:35.6163166Z hint:
2026-09-10T20:27:35.6164449Z hint: 	git config --global init.defaultBranch <name>
2026-09-10T20:27:35.6165953Z hint:
2026-09-10T20:27:35.6167378Z hint: Names commonly chosen instead of 'master' are 'main', 'trunk' and
2026-09-10T20:27:35.6169038Z hint: 'development'. The just-created branch can be renamed via this command:
2026-09-10T20:27:35.6170987Z hint:
2026-09-10T20:27:35.6172140Z hint: 	git branch -m <name>
2026-09-10T20:27:35.6173170Z hint:
2026-09-10T20:27:35.6174701Z hint: Disable this message with "git config set advice.defaultBranchName false"
2026-09-10T20:27:35.6177355Z Initialized empty Git repository in /home/runner/work/stocks-predictor/stocks-predictor/.git/
2026-09-10T20:27:35.6182159Z [command]/usr/bin/git remote add origin https://github.com/leonardosovienski/stocks-predictor
2026-09-10T20:27:35.6209911Z ##[endgroup]
2026-09-10T20:27:35.6210790Z ##[group]Disabling automatic garbage collection
2026-09-10T20:27:35.6214109Z [command]/usr/bin/git config --local gc.auto 0
2026-09-10T20:27:35.6242208Z ##[endgroup]
2026-09-10T20:27:35.6243377Z ##[group]Setting up auth
2026-09-10T20:27:35.6243990Z Removing SSH command configuration
2026-09-10T20:27:35.6249069Z [command]/usr/bin/git config --local --name-only --get-regexp core\.sshCommand
2026-09-10T20:27:35.6279041Z [command]/usr/bin/git submodule foreach --recursive sh -c "git config --local --name-only --get-regexp 'core\.sshCommand' && git config --local --unset-all 'core.sshCommand' || :"
2026-09-10T20:27:35.6588642Z Removing HTTP extra header
2026-09-10T20:27:35.6596817Z [command]/usr/bin/git config --local --name-only --get-regexp http\.https\:\/\/github\.com\/\.extraheader
2026-09-10T20:27:35.6627728Z [command]/usr/bin/git submodule foreach --recursive sh -c "git config --local --name-only --get-regexp 'http\.https\:\/\/github\.com\/\.extraheader' && git config --local --unset-all 'http.https://github.com/.extraheader' || :"
2026-09-10T20:27:35.6831415Z Removing includeIf entries pointing to credentials config files
2026-09-10T20:27:35.6835824Z [command]/usr/bin/git config --local --name-only --get-regexp ^includeIf\.gitdir:
2026-09-10T20:27:35.6868252Z [command]/usr/bin/git submodule foreach --recursive git config --local --show-origin --name-only --get-regexp remote.origin.url
2026-09-10T20:27:35.7046665Z [command]/usr/bin/git config --file /home/runner/work/_temp/git-credentials-f6f3cce8-2f8b-4ea5-aa44-c063eec7eb49.config http.https://github.com/.extraheader AUTHORIZATION: basic ***
2026-09-10T20:27:35.7077311Z [command]/usr/bin/git config --local includeIf.gitdir:/home/runner/work/stocks-predictor/stocks-predictor/.git.path /home/runner/work/_temp/git-credentials-f6f3cce8-2f8b-4ea5-aa44-c063eec7eb49.config
2026-09-10T20:27:35.7101077Z [command]/usr/bin/git config --local includeIf.gitdir:/home/runner/work/stocks-predictor/stocks-predictor/.git/worktrees/*.path /home/runner/work/_temp/git-credentials-f6f3cce8-2f8b-4ea5-aa44-c063eec7eb49.config
2026-09-10T20:27:35.7128387Z [command]/usr/bin/git config --local includeIf.gitdir:/github/workspace/.git.path /github/runner_temp/git-credentials-f6f3cce8-2f8b-4ea5-aa44-c063eec7eb49.config
2026-09-10T20:27:35.7153456Z [command]/usr/bin/git config --local includeIf.gitdir:/github/workspace/.git/worktrees/*.path /github/runner_temp/git-credentials-f6f3cce8-2f8b-4ea5-aa44-c063eec7eb49.config
2026-09-10T20:27:35.7176245Z ##[endgroup]
2026-09-10T20:27:35.7177086Z ##[group]Fetching the repository
2026-09-10T20:27:35.7182524Z [command]/usr/bin/git -c protocol.version=2 fetch --no-tags --prune --no-recurse-submodules origin +refs/heads/*:refs/remotes/origin/* +refs/tags/*:refs/tags/*
2026-09-10T20:27:37.6153699Z From https://github.com/leonardosovienski/stocks-predictor
2026-09-10T20:27:37.6154681Z  * [new branch]      audit/integral-20260910 -> origin/audit/integral-20260910
2026-09-10T20:27:37.6155765Z  * [new branch]      docs/publish-audit-handoff-20260909 -> origin/docs/publish-audit-handoff-20260909
2026-09-10T20:27:37.6156887Z  * [new branch]      fix/completion-r7-20260910 -> origin/fix/completion-r7-20260910
2026-09-10T20:27:37.6157844Z  * [new branch]      fix/data-source-gaps-r6-20260910 -> origin/fix/data-source-gaps-r6-20260910
2026-09-10T20:27:37.6158805Z  * [new branch]      fix/infrastructure-ingestion-20260910 -> origin/fix/infrastructure-ingestion-20260910
2026-09-10T20:27:37.6159550Z  * [new branch]      fix/operational-infra-r8-20260910 -> origin/fix/operational-infra-r8-20260910
2026-09-10T20:27:37.6160502Z  * [new branch]      fix/scan-merged-tree-r8-20260910 -> origin/fix/scan-merged-tree-r8-20260910
2026-09-10T20:27:37.6161127Z  * [new branch]      main                    -> origin/main
2026-09-10T20:27:37.6161795Z  * [new branch]      research/profit-validation-r5-20260910 -> origin/research/profit-validation-r5-20260910
2026-09-10T20:27:37.6163401Z [command]/usr/bin/git branch --list --remote origin/main
2026-09-10T20:27:37.6185449Z   origin/main
2026-09-10T20:27:37.6191899Z [command]/usr/bin/git rev-parse refs/remotes/origin/main
2026-09-10T20:27:37.6213397Z 0742bfc6fc1f33edabf00aaea73b54435f415bfa
2026-09-10T20:27:37.6216165Z ##[endgroup]
2026-09-10T20:27:37.6216969Z ##[group]Determining the checkout info
2026-09-10T20:27:37.6217777Z ##[endgroup]
2026-09-10T20:27:37.6222562Z [command]/usr/bin/git sparse-checkout disable
2026-09-10T20:27:37.6270156Z [command]/usr/bin/git config --local --unset-all extensions.worktreeConfig
2026-09-10T20:27:37.6295581Z ##[group]Checking out the ref
2026-09-10T20:27:37.6299358Z [command]/usr/bin/git checkout --progress --force -B main refs/remotes/origin/main
2026-09-10T20:27:37.9529403Z Switched to a new branch 'main'
2026-09-10T20:27:37.9535599Z branch 'main' set up to track 'origin/main'.
2026-09-10T20:27:37.9551382Z ##[endgroup]
2026-09-10T20:27:37.9590619Z [command]/usr/bin/git log -1 --format=%H
2026-09-10T20:27:37.9611947Z 0742bfc6fc1f33edabf00aaea73b54435f415bfa
2026-09-10T20:27:37.9798934Z ##[group]Run gitleaks/gitleaks-action@e0c47f4f8be36e29cdc102c57e68cb5cbf0e8d1e
2026-09-10T20:27:37.9799356Z env:
2026-09-10T20:27:37.9801980Z   GITHUB_TOKEN: ***
2026-09-10T20:27:37.9802235Z   GITLEAKS_VERSION: 8.24.3
2026-09-10T20:27:37.9802515Z   GITLEAKS_ENABLE_COMMENTS: false
2026-09-10T20:27:37.9802763Z ##[endgroup]
2026-09-10T20:27:38.1437831Z (node:2181) [DEP0040] DeprecationWarning: The `punycode` module is deprecated. Please use a userland alternative instead.
2026-09-10T20:27:38.1438718Z (Use `node --trace-deprecation ...` to show where the warning was created)
2026-09-10T20:27:38.1561482Z (node:2181) [DEP0169] DeprecationWarning: `url.parse()` behavior is not standardized and prone to errors that have security implications. Use the WHATWG URL API instead. CVEs are not issued for `url.parse()` vulnerabilities.
2026-09-10T20:27:38.4646962Z [leonardosovienski] is an individual user. No license key is required.
2026-09-10T20:27:38.4647883Z gitleaks version: 8.24.3
2026-09-10T20:27:38.4650303Z Version to install: 8.24.3 (target directory: /tmp/gitleaks-8.24.3)
2026-09-10T20:27:38.6456154Z Cache hit for: gitleaks-cache-8.24.3-linux-x64
2026-09-10T20:27:39.2485371Z Received 5712917 of 5712917 (100.0%), 11.9 MBs/sec
2026-09-10T20:27:39.2486931Z Cache Size: ~5 MB (5712917 B)
2026-09-10T20:27:39.2515116Z [command]/usr/bin/tar -xf /home/runner/work/_temp/8daefced-eb9e-4265-8aef-46e1310d2d80/cache.tzst -P -C /home/runner/work/stocks-predictor/stocks-predictor --use-compress-program unzstd
2026-09-10T20:27:39.2825728Z Cache restored successfully
2026-09-10T20:27:39.2831140Z Gitleaks restored from cache
2026-09-10T20:27:39.2833611Z event type: push
2026-09-10T20:27:39.2836525Z gitleaks cmd: gitleaks detect --redact -v --exit-code=2 --report-format=sarif --report-path=results.sarif --log-level=debug --log-opts=--no-merges --first-parent 09edef1f0154022c4e211058f150d624fd50c51d^..0742bfc6fc1f33edabf00aaea73b54435f415bfa
2026-09-10T20:27:39.2851564Z [command]/tmp/gitleaks-8.24.3/gitleaks detect --redact -v --exit-code=2 --report-format=sarif --report-path=results.sarif --log-level=debug --log-opts=--no-merges --first-parent 09edef1f0154022c4e211058f150d624fd50c51d^..0742bfc6fc1f33edabf00aaea73b54435f415bfa
2026-09-10T20:27:39.5575972Z 
2026-09-10T20:27:39.5577095Z     ○
2026-09-10T20:27:39.5577533Z     │╲
2026-09-10T20:27:39.5577883Z     │ ○
2026-09-10T20:27:39.5578104Z     ○ ░
2026-09-10T20:27:39.5578319Z     ░    gitleaks
2026-09-10T20:27:39.5578637Z 
2026-09-10T20:27:39.5578946Z [90m8:27PM[0m DBG using github.com/wasilibs/go-re2 regex engine
2026-09-10T20:27:39.5579624Z [90m8:27PM[0m DBG using existing gitleaks config .gitleaks.toml from `(--source)/.gitleaks.toml`
2026-09-10T20:27:39.6925820Z [90m8:27PM[0m DBG extending config with default config
2026-09-10T20:27:39.6933701Z [90m8:27PM[0m DBG found .gitleaksignore file: .gitleaksignore
2026-09-10T20:27:39.6934540Z [90m8:27PM[0m DBG found .gitleaksignore file: .gitleaksignore
2026-09-10T20:27:39.6936020Z [90m8:27PM[0m DBG executing: /usr/bin/git -C . log -p -U0 --no-merges --first-parent 09edef1f0154022c4e211058f150d624fd50c51d^..0742bfc6fc1f33edabf00aaea73b54435f415bfa
2026-09-10T20:27:39.6976654Z [90m8:27PM[0m DBG SCM platform parsed from host [36mhost=[0mgithub.com [36mplatform=[0mgithub
2026-09-10T20:27:39.6977712Z [90m8:27PM[0m [32mINF[0m [1m0 commits scanned.[0m
2026-09-10T20:27:39.6979008Z [90m8:27PM[0m DBG Note: this number might be smaller than expected due to commits with no additions
2026-09-10T20:27:39.6980119Z [90m8:27PM[0m [32mINF[0m [1mscanned ~0 bytes (0) in 140ms[0m
2026-09-10T20:27:39.6980933Z [90m8:27PM[0m [32mINF[0m [1mno leaks found[0m
2026-09-10T20:27:39.7001893Z Artifact name is valid!
2026-09-10T20:27:39.7002860Z Root directory input is valid!
2026-09-10T20:27:40.0036467Z Beginning upload of artifact content to blob storage
2026-09-10T20:27:40.1708829Z Uploaded bytes 6796
2026-09-10T20:27:40.2175547Z Finished uploading artifact content to blob storage!
2026-09-10T20:27:40.2176924Z SHA256 digest of uploaded artifact zip is 8babb298a11b9f0bd7c434e077dd2300952e96c636423465fef7132375ca9e5e
2026-09-10T20:27:40.2177952Z Finalizing artifact upload
2026-09-10T20:27:40.5450430Z Artifact gitleaks-results.sarif.zip successfully finalized. Artifact ID 10171746416
2026-09-10T20:27:40.5467376Z ✅ No leaks detected
2026-09-10T20:27:40.5594398Z ##[group]Run mkdir "$RUNNER_TEMP/stocks-secret-scan"
2026-09-10T20:27:40.5594919Z [36;1mmkdir "$RUNNER_TEMP/stocks-secret-scan"[0m
2026-09-10T20:27:40.5595419Z [36;1mgit archive HEAD | tar -x -C "$RUNNER_TEMP/stocks-secret-scan"[0m
2026-09-10T20:27:40.5595895Z [36;1mcount=$(git ls-files | wc -l)[0m
2026-09-10T20:27:40.5596169Z [36;1mtest "$count" -gt 0[0m
2026-09-10T20:27:40.5596575Z [36;1mecho "Scanning the complete tracked tree: $count files at $(git rev-parse HEAD)"[0m
2026-09-10T20:27:40.5597578Z [36;1m/tmp/gitleaks-8.24.3/gitleaks detect --no-git --config .gitleaks.toml --source "$RUNNER_TEMP/stocks-secret-scan" --redact --exit-code=2 --report-format=sarif --report-path="$RUNNER_TEMP/stocks-current-tree.sarif"[0m
2026-09-10T20:27:40.5627065Z shell: /usr/bin/bash -e {0}
2026-09-10T20:27:40.5627345Z ##[endgroup]
2026-09-10T20:27:40.9232908Z Scanning the complete tracked tree: 1538 files at 0742bfc6fc1f33edabf00aaea73b54435f415bfa
2026-09-10T20:27:41.2029259Z 
2026-09-10T20:27:41.2029964Z     ○
2026-09-10T20:27:41.2030253Z     │╲
2026-09-10T20:27:41.2030460Z     │ ○
2026-09-10T20:27:41.2030693Z     ○ ░
2026-09-10T20:27:41.2030902Z     ░    gitleaks
2026-09-10T20:27:41.2031045Z 
2026-09-10T20:27:46.2057965Z [90m8:27PM[0m [32mINF[0m [1mscanned ~148855849 bytes (148.86 MB) in 5s[0m
2026-09-10T20:27:46.2059459Z [90m8:27PM[0m [32mINF[0m [1mno leaks found[0m
2026-09-10T20:27:46.2107984Z ##[group]Run python3 - <<'PY'
2026-09-10T20:27:46.2108329Z [36;1mpython3 - <<'PY'[0m
2026-09-10T20:27:46.2108796Z [36;1mimport os[0m
2026-09-10T20:27:46.2109032Z [36;1mfrom pathlib import Path[0m
2026-09-10T20:27:46.2109293Z [36;1mimport secrets[0m
2026-09-10T20:27:46.2109731Z [36;1mtarget = Path(os.environ['RUNNER_TEMP']) / 'stocks-secret-scan/stocks_predictor/trials_gate.py'[0m
2026-09-10T20:27:46.2110266Z [36;1mwith target.open('a', encoding='utf-8') as stream:[0m
2026-09-10T20:27:46.2110693Z [36;1m    stream.write('\napi_key = "' + secrets.token_urlsafe(32) + '"\n')[0m
2026-09-10T20:27:46.2111053Z [36;1mPY[0m
2026-09-10T20:27:46.2111245Z [36;1mset +e[0m
2026-09-10T20:27:46.2112042Z [36;1m/tmp/gitleaks-8.24.3/gitleaks detect --no-git --config .gitleaks.toml --source "$RUNNER_TEMP/stocks-secret-scan" --redact --exit-code=2 --report-format=sarif --report-path="$RUNNER_TEMP/stocks-scan-control.sarif"[0m
2026-09-10T20:27:46.2112904Z [36;1mresult=$?[0m
2026-09-10T20:27:46.2113158Z [36;1mset -e[0m
2026-09-10T20:27:46.2113366Z [36;1mtest "$result" -eq 2[0m
2026-09-10T20:27:46.2113612Z [36;1mpython3 - <<'PY'[0m
2026-09-10T20:27:46.2113840Z [36;1mimport json[0m
2026-09-10T20:27:46.2114048Z [36;1mimport os[0m
2026-09-10T20:27:46.2114275Z [36;1mfrom pathlib import Path[0m
2026-09-10T20:27:46.2114732Z [36;1mreport = json.loads((Path(os.environ['RUNNER_TEMP']) / 'stocks-scan-control.sarif').read_text())[0m
2026-09-10T20:27:46.2115220Z [36;1mfindings = report['runs'][0]['results'][0m
2026-09-10T20:27:46.2115978Z [36;1massert any(item['ruleId'] == 'generic-api-key' and item['locations'][0]['physicalLocation']['artifactLocation']['uri'].endswith('/stocks_predictor/trials_gate.py') for item in findings)[0m
2026-09-10T20:27:46.2116882Z [36;1mprint('PASS: a synthetic credential is detected in the file with an exact import exception')[0m
2026-09-10T20:27:46.2117332Z [36;1mPY[0m
2026-09-10T20:27:46.2138837Z shell: /usr/bin/bash -e {0}
2026-09-10T20:27:46.2139145Z ##[endgroup]
2026-09-10T20:27:46.5878233Z 
2026-09-10T20:27:46.5879123Z     ○
2026-09-10T20:27:46.5879590Z     │╲
2026-09-10T20:27:46.5879968Z     │ ○
2026-09-10T20:27:46.5880363Z     ○ ░
2026-09-10T20:27:46.5880727Z     ░    gitleaks
2026-09-10T20:27:46.5880937Z 
2026-09-10T20:27:51.5846019Z [90m8:27PM[0m [32mINF[0m [1mscanned ~148855906 bytes (148.86 MB) in 5s[0m
2026-09-10T20:27:51.5846515Z [90m8:27PM[0m [33mWRN[0m [1mleaks found: 1[0m
2026-09-10T20:27:51.6088101Z PASS: a synthetic credential is detected in the file with an exact import exception
2026-09-10T20:27:51.6216289Z Node 20 is being deprecated. This workflow is running with Node 24 by default. If you need to temporarily use Node 20, you can set the ACTIONS_ALLOW_USE_UNSECURE_NODE_VERSION=true environment variable. For more information see: https://github.blog/changelog/2025-09-19-deprecation-of-node-20-on-github-actions-runners/
2026-09-10T20:27:51.6217641Z ##[group]Run actions/upload-artifact@ea165f8d65b6e75b540449e92b4886f43607fa02
2026-09-10T20:27:51.6218020Z with:
2026-09-10T20:27:51.6218245Z   name: complete-tree-secrets
2026-09-10T20:27:51.6218962Z   path: /home/runner/work/_temp/stocks-current-tree.sarif
/home/runner/work/_temp/stocks-scan-control.sarif

2026-09-10T20:27:51.6219462Z   retention-days: 30
2026-09-10T20:27:51.6219703Z   if-no-files-found: error
2026-09-10T20:27:51.6219947Z   compression-level: 6
2026-09-10T20:27:51.6220172Z   overwrite: false
2026-09-10T20:27:51.6220386Z   include-hidden-files: false
2026-09-10T20:27:51.6220627Z ##[endgroup]
2026-09-10T20:27:51.7807326Z (node:2246) [DEP0040] DeprecationWarning: The `punycode` module is deprecated. Please use a userland alternative instead.
2026-09-10T20:27:51.7808012Z (Use `node --trace-deprecation ...` to show where the warning was created)
2026-09-10T20:27:51.7869692Z Multiple search paths detected. Calculating the least common ancestor of all paths
2026-09-10T20:27:51.7870877Z The least common ancestor is /home/runner/work/_temp. This will be the root directory of the artifact
2026-09-10T20:27:51.7871483Z With the provided path, there will be 2 files uploaded
2026-09-10T20:27:51.7874928Z Artifact name is valid!
2026-09-10T20:27:51.7875947Z Root directory input is valid!
2026-09-10T20:27:52.0531663Z Beginning upload of artifact content to blob storage
2026-09-10T20:27:52.0757590Z (node:2246) [DEP0169] DeprecationWarning: `url.parse()` behavior is not standardized and prone to errors that have security implications. Use the WHATWG URL API instead. CVEs are not issued for `url.parse()` vulnerabilities.
2026-09-10T20:27:52.2667454Z Uploaded bytes 13726
2026-09-10T20:27:52.3149623Z Finished uploading artifact content to blob storage!
2026-09-10T20:27:52.3150626Z SHA256 digest of uploaded artifact zip is b376d25ec99c5147c4a58734789cc92b0921dcb3d25a18adb6fa85eedddd41b7
2026-09-10T20:27:52.3152901Z Finalizing artifact upload
2026-09-10T20:27:52.5547610Z Artifact complete-tree-secrets.zip successfully finalized. Artifact ID 10171754399
2026-09-10T20:27:52.5548812Z Artifact complete-tree-secrets has been successfully uploaded! Final size is 13726 bytes. Artifact ID is 10171754399
2026-09-10T20:27:52.5556465Z Artifact download URL: https://github.com/leonardosovienski/stocks-predictor/actions/runs/34526489586/artifacts/10171754399
2026-09-10T20:27:52.5723641Z Post job cleanup.
2026-09-10T20:27:52.6494844Z [command]/usr/bin/git version
2026-09-10T20:27:52.6532778Z git version 2.55.0
2026-09-10T20:27:52.6572662Z Temporarily overriding HOME='/home/runner/work/_temp/135e65c5-5015-4df3-832a-447bc19c76e4' before making global git config changes
2026-09-10T20:27:52.6574050Z Adding repository directory to the temporary git global config as a safe directory
2026-09-10T20:27:52.6579138Z [command]/usr/bin/git config --global --add safe.directory /home/runner/work/stocks-predictor/stocks-predictor
2026-09-10T20:27:52.6607010Z Removing SSH command configuration
2026-09-10T20:27:52.6613218Z [command]/usr/bin/git config --local --name-only --get-regexp core\.sshCommand
2026-09-10T20:27:52.6644820Z [command]/usr/bin/git submodule foreach --recursive sh -c "git config --local --name-only --get-regexp 'core\.sshCommand' && git config --local --unset-all 'core.sshCommand' || :"
2026-09-10T20:27:52.6841553Z Removing HTTP extra header
2026-09-10T20:27:52.6848042Z [command]/usr/bin/git config --local --name-only --get-regexp http\.https\:\/\/github\.com\/\.extraheader
2026-09-10T20:27:52.6880564Z [command]/usr/bin/git submodule foreach --recursive sh -c "git config --local --name-only --get-regexp 'http\.https\:\/\/github\.com\/\.extraheader' && git config --local --unset-all 'http.https://github.com/.extraheader' || :"
2026-09-10T20:27:52.7073547Z Removing includeIf entries pointing to credentials config files
2026-09-10T20:27:52.7082867Z [command]/usr/bin/git config --local --name-only --get-regexp ^includeIf\.gitdir:
2026-09-10T20:27:52.7111523Z includeif.gitdir:/home/runner/work/stocks-predictor/stocks-predictor/.git.path
2026-09-10T20:27:52.7112169Z includeif.gitdir:/home/runner/work/stocks-predictor/stocks-predictor/.git/worktrees/*.path
2026-09-10T20:27:52.7112662Z includeif.gitdir:/github/workspace/.git.path
2026-09-10T20:27:52.7203775Z includeif.gitdir:/github/workspace/.git/worktrees/*.path
2026-09-10T20:27:52.7269182Z [command]/usr/bin/git config --local --get-all includeif.gitdir:/home/runner/work/stocks-predictor/stocks-predictor/.git.path
2026-09-10T20:27:52.7270144Z /home/runner/work/_temp/git-credentials-f6f3cce8-2f8b-4ea5-aa44-c063eec7eb49.config
2026-09-10T20:27:52.7272091Z [command]/usr/bin/git config --local --unset includeif.gitdir:/home/runner/work/stocks-predictor/stocks-predictor/.git.path \/home\/runner\/work\/_temp\/git\-credentials\-f6f3cce8\-2f8b\-4ea5\-aa44\-c063eec7eb49\.config
2026-09-10T20:27:52.7273771Z [command]/usr/bin/git config --local --get-all includeif.gitdir:/home/runner/work/stocks-predictor/stocks-predictor/.git/worktrees/*.path
2026-09-10T20:27:52.7274886Z /home/runner/work/_temp/git-credentials-f6f3cce8-2f8b-4ea5-aa44-c063eec7eb49.config
2026-09-10T20:27:52.7276505Z [command]/usr/bin/git config --local --unset includeif.gitdir:/home/runner/work/stocks-predictor/stocks-predictor/.git/worktrees/*.path \/home\/runner\/work\/_temp\/git\-credentials\-f6f3cce8\-2f8b\-4ea5\-aa44\-c063eec7eb49\.config
2026-09-10T20:27:52.7300684Z [command]/usr/bin/git config --local --get-all includeif.gitdir:/github/workspace/.git.path
2026-09-10T20:27:52.7319805Z /github/runner_temp/git-credentials-f6f3cce8-2f8b-4ea5-aa44-c063eec7eb49.config
2026-09-10T20:27:52.7326007Z [command]/usr/bin/git config --local --unset includeif.gitdir:/github/workspace/.git.path \/github\/runner_temp\/git\-credentials\-f6f3cce8\-2f8b\-4ea5\-aa44\-c063eec7eb49\.config
2026-09-10T20:27:52.7365467Z [command]/usr/bin/git config --local --get-all includeif.gitdir:/github/workspace/.git/worktrees/*.path
2026-09-10T20:27:52.7385176Z /github/runner_temp/git-credentials-f6f3cce8-2f8b-4ea5-aa44-c063eec7eb49.config
2026-09-10T20:27:52.7392315Z [command]/usr/bin/git config --local --unset includeif.gitdir:/github/workspace/.git/worktrees/*.path \/github\/runner_temp\/git\-credentials\-f6f3cce8\-2f8b\-4ea5\-aa44\-c063eec7eb49\.config
2026-09-10T20:27:52.7422053Z [command]/usr/bin/git submodule foreach --recursive git config --local --show-origin --name-only --get-regexp remote.origin.url
2026-09-10T20:27:52.7612546Z Removing credentials config '/home/runner/work/_temp/git-credentials-f6f3cce8-2f8b-4ea5-aa44-c063eec7eb49.config'
2026-09-10T20:27:52.7737015Z Cleaning up orphan processes
2026-09-10T20:27:52.7977065Z ##[warning]Node.js 20 is deprecated. The following actions target Node.js 20 but are being forced to run on Node.js 24: actions/upload-artifact@ea165f8d65b6e75b540449e92b4886f43607fa02. For more information see: https://github.blog/changelog/2025-09-19-deprecation-of-node-20-on-github-actions-runners/

