2026-09-09T21:47:35.2202187Z Current runner version: '2.337.0'
2026-09-09T21:47:35.2227977Z ##[group]Runner Image Provisioner
2026-09-09T21:47:35.2228956Z Hosted Compute Agent
2026-09-09T21:47:35.2229551Z Version: 20260828.587
2026-09-09T21:47:35.2230282Z Commit: abac92662cab4cc7352de4f9f9d2e2419aad9c29
2026-09-09T21:47:35.2231051Z Build Date: 2026-08-28T16:44:25Z
2026-09-09T21:47:35.2231750Z Worker ID: {93b1d0de-9091-462d-a3ff-97f9b9dfa811}
2026-09-09T21:47:35.2232531Z Azure Region: centralus
2026-09-09T21:47:35.2233199Z ##[endgroup]
2026-09-09T21:47:35.2235260Z ##[group]Operating System
2026-09-09T21:47:35.2235940Z Ubuntu
2026-09-09T21:47:35.2236470Z 24.04.4
2026-09-09T21:47:35.2237040Z LTS
2026-09-09T21:47:35.2237569Z ##[endgroup]
2026-09-09T21:47:35.2238146Z ##[group]Runner Image
2026-09-09T21:47:35.2238831Z Image: ubuntu-24.04
2026-09-09T21:47:35.2239411Z Version: 20260831.293.1
2026-09-09T21:47:35.2240708Z Included Software: https://github.com/actions/runner-images/blob/ubuntu24/20260831.293/images/ubuntu/Ubuntu2404-Readme.md
2026-09-09T21:47:35.2242307Z Image Release: https://github.com/actions/runner-images/releases/tag/ubuntu24%2F20260831.293
2026-09-09T21:47:35.2243423Z ##[endgroup]
2026-09-09T21:47:35.2245046Z ##[group]GITHUB_TOKEN Permissions
2026-09-09T21:47:35.2247025Z Contents: read
2026-09-09T21:47:35.2247693Z Metadata: read
2026-09-09T21:47:35.2248432Z ##[endgroup]
2026-09-09T21:47:35.2251106Z Secret source: Actions
2026-09-09T21:47:35.2252141Z Cache mode: write
2026-09-09T21:47:35.2253100Z Prepare workflow directory
2026-09-09T21:47:35.2590185Z Prepare all required actions
2026-09-09T21:47:35.2637724Z Getting action download info
2026-09-09T21:47:35.5936300Z Download action repository 'actions/checkout@v7' (SHA:3d3c42e5aac5ba805825da76410c181273ba90b1)
2026-09-09T21:47:35.7577763Z Download action repository 'astral-sh/setup-uv@v7' (SHA:37802adc94f370d6bfd71619e3f0bf239e1f3b78)
2026-09-09T21:47:36.2415363Z Download action repository 'actions/setup-python@v7' (SHA:5fda3b95a4ea91299a34e894583c3862153e4b97)
2026-09-09T21:47:36.4213578Z Complete job name: Quality / Python 3.13
2026-09-09T21:47:36.5038975Z ##[group]Run actions/checkout@v7
2026-09-09T21:47:36.5040105Z with:
2026-09-09T21:47:36.5040766Z   repository: leonardosovienski/stocks-predictor
2026-09-09T21:47:36.5045287Z   token: ***
2026-09-09T21:47:36.5045906Z   ssh-strict: true
2026-09-09T21:47:36.5046572Z   ssh-user: git
2026-09-09T21:47:36.5047182Z   persist-credentials: true
2026-09-09T21:47:36.5047849Z   clean: true
2026-09-09T21:47:36.5048483Z   sparse-checkout-cone-mode: true
2026-09-09T21:47:36.5049148Z   fetch-depth: 1
2026-09-09T21:47:36.5049688Z   fetch-tags: false
2026-09-09T21:47:36.5050328Z   show-progress: true
2026-09-09T21:47:36.5050924Z   lfs: false
2026-09-09T21:47:36.5051551Z   submodules: false
2026-09-09T21:47:36.5052156Z   set-safe-directory: true
2026-09-09T21:47:36.5052827Z   allow-unsafe-pr-checkout: false
2026-09-09T21:47:36.5054138Z ##[endgroup]
2026-09-09T21:47:36.6109982Z Syncing repository: leonardosovienski/stocks-predictor
2026-09-09T21:47:36.6112685Z ##[group]Getting Git version info
2026-09-09T21:47:36.6114626Z Working directory is '/home/runner/work/stocks-predictor/stocks-predictor'
2026-09-09T21:47:36.6116376Z [command]/usr/bin/git version
2026-09-09T21:47:36.6180431Z git version 2.55.0
2026-09-09T21:47:36.6208893Z ##[endgroup]
2026-09-09T21:47:36.6223302Z Temporarily overriding HOME='/home/runner/work/_temp/3f74320c-28ed-4ab5-94de-dcdfa35f971a' before making global git config changes
2026-09-09T21:47:36.6225519Z Adding repository directory to the temporary git global config as a safe directory
2026-09-09T21:47:36.6229974Z [command]/usr/bin/git config --global --add safe.directory /home/runner/work/stocks-predictor/stocks-predictor
2026-09-09T21:47:36.6282295Z Deleting the contents of '/home/runner/work/stocks-predictor/stocks-predictor'
2026-09-09T21:47:36.6285103Z ##[group]Determining repository object format
2026-09-09T21:47:36.6287270Z ##[endgroup]
2026-09-09T21:47:36.6288931Z ##[group]Initializing the repository
2026-09-09T21:47:36.6291737Z [command]/usr/bin/git init /home/runner/work/stocks-predictor/stocks-predictor
2026-09-09T21:47:36.6397592Z hint: Using 'master' as the name for the initial branch. This default branch name
2026-09-09T21:47:36.6399946Z hint: will change to "main" in Git 3.0. To configure the initial branch name
2026-09-09T21:47:36.6402597Z hint: to use in all of your new repositories, which will suppress this warning,
2026-09-09T21:47:36.6404627Z hint: call:
2026-09-09T21:47:36.6405673Z hint:
2026-09-09T21:47:36.6406582Z hint: 	git config --global init.defaultBranch <name>
2026-09-09T21:47:36.6407943Z hint:
2026-09-09T21:47:36.6408844Z hint: Names commonly chosen instead of 'master' are 'main', 'trunk' and
2026-09-09T21:47:36.6410045Z hint: 'development'. The just-created branch can be renamed via this command:
2026-09-09T21:47:36.6411139Z hint:
2026-09-09T21:47:36.6411765Z hint: 	git branch -m <name>
2026-09-09T21:47:36.6412630Z hint:
2026-09-09T21:47:36.6414275Z hint: Disable this message with "git config set advice.defaultBranchName false"
2026-09-09T21:47:36.6415802Z Initialized empty Git repository in /home/runner/work/stocks-predictor/stocks-predictor/.git/
2026-09-09T21:47:36.6418422Z [command]/usr/bin/git remote add origin https://github.com/leonardosovienski/stocks-predictor
2026-09-09T21:47:36.6472117Z ##[endgroup]
2026-09-09T21:47:36.6473490Z ##[group]Disabling automatic garbage collection
2026-09-09T21:47:36.6475465Z [command]/usr/bin/git config --local gc.auto 0
2026-09-09T21:47:36.6512764Z ##[endgroup]
2026-09-09T21:47:36.6514677Z ##[group]Setting up auth
2026-09-09T21:47:36.6516053Z Removing SSH command configuration
2026-09-09T21:47:36.6526694Z [command]/usr/bin/git config --local --name-only --get-regexp core\.sshCommand
2026-09-09T21:47:36.6565164Z [command]/usr/bin/git submodule foreach --recursive sh -c "git config --local --name-only --get-regexp 'core\.sshCommand' && git config --local --unset-all 'core.sshCommand' || :"
2026-09-09T21:47:36.6941229Z Removing HTTP extra header
2026-09-09T21:47:36.6947854Z [command]/usr/bin/git config --local --name-only --get-regexp http\.https\:\/\/github\.com\/\.extraheader
2026-09-09T21:47:36.6989169Z [command]/usr/bin/git submodule foreach --recursive sh -c "git config --local --name-only --get-regexp 'http\.https\:\/\/github\.com\/\.extraheader' && git config --local --unset-all 'http.https://github.com/.extraheader' || :"
2026-09-09T21:47:36.7212954Z Removing includeIf entries pointing to credentials config files
2026-09-09T21:47:36.7217482Z [command]/usr/bin/git config --local --name-only --get-regexp ^includeIf\.gitdir:
2026-09-09T21:47:36.7251862Z [command]/usr/bin/git submodule foreach --recursive git config --local --show-origin --name-only --get-regexp remote.origin.url
2026-09-09T21:47:36.7478457Z [command]/usr/bin/git config --file /home/runner/work/_temp/git-credentials-2c74a174-550a-4173-bfc7-09b9a80ac8f7.config http.https://github.com/.extraheader AUTHORIZATION: basic ***
2026-09-09T21:47:36.7518484Z [command]/usr/bin/git config --local includeIf.gitdir:/home/runner/work/stocks-predictor/stocks-predictor/.git.path /home/runner/work/_temp/git-credentials-2c74a174-550a-4173-bfc7-09b9a80ac8f7.config
2026-09-09T21:47:36.7550903Z [command]/usr/bin/git config --local includeIf.gitdir:/home/runner/work/stocks-predictor/stocks-predictor/.git/worktrees/*.path /home/runner/work/_temp/git-credentials-2c74a174-550a-4173-bfc7-09b9a80ac8f7.config
2026-09-09T21:47:36.7587497Z [command]/usr/bin/git config --local includeIf.gitdir:/github/workspace/.git.path /github/runner_temp/git-credentials-2c74a174-550a-4173-bfc7-09b9a80ac8f7.config
2026-09-09T21:47:36.7621541Z [command]/usr/bin/git config --local includeIf.gitdir:/github/workspace/.git/worktrees/*.path /github/runner_temp/git-credentials-2c74a174-550a-4173-bfc7-09b9a80ac8f7.config
2026-09-09T21:47:36.7652369Z ##[endgroup]
2026-09-09T21:47:36.7654749Z ##[group]Fetching the repository
2026-09-09T21:47:36.7658605Z [command]/usr/bin/git -c protocol.version=2 fetch --no-tags --prune --no-recurse-submodules --depth=1 origin +7b74134a499a4d47e34564f618ff0cede0bbf2be:refs/remotes/pull/72/merge
2026-09-09T21:47:38.5993011Z From https://github.com/leonardosovienski/stocks-predictor
2026-09-09T21:47:38.5995308Z  * [new ref]         7b74134a499a4d47e34564f618ff0cede0bbf2be -> pull/72/merge
2026-09-09T21:47:38.5999349Z ##[endgroup]
2026-09-09T21:47:38.6000345Z ##[group]Determining the checkout info
2026-09-09T21:47:38.6001357Z ##[endgroup]
2026-09-09T21:47:38.6005816Z [command]/usr/bin/git sparse-checkout disable
2026-09-09T21:47:38.6057155Z [command]/usr/bin/git config --local --unset-all extensions.worktreeConfig
2026-09-09T21:47:38.6088935Z ##[group]Checking out the ref
2026-09-09T21:47:38.6092769Z [command]/usr/bin/git checkout --progress --force refs/remotes/pull/72/merge
2026-09-09T21:47:38.8142153Z Note: switching to 'refs/remotes/pull/72/merge'.
2026-09-09T21:47:38.8142755Z 
2026-09-09T21:47:38.8143201Z You are in 'detached HEAD' state. You can look around, make experimental
2026-09-09T21:47:38.8144754Z changes and commit them, and you can discard any commits you make in this
2026-09-09T21:47:38.8145871Z state without impacting any branches by switching back to a branch.
2026-09-09T21:47:38.8146475Z 
2026-09-09T21:47:38.8146914Z If you want to create a new branch to retain commits you create, you may
2026-09-09T21:47:38.8147792Z do so (now or later) by using -c with the switch command. Example:
2026-09-09T21:47:38.8148304Z 
2026-09-09T21:47:38.8148540Z   git switch -c <new-branch-name>
2026-09-09T21:47:38.8148888Z 
2026-09-09T21:47:38.8149126Z Or undo this operation with:
2026-09-09T21:47:38.8149445Z 
2026-09-09T21:47:38.8149640Z   git switch -
2026-09-09T21:47:38.8149911Z 
2026-09-09T21:47:38.8150413Z Turn off this advice by setting config variable advice.detachedHead to false
2026-09-09T21:47:38.8151047Z 
2026-09-09T21:47:38.8151743Z HEAD is now at 7b74134 Merge 58154bd38ad373723fb2ae5a97f8bee1afbc8077 into c45c6e1aba148190ee1bd99da87f7a719af3b1b0
2026-09-09T21:47:38.8167744Z ##[endgroup]
2026-09-09T21:47:38.8217271Z [command]/usr/bin/git log -1 --format=%H
2026-09-09T21:47:38.8246064Z 7b74134a499a4d47e34564f618ff0cede0bbf2be
2026-09-09T21:47:38.8540271Z ##[group]Run astral-sh/setup-uv@v7
2026-09-09T21:47:38.8540651Z with:
2026-09-09T21:47:38.8540920Z   version: 0.12.1
2026-09-09T21:47:38.8541204Z   enable-cache: true
2026-09-09T21:47:38.8541519Z   activate-environment: false
2026-09-09T21:47:38.8541981Z   working-directory: /home/runner/work/stocks-predictor/stocks-predictor
2026-09-09T21:47:38.8545034Z   github-token: ***
2026-09-09T21:47:38.8545766Z   cache-dependency-glob: **/*requirements*.txt
**/*requirements*.in
**/*constraints*.txt
**/*constraints*.in
**/pyproject.toml
**/uv.lock
**/*.py.lock

2026-09-09T21:47:38.8546492Z   restore-cache: true
2026-09-09T21:47:38.8546785Z   save-cache: true
2026-09-09T21:47:38.8547069Z   prune-cache: true
2026-09-09T21:47:38.8547352Z   cache-python: false
2026-09-09T21:47:38.8547664Z   ignore-nothing-to-cache: false
2026-09-09T21:47:38.8548014Z   ignore-empty-workdir: false
2026-09-09T21:47:38.8548370Z   add-problem-matchers: true
2026-09-09T21:47:38.8548741Z   resolution-strategy: highest
2026-09-09T21:47:38.8549064Z ##[endgroup]
2026-09-09T21:47:39.0289932Z Fetching version data from https://raw.githubusercontent.com/astral-sh/versions/main/v1/uv.ndjson ...
2026-09-09T21:47:39.1571012Z Downloading uv from "https://releases.astral.sh/github/uv/releases/download/0.12.1/uv-x86_64-unknown-linux-gnu.tar.gz" ...
2026-09-09T21:47:39.4574587Z [command]/usr/bin/tar xz --warning=no-unknown-keyword --overwrite -C /home/runner/work/_temp/421a6df7-7f0c-4b53-95e6-60a4e19e2362 -f /home/runner/work/_temp/a791120f-c3da-4ac7-9532-e076142f7412
2026-09-09T21:47:39.8854686Z Added /home/runner/.local/bin to the path
2026-09-09T21:47:39.8858317Z Added /opt/hostedtoolcache/uv/0.12.1/x86_64 to the path
2026-09-09T21:47:39.8860010Z Set UV_PYTHON_INSTALL_DIR to /home/runner/work/_temp/uv-python-dir
2026-09-09T21:47:39.8860944Z Added /home/runner/work/_temp/uv-python-dir to the path
2026-09-09T21:47:39.8882472Z Set UV_CACHE_DIR to /home/runner/work/_temp/setup-uv-cache
2026-09-09T21:47:39.8883417Z Successfully installed uv version 0.12.1
2026-09-09T21:47:39.9956945Z Searching files using cache dependency glob: /home/runner/work/stocks-predictor/stocks-predictor/**/*requirements*.txt,/home/runner/work/stocks-predictor/stocks-predictor/**/*requirements*.in,/home/runner/work/stocks-predictor/stocks-predictor/**/*constraints*.txt,/home/runner/work/stocks-predictor/stocks-predictor/**/*constraints*.in,/home/runner/work/stocks-predictor/stocks-predictor/**/pyproject.toml,/home/runner/work/stocks-predictor/stocks-predictor/**/uv.lock,/home/runner/work/stocks-predictor/stocks-predictor/**/*.py.lock
2026-09-09T21:47:40.0353245Z /home/runner/work/stocks-predictor/stocks-predictor/pyproject.toml
2026-09-09T21:47:40.0394644Z /home/runner/work/stocks-predictor/stocks-predictor/requirements.txt
2026-09-09T21:47:40.1359283Z /home/runner/work/stocks-predictor/stocks-predictor/uv.lock
2026-09-09T21:47:40.1435525Z Found 3 files to hash.
2026-09-09T21:47:40.1518499Z Trying to restore cache from GitHub Actions cache with key: setup-uv-2-x86_64-unknown-linux-gnu-ubuntu-24.04-unknown-pruned-3880274a06caea3ae11b7b42d5799875f1c87d90878c55e9f6ef46a28f8cbce6
2026-09-09T21:47:40.2645521Z Cache hit for: setup-uv-2-x86_64-unknown-linux-gnu-ubuntu-24.04-unknown-pruned-3880274a06caea3ae11b7b42d5799875f1c87d90878c55e9f6ef46a28f8cbce6
2026-09-09T21:47:40.6308716Z Received 118508 of 118508 (100.0%), 0.6 MBs/sec
2026-09-09T21:47:40.6309620Z Cache Size: ~0 MB (118508 B)
2026-09-09T21:47:40.6339275Z [command]/usr/bin/tar -xf /home/runner/work/_temp/a62dc45c-5de7-4498-8829-b009657c422f/cache.tzst -P -C /home/runner/work/stocks-predictor/stocks-predictor --use-compress-program unzstd
2026-09-09T21:47:40.6441071Z Cache restored successfully
2026-09-09T21:47:40.6445988Z cache restored from GitHub Actions cache with key: setup-uv-2-x86_64-unknown-linux-gnu-ubuntu-24.04-unknown-pruned-3880274a06caea3ae11b7b42d5799875f1c87d90878c55e9f6ef46a28f8cbce6
2026-09-09T21:47:40.7151917Z ##[group]Run actions/setup-python@v7
2026-09-09T21:47:40.7152211Z with:
2026-09-09T21:47:40.7152409Z   python-version: 3.13
2026-09-09T21:47:40.7152637Z   check-latest: false
2026-09-09T21:47:40.7155329Z   token: ***
2026-09-09T21:47:40.7155551Z   update-environment: true
2026-09-09T21:47:40.7155803Z   allow-prereleases: false
2026-09-09T21:47:40.7156034Z   freethreaded: false
2026-09-09T21:47:40.7156242Z env:
2026-09-09T21:47:40.7156500Z   UV_PYTHON_INSTALL_DIR: /home/runner/work/_temp/uv-python-dir
2026-09-09T21:47:40.7156890Z   UV_CACHE_DIR: /home/runner/work/_temp/setup-uv-cache
2026-09-09T21:47:40.7157187Z ##[endgroup]
2026-09-09T21:47:40.8375879Z ##[group]Installed versions
2026-09-09T21:47:40.8472311Z Successfully set up CPython (3.13.15)
2026-09-09T21:47:40.8473215Z ##[endgroup]
2026-09-09T21:47:40.8619095Z ##[group]Run uv sync --all-extras --python 3.13
2026-09-09T21:47:40.8619528Z [36;1muv sync --all-extras --python 3.13[0m
2026-09-09T21:47:40.8801041Z shell: /usr/bin/bash -e {0}
2026-09-09T21:47:40.8801541Z env:
2026-09-09T21:47:40.8802044Z   UV_PYTHON_INSTALL_DIR: /home/runner/work/_temp/uv-python-dir
2026-09-09T21:47:40.8802616Z   UV_CACHE_DIR: /home/runner/work/_temp/setup-uv-cache
2026-09-09T21:47:40.8803009Z   pythonLocation: /opt/hostedtoolcache/Python/3.13.15/x64
2026-09-09T21:47:40.8803442Z   PKG_CONFIG_PATH: /opt/hostedtoolcache/Python/3.13.15/x64/lib/pkgconfig
2026-09-09T21:47:40.8804201Z   Python_ROOT_DIR: /opt/hostedtoolcache/Python/3.13.15/x64
2026-09-09T21:47:40.8804696Z   Python2_ROOT_DIR: /opt/hostedtoolcache/Python/3.13.15/x64
2026-09-09T21:47:40.8805169Z   Python3_ROOT_DIR: /opt/hostedtoolcache/Python/3.13.15/x64
2026-09-09T21:47:40.8805551Z   LD_LIBRARY_PATH: /opt/hostedtoolcache/Python/3.13.15/x64/lib
2026-09-09T21:47:40.8805870Z ##[endgroup]
2026-09-09T21:47:40.9086101Z Using CPython 3.13.15 interpreter at: /opt/hostedtoolcache/Python/3.13.15/x64/bin/python3.13
2026-09-09T21:47:40.9086867Z Creating virtual environment at: .venv
2026-09-09T21:47:41.1486292Z Resolved 16 packages in 238ms
2026-09-09T21:47:41.1549249Z    Building stocks-predictor @ file:///home/runner/work/stocks-predictor/stocks-predictor
2026-09-09T21:47:41.2130310Z Downloading pygments (1.2MiB)
2026-09-09T21:47:41.2392087Z Downloading ruff (9.8MiB)
2026-09-09T21:47:41.2392981Z Downloading pyright (5.9MiB)
2026-09-09T21:47:41.4954861Z  Downloaded ruff
2026-09-09T21:47:41.5213115Z  Downloaded pygments
2026-09-09T21:47:42.2463123Z  Downloaded pyright
2026-09-09T21:47:42.8751994Z       Built stocks-predictor @ file:///home/runner/work/stocks-predictor/stocks-predictor
2026-09-09T21:47:42.8760975Z Prepared 14 packages in 1.72s
2026-09-09T21:47:42.9943538Z Installed 15 packages in 118ms
2026-09-09T21:47:42.9944237Z  + build==1.6.0
2026-09-09T21:47:42.9950060Z  + coverage==7.16.0
2026-09-09T21:47:42.9950513Z  + iniconfig==2.3.0
2026-09-09T21:47:42.9950890Z  + nodeenv==1.10.0
2026-09-09T21:47:42.9951289Z  + packaging==26.3
2026-09-09T21:47:42.9951656Z  + pluggy==1.6.0
2026-09-09T21:47:42.9952736Z  + predictor-core==3.2.0 (from https://github.com/leonardosovienski/core-predictor/releases/download/v3.2.0/predictor_core-3.2.0-py3-none-any.whl)
2026-09-09T21:47:42.9954180Z  + pygments==2.21.0
2026-09-09T21:47:42.9954596Z  + pyproject-hooks==1.2.0
2026-09-09T21:47:42.9955058Z  + pyright==1.1.411
2026-09-09T21:47:42.9955430Z  + pytest==9.1.1
2026-09-09T21:47:42.9955785Z  + pyyaml==6.0.3
2026-09-09T21:47:42.9956126Z  + ruff==0.16.5
2026-09-09T21:47:42.9956777Z  + stocks-predictor==0.1.0 (from file:///home/runner/work/stocks-predictor/stocks-predictor)
2026-09-09T21:47:42.9957580Z  + typing-extensions==4.16.0
2026-09-09T21:47:43.0070428Z ##[group]Run uv run ruff check stocks_predictor tests main.py tools/data_bank.py research/session-20260909/data_completion
2026-09-09T21:47:43.0071326Z [36;1muv run ruff check stocks_predictor tests main.py tools/data_bank.py research/session-20260909/data_completion[0m
2026-09-09T21:47:43.0110425Z shell: /usr/bin/bash -e {0}
2026-09-09T21:47:43.0110684Z env:
2026-09-09T21:47:43.0110966Z   UV_PYTHON_INSTALL_DIR: /home/runner/work/_temp/uv-python-dir
2026-09-09T21:47:43.0111387Z   UV_CACHE_DIR: /home/runner/work/_temp/setup-uv-cache
2026-09-09T21:47:43.0111758Z   pythonLocation: /opt/hostedtoolcache/Python/3.13.15/x64
2026-09-09T21:47:43.0112195Z   PKG_CONFIG_PATH: /opt/hostedtoolcache/Python/3.13.15/x64/lib/pkgconfig
2026-09-09T21:47:43.0112624Z   Python_ROOT_DIR: /opt/hostedtoolcache/Python/3.13.15/x64
2026-09-09T21:47:43.0113011Z   Python2_ROOT_DIR: /opt/hostedtoolcache/Python/3.13.15/x64
2026-09-09T21:47:43.0113390Z   Python3_ROOT_DIR: /opt/hostedtoolcache/Python/3.13.15/x64
2026-09-09T21:47:43.0114003Z   LD_LIBRARY_PATH: /opt/hostedtoolcache/Python/3.13.15/x64/lib
2026-09-09T21:47:43.0114356Z ##[endgroup]
2026-09-09T21:47:43.0626272Z All checks passed!
2026-09-09T21:47:43.0671810Z ##[group]Run uv run pyright
2026-09-09T21:47:43.0672115Z [36;1muv run pyright[0m
2026-09-09T21:47:43.0708713Z shell: /usr/bin/bash -e {0}
2026-09-09T21:47:43.0708966Z env:
2026-09-09T21:47:43.0709249Z   UV_PYTHON_INSTALL_DIR: /home/runner/work/_temp/uv-python-dir
2026-09-09T21:47:43.0709672Z   UV_CACHE_DIR: /home/runner/work/_temp/setup-uv-cache
2026-09-09T21:47:43.0710066Z   pythonLocation: /opt/hostedtoolcache/Python/3.13.15/x64
2026-09-09T21:47:43.0710493Z   PKG_CONFIG_PATH: /opt/hostedtoolcache/Python/3.13.15/x64/lib/pkgconfig
2026-09-09T21:47:43.0710926Z   Python_ROOT_DIR: /opt/hostedtoolcache/Python/3.13.15/x64
2026-09-09T21:47:43.0711318Z   Python2_ROOT_DIR: /opt/hostedtoolcache/Python/3.13.15/x64
2026-09-09T21:47:43.0711719Z   Python3_ROOT_DIR: /opt/hostedtoolcache/Python/3.13.15/x64
2026-09-09T21:47:43.0712114Z   LD_LIBRARY_PATH: /opt/hostedtoolcache/Python/3.13.15/x64/lib
2026-09-09T21:47:43.0712437Z ##[endgroup]
2026-09-09T21:47:45.8932100Z 0 errors, 0 warnings, 0 informations
2026-09-09T21:47:45.9135332Z WARNING: there is a new pyright version available (v1.1.411 -> v1.1.413).
2026-09-09T21:47:45.9136293Z Please install the new version or set PYRIGHT_PYTHON_FORCE_VERSION to `latest`
2026-09-09T21:47:45.9136768Z 
2026-09-09T21:47:45.9314745Z ##[group]Run uv run coverage run -m pytest -q
2026-09-09T21:47:45.9315213Z [36;1muv run coverage run -m pytest -q[0m
2026-09-09T21:47:45.9351828Z shell: /usr/bin/bash -e {0}
2026-09-09T21:47:45.9352171Z env:
2026-09-09T21:47:45.9352561Z   UV_PYTHON_INSTALL_DIR: /home/runner/work/_temp/uv-python-dir
2026-09-09T21:47:45.9353147Z   UV_CACHE_DIR: /home/runner/work/_temp/setup-uv-cache
2026-09-09T21:47:45.9353711Z   pythonLocation: /opt/hostedtoolcache/Python/3.13.15/x64
2026-09-09T21:47:45.9354468Z   PKG_CONFIG_PATH: /opt/hostedtoolcache/Python/3.13.15/x64/lib/pkgconfig
2026-09-09T21:47:45.9355104Z   Python_ROOT_DIR: /opt/hostedtoolcache/Python/3.13.15/x64
2026-09-09T21:47:45.9355663Z   Python2_ROOT_DIR: /opt/hostedtoolcache/Python/3.13.15/x64
2026-09-09T21:47:45.9356235Z   Python3_ROOT_DIR: /opt/hostedtoolcache/Python/3.13.15/x64
2026-09-09T21:47:45.9356806Z   LD_LIBRARY_PATH: /opt/hostedtoolcache/Python/3.13.15/x64/lib
2026-09-09T21:47:45.9357279Z ##[endgroup]
2026-09-09T21:48:06.2800882Z ........................................................................ [  9%]
2026-09-09T21:48:06.8891726Z ........................................................................ [ 18%]
2026-09-09T21:48:07.0983806Z ........................................................................ [ 27%]
2026-09-09T21:48:10.9989019Z ........................................................................ [ 36%]
2026-09-09T21:49:34.2582204Z ........................................................................ [ 45%]
2026-09-09T21:49:34.9887976Z ........................................................................ [ 54%]
2026-09-09T21:50:06.3185110Z ........................................................................ [ 63%]
2026-09-09T21:50:11.3826769Z ........................................................................ [ 72%]
2026-09-09T21:50:11.9218845Z ........................................................................ [ 81%]
2026-09-09T21:51:37.4103562Z ........................................................................ [ 91%]
2026-09-09T21:51:48.5592694Z .......................................................................  [100%]
2026-09-09T21:51:48.5593347Z 791 passed in 240.83s (0:04:00)
2026-09-09T21:51:48.6804940Z ##[group]Run uv run coverage report --fail-under=0
2026-09-09T21:51:48.6805365Z [36;1muv run coverage report --fail-under=0[0m
2026-09-09T21:51:48.6841579Z shell: /usr/bin/bash -e {0}
2026-09-09T21:51:48.6841818Z env:
2026-09-09T21:51:48.6842093Z   UV_PYTHON_INSTALL_DIR: /home/runner/work/_temp/uv-python-dir
2026-09-09T21:51:48.6842482Z   UV_CACHE_DIR: /home/runner/work/_temp/setup-uv-cache
2026-09-09T21:51:48.6842854Z   pythonLocation: /opt/hostedtoolcache/Python/3.13.15/x64
2026-09-09T21:51:48.6843287Z   PKG_CONFIG_PATH: /opt/hostedtoolcache/Python/3.13.15/x64/lib/pkgconfig
2026-09-09T21:51:48.6843709Z   Python_ROOT_DIR: /opt/hostedtoolcache/Python/3.13.15/x64
2026-09-09T21:51:48.6844389Z   Python2_ROOT_DIR: /opt/hostedtoolcache/Python/3.13.15/x64
2026-09-09T21:51:48.6844798Z   Python3_ROOT_DIR: /opt/hostedtoolcache/Python/3.13.15/x64
2026-09-09T21:51:48.6845188Z   LD_LIBRARY_PATH: /opt/hostedtoolcache/Python/3.13.15/x64/lib
2026-09-09T21:51:48.6845517Z ##[endgroup]
2026-09-09T21:51:49.3476104Z Name                                            Stmts   Miss Branch BrPart  Cover   Missing
2026-09-09T21:51:49.3476960Z -------------------------------------------------------------------------------------------
2026-09-09T21:51:49.3477808Z stocks_predictor/__init__.py                        0      0      0      0   100%
2026-09-09T21:51:49.3478916Z stocks_predictor/adjust.py                        149     15     68     13    86%   30-31, 51->50, 66, 85, 87, 143->exit, 172-174, 201, 259->267, 302, 319-322, 325, 334
2026-09-09T21:51:49.3479981Z stocks_predictor/analyst.py                        55     32     14      4    42%   33-57, 80, 84-87, 93-96, 105-109, 113-118, 122
2026-09-09T21:51:49.3481000Z stocks_predictor/backtest.py                      328     18     64     13    92%   123, 130-131, 141-142, 162, 171, 188, 191, 219-221, 239-242, 261->265, 263->265, 685, 728-729
2026-09-09T21:51:49.3482352Z stocks_predictor/buffered_rebalance.py             86      6     34      6    90%   42, 44, 51, 60, 63, 101
2026-09-09T21:51:49.3483212Z stocks_predictor/cash_events.py                    85     12     38     10    82%   13, 30, 35, 41, 47, 65-68, 83, 84->86, 86->78, 99, 105
2026-09-09T21:51:49.3484856Z stocks_predictor/cash_source_audit.py             242     24    146     22    88%   22, 34, 36, 55, 123, 182, 185, 194, 197, 208, 222, 226, 233, 248, 258-259, 261, 274, 297, 301, 323, 331, 363, 366
2026-09-09T21:51:49.3486262Z stocks_predictor/config.py                        120      6     30      5    93%   37, 68, 71-72, 78, 117
2026-09-09T21:51:49.3487898Z stocks_predictor/continuous_cash.py               356     42    198     45    84%   49, 55-56, 62, 65, 68, 78, 123, 126, 151, 153, 160, 162, 169, 171, 174, 181, 187, 193, 195, 201, 206, 224->178, 228, 230->233, 239, 242, 248, 290, 301, 303, 307, 308->exit, 326, 328, 330, 333, 338, 347, 355, 376, 379->373, 383, 407, 457, 462
2026-09-09T21:51:49.3489655Z stocks_predictor/continuous_research.py           177     32    100     26    78%   32, 34, 36, 40, 44, 48, 51, 53, 57, 60, 67, 73, 77, 98, 122, 124, 129, 132, 138, 147, 157, 166, 169, 174, 176-180, 207-208, 242
2026-09-09T21:51:49.3490451Z stocks_predictor/cotahist.py                       94      1     24      2    97%   145->135, 173
2026-09-09T21:51:49.3491428Z stocks_predictor/cvm_pit.py                       305     45    136     36    81%   44, 74, 78, 82, 94, 97, 107, 109-111, 114, 135, 139, 142, 145, 159, 175, 178, 196, 253, 282, 287, 289->285, 307-310, 320, 328, 336, 341->343, 350, 365, 376, 381->379, 394-397, 402, 418, 430, 438, 445, 464, 471->452, 477-479
2026-09-09T21:51:49.3492358Z stocks_predictor/db.py                             40      3      4      1    91%   423-425
2026-09-09T21:51:49.3492910Z stocks_predictor/disclosed_accounting.py           19      1      8      3    85%   16->20, 19, 23->30
2026-09-09T21:51:49.3494172Z stocks_predictor/discovery_h17.py                 230     85    118     18    58%   24-25, 29, 48, 69, 75, 78, 89-91, 109-110, 124, 131, 133, 135-136, 149, 154->144, 156, 162-163, 168, 219-228, 238-289, 293-298, 302
2026-09-09T21:51:49.3495198Z stocks_predictor/discovery_reorganizations.py     197     86    116     14    54%   30, 32, 37, 41, 51, 81-82, 90, 101, 110, 121-122, 129, 140, 164, 171-182, 187-247, 251-255, 260
2026-09-09T21:51:49.3496270Z stocks_predictor/discovery_value.py               239    114    116     22    51%   32-38, 44, 46, 48-49, 63, 65, 70, 76, 78, 83, 91, 99, 102, 105, 113, 125, 130, 137, 149-158, 162-163, 175, 199, 204-205, 210, 222-255, 261-281, 285-317, 321-325, 330
2026-09-09T21:51:49.3497213Z stocks_predictor/discovery_value_repair.py         93     52     44      6    42%   22, 26, 29-30, 32->31, 52, 57-107, 111-115, 120
2026-09-09T21:51:49.3497851Z stocks_predictor/document_panel.py                 82      5     44      5    92%   45, 52, 105, 109, 111
2026-09-09T21:51:49.3498408Z stocks_predictor/economic_gate.py                  58      2     12      1    96%   29, 70
2026-09-09T21:51:49.3498922Z stocks_predictor/economics.py                      78      0     30      0   100%
2026-09-09T21:51:49.3499421Z stocks_predictor/ecosystem_plugin.py                9      0      0      0   100%
2026-09-09T21:51:49.3499967Z stocks_predictor/entry_feasibility.py              58      8     28      6    84%   23, 47, 54-55, 74, 77, 80, 84
2026-09-09T21:51:49.3500598Z stocks_predictor/etf_hold.py                      135     15     62     11    87%   28, 34, 47, 67, 85-87, 90-92, 105, 131, 203, 206, 209
2026-09-09T21:51:49.3501167Z stocks_predictor/execution.py                      31      1      8      1    95%   86
2026-09-09T21:51:49.3501772Z stocks_predictor/factor.py                        165     10     78     13    91%   15, 38, 53->51, 77->75, 97, 193, 203->201, 233, 283, 326, 329, 380, 388
2026-09-09T21:51:49.3502414Z stocks_predictor/h20_checked.py                    53     26     18      2    46%   30, 40-53, 57-66, 72
2026-09-09T21:51:49.3503199Z stocks_predictor/h20_continuous.py                121     43     42      5    67%   34, 90, 93, 97, 133-172, 187-199, 203
2026-09-09T21:51:49.3503960Z stocks_predictor/h20_research.py                  117     76     46      4    30%   26-42, 49, 54, 84-110, 114-144, 165-179, 183
2026-09-09T21:51:49.3504550Z stocks_predictor/ingest_cotahist.py                29      5      8      2    81%   15-17, 30, 37
2026-09-09T21:51:49.3505579Z stocks_predictor/ingest_cvm.py                    471     41    206     37    88%   144-146, 197, 202-203, 207->212, 224, 253, 296, 319, 359, 387, 390-392, 396, 401, 442, 445-447, 451, 453->449, 469-470, 499, 527, 532, 542, 565, 568, 698->696, 704, 819, 825, 851, 856, 859, 863->844, 911, 917, 939, 992, 995, 1024, 1040
2026-09-09T21:51:49.3507597Z stocks_predictor/ingest_rj_universe.py             80      4     26      2    94%   48-50, 103->102, 180
2026-09-09T21:51:49.3508689Z stocks_predictor/paper.py                          73      7     18      5    87%   58->65, 110, 111->117, 120, 144-147, 151
2026-09-09T21:51:49.3509725Z stocks_predictor/portfolio.py                      33      1      8      1    95%   82
2026-09-09T21:51:49.3510811Z stocks_predictor/profit_validation.py             115     59     60      7    45%   17, 38, 42, 49, 61, 72, 78, 86-108, 133-169
2026-09-09T21:51:49.3511909Z stocks_predictor/report.py                         56      3     12      2    93%   243-244, 283
2026-09-09T21:51:49.3513490Z stocks_predictor/retail_cash.py                   311     35    164     35    85%   27, 45, 48->51, 69, 81, 94, 99, 108, 114, 128, 131, 137, 140, 143, 145, 155, 180, 193, 213, 229, 232, 235, 250, 253, 256, 258, 261, 307, 317->312, 335, 338, 348, 373, 378, 383-385
2026-09-09T21:51:49.3514732Z stocks_predictor/returns.py                        15      0      6      1    95%   18->17
2026-09-09T21:51:49.3515253Z stocks_predictor/rj_coda.py                        40      2     18      2    93%   34, 83
2026-09-09T21:51:49.3515812Z stocks_predictor/rj_episodes.py                    56      4     30      4    91%   53, 78, 109, 128
2026-09-09T21:51:49.3516700Z stocks_predictor/rj_families.py                   109     19     46     16    77%   35, 45, 48, 64, 69, 82, 86, 89, 103, 105, 107, 129, 135-136, 137->127, 154, 158, 189-190, 227
2026-09-09T21:51:49.3517423Z stocks_predictor/rj_families_next.py               73      7     28      6    87%   32, 36->35, 49, 72, 78-79, 124, 169
2026-09-09T21:51:49.3517994Z stocks_predictor/rj_judge.py                      115      2     44      3    97%   49, 124->122, 200
2026-09-09T21:51:49.3518524Z stocks_predictor/rj_judge_robust.py                56      4     20      4    89%   30, 54, 82-83, 85->73
2026-09-09T21:51:49.3519065Z stocks_predictor/rj_outcomes.py                    44      5     24      4    84%   28, 33, 39, 97-100
2026-09-09T21:51:49.3519616Z stocks_predictor/rj_pipeline.py                   146     32     44      2    81%   90, 367-369, 373-409, 413
2026-09-09T21:51:49.3520164Z stocks_predictor/rj_power.py                       67     26     24      1    64%   75, 100-133, 137
2026-09-09T21:51:49.3521148Z stocks_predictor/simulation.py                    269     44    156     37    79%   29, 32, 34, 48, 61-62, 70, 75, 103, 105, 107, 109, 111, 114, 128, 146-155, 159, 161->156, 164->156, 169, 203->212, 213, 243-244, 250, 254, 270->218, 279, 285, 289->293, 311-314, 350, 352, 353->358, 373-374, 380, 382, 390-391, 393
2026-09-09T21:51:49.3522178Z stocks_predictor/source_closure.py                133    106     64      2    17%   30, 41-42, 46-50, 54-154, 168-179, 183
2026-09-09T21:51:49.3522825Z stocks_predictor/source_history.py                 88     14     32      8    82%   32, 34, 43, 87-93, 130, 133-134, 136, 171, 174-184
2026-09-09T21:51:49.3523417Z stocks_predictor/stock_events.py                   25      4     10      4    77%   8, 21, 23, 26
2026-09-09T21:51:49.3524250Z stocks_predictor/trials_gate.py                    87      2     14      1    97%   106-107, 218->220
2026-09-09T21:51:49.3524928Z stocks_predictor/universe.py                       40      7     18      2    81%   21, 40, 88-94
2026-09-09T21:51:49.3525525Z stocks_predictor/value_profitability.py           112      9     54      9    89%   19, 34, 39-40, 68, 84, 117, 133, 135, 143->147
2026-09-09T21:51:49.3526097Z -------------------------------------------------------------------------------------------
2026-09-09T21:51:49.3526547Z TOTAL                                            6365   1202   2760    491    78%
2026-09-09T21:51:49.3686685Z ##[group]Run uv build
2026-09-09T21:51:49.3686948Z [36;1muv build[0m
2026-09-09T21:51:49.3723038Z shell: /usr/bin/bash -e {0}
2026-09-09T21:51:49.3723287Z env:
2026-09-09T21:51:49.3723564Z   UV_PYTHON_INSTALL_DIR: /home/runner/work/_temp/uv-python-dir
2026-09-09T21:51:49.3724119Z   UV_CACHE_DIR: /home/runner/work/_temp/setup-uv-cache
2026-09-09T21:51:49.3724670Z   pythonLocation: /opt/hostedtoolcache/Python/3.13.15/x64
2026-09-09T21:51:49.3725195Z   PKG_CONFIG_PATH: /opt/hostedtoolcache/Python/3.13.15/x64/lib/pkgconfig
2026-09-09T21:51:49.3725644Z   Python_ROOT_DIR: /opt/hostedtoolcache/Python/3.13.15/x64
2026-09-09T21:51:49.3726021Z   Python2_ROOT_DIR: /opt/hostedtoolcache/Python/3.13.15/x64
2026-09-09T21:51:49.3726423Z   Python3_ROOT_DIR: /opt/hostedtoolcache/Python/3.13.15/x64
2026-09-09T21:51:49.3726816Z   LD_LIBRARY_PATH: /opt/hostedtoolcache/Python/3.13.15/x64/lib
2026-09-09T21:51:49.3727138Z ##[endgroup]
2026-09-09T21:51:49.3874816Z Building source distribution...
2026-09-09T21:51:52.9003122Z Building wheel from source distribution...
2026-09-09T21:51:53.2583578Z Successfully built dist/stocks_predictor-0.1.0.tar.gz
2026-09-09T21:51:53.2584491Z Successfully built dist/stocks_predictor-0.1.0-py3-none-any.whl
2026-09-09T21:51:53.2631514Z ##[group]Run uv venv /tmp/stocks-wheel --python 3.13 --seed
2026-09-09T21:51:53.2631965Z [36;1muv venv /tmp/stocks-wheel --python 3.13 --seed[0m
2026-09-09T21:51:53.2632347Z [36;1m/tmp/stocks-wheel/bin/pip install dist/*.whl \[0m
2026-09-09T21:51:53.2633039Z [36;1m  "predictor-core @ https://github.com/leonardosovienski/core-predictor/releases/download/v3.2.0/predictor_core-3.2.0-py3-none-any.whl"[0m
2026-09-09T21:51:53.2634145Z [36;1mmkdir -p "$RUNNER_TEMP/stocks-wheel-smoke"[0m
2026-09-09T21:51:53.2634718Z [36;1mcd "$RUNNER_TEMP/stocks-wheel-smoke"[0m
2026-09-09T21:51:53.2635106Z [36;1m/tmp/stocks-wheel/bin/python -I - <<'PY'[0m
2026-09-09T21:51:53.2635654Z [36;1mimport os[0m
2026-09-09T21:51:53.2636014Z [36;1mfrom pathlib import Path[0m
2026-09-09T21:51:53.2636430Z [36;1mimport sys[0m
2026-09-09T21:51:53.2636745Z [36;1mimport predictor_core[0m
2026-09-09T21:51:53.2637159Z [36;1mimport stocks_predictor[0m
2026-09-09T21:51:53.2637683Z [36;1mimport stocks_predictor.rj_episodes[0m
2026-09-09T21:51:53.2638126Z [36;1mimport stocks_predictor.rj_judge[0m
2026-09-09T21:51:53.2638535Z [36;1mimport stocks_predictor.etf_hold[0m
2026-09-09T21:51:53.2638996Z [36;1mcheckout = Path(os.environ["GITHUB_WORKSPACE"]).resolve()[0m
2026-09-09T21:51:53.2653351Z [36;1massert not Path.cwd().resolve().is_relative_to(checkout)[0m
2026-09-09T21:51:53.2654361Z [36;1mfor module in (predictor_core, stocks_predictor, stocks_predictor.etf_hold):[0m
2026-09-09T21:51:53.2654855Z [36;1m    origin = Path(module.__file__).resolve()[0m
2026-09-09T21:51:53.2655275Z [36;1m    assert origin.is_relative_to(Path(sys.prefix).resolve()), origin[0m
2026-09-09T21:51:53.2655727Z [36;1m    assert not origin.is_relative_to(checkout), origin[0m
2026-09-09T21:51:53.2656084Z [36;1m    print(module.__name__, origin)[0m
2026-09-09T21:51:53.2656361Z [36;1mPY[0m
2026-09-09T21:51:53.2692657Z shell: /usr/bin/bash -e {0}
2026-09-09T21:51:53.2692907Z env:
2026-09-09T21:51:53.2693206Z   UV_PYTHON_INSTALL_DIR: /home/runner/work/_temp/uv-python-dir
2026-09-09T21:51:53.2693604Z   UV_CACHE_DIR: /home/runner/work/_temp/setup-uv-cache
2026-09-09T21:51:53.2694369Z   pythonLocation: /opt/hostedtoolcache/Python/3.13.15/x64
2026-09-09T21:51:53.2695055Z   PKG_CONFIG_PATH: /opt/hostedtoolcache/Python/3.13.15/x64/lib/pkgconfig
2026-09-09T21:51:53.2695487Z   Python_ROOT_DIR: /opt/hostedtoolcache/Python/3.13.15/x64
2026-09-09T21:51:53.2695878Z   Python2_ROOT_DIR: /opt/hostedtoolcache/Python/3.13.15/x64
2026-09-09T21:51:53.2696266Z   Python3_ROOT_DIR: /opt/hostedtoolcache/Python/3.13.15/x64
2026-09-09T21:51:53.2696647Z   LD_LIBRARY_PATH: /opt/hostedtoolcache/Python/3.13.15/x64/lib
2026-09-09T21:51:53.2696970Z ##[endgroup]
2026-09-09T21:51:53.2998786Z Using CPython 3.13.15 interpreter at: /opt/hostedtoolcache/Python/3.13.15/x64/bin/python3.13
2026-09-09T21:51:53.2999537Z Creating virtual environment with seed packages at: /tmp/stocks-wheel
2026-09-09T21:51:53.7650123Z  + pip==26.2.1
2026-09-09T21:51:53.7650742Z Activate with: /tmp/stocks-wheel/bin/activate
2026-09-09T21:51:54.9373991Z Processing ./dist/stocks_predictor-0.1.0-py3-none-any.whl
2026-09-09T21:51:54.9450266Z Collecting predictor-core @ https://github.com/leonardosovienski/core-predictor/releases/download/v3.2.0/predictor_core-3.2.0-py3-none-any.whl
2026-09-09T21:51:55.2529520Z   Downloading predictor_core-3.2.0-py3-none-any.whl (83 kB)
2026-09-09T21:51:55.4156924Z Collecting pyyaml<7,>=6.0 (from stocks-predictor==0.1.0)
2026-09-09T21:51:55.4995154Z   Downloading pyyaml-6.0.3-cp313-cp313-manylinux2014_x86_64.manylinux_2_17_x86_64.manylinux_2_28_x86_64.whl.metadata (2.4 kB)
2026-09-09T21:51:55.5195772Z Downloading pyyaml-6.0.3-cp313-cp313-manylinux2014_x86_64.manylinux_2_17_x86_64.manylinux_2_28_x86_64.whl (801 kB)
2026-09-09T21:51:55.6497712Z    ━━━━━━━━━━━━━━━━━━━━━━━━━━━━━━━━━━━━━━━━ 801.6/801.6 kB 7.4 MB/s  0:00:00
2026-09-09T21:51:55.7510371Z Installing collected packages: pyyaml, predictor-core, stocks-predictor
2026-09-09T21:51:55.9982014Z 
2026-09-09T21:51:55.9997846Z Successfully installed predictor-core-3.2.0 pyyaml-6.0.3 stocks-predictor-0.1.0
2026-09-09T21:51:56.1805288Z predictor_core /tmp/stocks-wheel/lib/python3.13/site-packages/predictor_core/__init__.py
2026-09-09T21:51:56.1806563Z stocks_predictor /tmp/stocks-wheel/lib/python3.13/site-packages/stocks_predictor/__init__.py
2026-09-09T21:51:56.1807836Z stocks_predictor.etf_hold /tmp/stocks-wheel/lib/python3.13/site-packages/stocks_predictor/etf_hold.py
2026-09-09T21:51:56.2075793Z Post job cleanup.
2026-09-09T21:51:56.3497868Z Post job cleanup.
2026-09-09T21:51:56.4755652Z UV_CACHE_DIR is already set to /home/runner/work/_temp/setup-uv-cache
2026-09-09T21:51:56.4760375Z UV_PYTHON_INSTALL_DIR is already set to /home/runner/work/_temp/uv-python-dir
2026-09-09T21:51:56.4763722Z Cache hit occurred on key setup-uv-2-x86_64-unknown-linux-gnu-ubuntu-24.04-unknown-pruned-3880274a06caea3ae11b7b42d5799875f1c87d90878c55e9f6ef46a28f8cbce6, not saving cache.
2026-09-09T21:51:56.5427503Z Post job cleanup.
2026-09-09T21:51:56.6294683Z [command]/usr/bin/git version
2026-09-09T21:51:56.6321269Z git version 2.55.0
2026-09-09T21:51:56.6358384Z Temporarily overriding HOME='/home/runner/work/_temp/fffb4566-0402-46e9-a6e5-b2c4dc47bdb7' before making global git config changes
2026-09-09T21:51:56.6359783Z Adding repository directory to the temporary git global config as a safe directory
2026-09-09T21:51:56.6364804Z [command]/usr/bin/git config --global --add safe.directory /home/runner/work/stocks-predictor/stocks-predictor
2026-09-09T21:51:56.6397228Z Removing SSH command configuration
2026-09-09T21:51:56.6404514Z [command]/usr/bin/git config --local --name-only --get-regexp core\.sshCommand
2026-09-09T21:51:56.6441564Z [command]/usr/bin/git submodule foreach --recursive sh -c "git config --local --name-only --get-regexp 'core\.sshCommand' && git config --local --unset-all 'core.sshCommand' || :"
2026-09-09T21:51:56.6698954Z Removing HTTP extra header
2026-09-09T21:51:56.6707089Z [command]/usr/bin/git config --local --name-only --get-regexp http\.https\:\/\/github\.com\/\.extraheader
2026-09-09T21:51:56.6772974Z [command]/usr/bin/git submodule foreach --recursive sh -c "git config --local --name-only --get-regexp 'http\.https\:\/\/github\.com\/\.extraheader' && git config --local --unset-all 'http.https://github.com/.extraheader' || :"
2026-09-09T21:51:56.7029664Z Removing includeIf entries pointing to credentials config files
2026-09-09T21:51:56.7046891Z [command]/usr/bin/git config --local --name-only --get-regexp ^includeIf\.gitdir:
2026-09-09T21:51:56.7102323Z includeif.gitdir:/home/runner/work/stocks-predictor/stocks-predictor/.git.path
2026-09-09T21:51:56.7103612Z includeif.gitdir:/home/runner/work/stocks-predictor/stocks-predictor/.git/worktrees/*.path
2026-09-09T21:51:56.7104939Z includeif.gitdir:/github/workspace/.git.path
2026-09-09T21:51:56.7105851Z includeif.gitdir:/github/workspace/.git/worktrees/*.path
2026-09-09T21:51:56.7114095Z [command]/usr/bin/git config --local --get-all includeif.gitdir:/home/runner/work/stocks-predictor/stocks-predictor/.git.path
2026-09-09T21:51:56.7141412Z /home/runner/work/_temp/git-credentials-2c74a174-550a-4173-bfc7-09b9a80ac8f7.config
2026-09-09T21:51:56.7152097Z [command]/usr/bin/git config --local --unset includeif.gitdir:/home/runner/work/stocks-predictor/stocks-predictor/.git.path \/home\/runner\/work\/_temp\/git\-credentials\-2c74a174\-550a\-4173\-bfc7\-09b9a80ac8f7\.config
2026-09-09T21:51:56.7204997Z [command]/usr/bin/git config --local --get-all includeif.gitdir:/home/runner/work/stocks-predictor/stocks-predictor/.git/worktrees/*.path
2026-09-09T21:51:56.7234127Z /home/runner/work/_temp/git-credentials-2c74a174-550a-4173-bfc7-09b9a80ac8f7.config
2026-09-09T21:51:56.7254039Z [command]/usr/bin/git config --local --unset includeif.gitdir:/home/runner/work/stocks-predictor/stocks-predictor/.git/worktrees/*.path \/home\/runner\/work\/_temp\/git\-credentials\-2c74a174\-550a\-4173\-bfc7\-09b9a80ac8f7\.config
2026-09-09T21:51:56.7283719Z [command]/usr/bin/git config --local --get-all includeif.gitdir:/github/workspace/.git.path
2026-09-09T21:51:56.7312125Z /github/runner_temp/git-credentials-2c74a174-550a-4173-bfc7-09b9a80ac8f7.config
2026-09-09T21:51:56.7320861Z [command]/usr/bin/git config --local --unset includeif.gitdir:/github/workspace/.git.path \/github\/runner_temp\/git\-credentials\-2c74a174\-550a\-4173\-bfc7\-09b9a80ac8f7\.config
2026-09-09T21:51:56.7359693Z [command]/usr/bin/git config --local --get-all includeif.gitdir:/github/workspace/.git/worktrees/*.path
2026-09-09T21:51:56.7394870Z /github/runner_temp/git-credentials-2c74a174-550a-4173-bfc7-09b9a80ac8f7.config
2026-09-09T21:51:56.7415594Z [command]/usr/bin/git config --local --unset includeif.gitdir:/github/workspace/.git/worktrees/*.path \/github\/runner_temp\/git\-credentials\-2c74a174\-550a\-4173\-bfc7\-09b9a80ac8f7\.config
2026-09-09T21:51:56.7445686Z [command]/usr/bin/git submodule foreach --recursive git config --local --show-origin --name-only --get-regexp remote.origin.url
2026-09-09T21:51:56.7688915Z Removing credentials config '/home/runner/work/_temp/git-credentials-2c74a174-550a-4173-bfc7-09b9a80ac8f7.config'
2026-09-09T21:51:56.7852033Z Cleaning up orphan processes

