2026-09-10T02:37:36.4640641Z Current runner version: '2.337.0'
2026-09-10T02:37:36.4674793Z ##[group]Runner Image Provisioner
2026-09-10T02:37:36.4676520Z Hosted Compute Agent
2026-09-10T02:37:36.4677556Z Version: 20260828.587
2026-09-10T02:37:36.4678681Z Commit: abac92662cab4cc7352de4f9f9d2e2419aad9c29
2026-09-10T02:37:36.4680452Z Build Date: 2026-08-28T16:44:25Z
2026-09-10T02:37:36.4681739Z Worker ID: {7b4aebf4-cf0e-4ed1-bdba-3e2be58441d4}
2026-09-10T02:37:36.4682934Z Azure Region: eastus
2026-09-10T02:37:36.4683904Z ##[endgroup]
2026-09-10T02:37:36.4686194Z ##[group]Operating System
2026-09-10T02:37:36.4687167Z Ubuntu
2026-09-10T02:37:36.4688188Z 24.04.4
2026-09-10T02:37:36.4689173Z LTS
2026-09-10T02:37:36.4690328Z ##[endgroup]
2026-09-10T02:37:36.4691271Z ##[group]Runner Image
2026-09-10T02:37:36.4692479Z Image: ubuntu-24.04
2026-09-10T02:37:36.4693479Z Version: 20260831.293.1
2026-09-10T02:37:36.4695631Z Included Software: https://github.com/actions/runner-images/blob/ubuntu24/20260831.293/images/ubuntu/Ubuntu2404-Readme.md
2026-09-10T02:37:36.4698316Z Image Release: https://github.com/actions/runner-images/releases/tag/ubuntu24%2F20260831.293
2026-09-10T02:37:36.4700296Z ##[endgroup]
2026-09-10T02:37:36.4702225Z ##[group]GITHUB_TOKEN Permissions
2026-09-10T02:37:36.4705520Z Contents: read
2026-09-10T02:37:36.4706519Z Metadata: read
2026-09-10T02:37:36.4707398Z ##[endgroup]
2026-09-10T02:37:36.4710848Z Secret source: Actions
2026-09-10T02:37:36.4712447Z Cache mode: write
2026-09-10T02:37:36.4713618Z Prepare workflow directory
2026-09-10T02:37:36.5190536Z Prepare all required actions
2026-09-10T02:37:36.5261872Z Getting action download info
2026-09-10T02:37:36.7597151Z Download action repository 'actions/checkout@v7' (SHA:3d3c42e5aac5ba805825da76410c181273ba90b1)
2026-09-10T02:37:36.8912104Z Download action repository 'astral-sh/setup-uv@v7' (SHA:37802adc94f370d6bfd71619e3f0bf239e1f3b78)
2026-09-10T02:37:37.1041646Z Download action repository 'actions/setup-python@v7' (SHA:5fda3b95a4ea91299a34e894583c3862153e4b97)
2026-09-10T02:37:37.1788832Z Download action repository 'actions/upload-artifact@v4' (SHA:ea165f8d65b6e75b540449e92b4886f43607fa02)
2026-09-10T02:37:37.4032529Z Complete job name: Quality / Python 3.14
2026-09-10T02:37:37.4876395Z ##[group]Run actions/checkout@v7
2026-09-10T02:37:37.4877543Z with:
2026-09-10T02:37:37.4878175Z   repository: leonardosovienski/stocks-predictor
2026-09-10T02:37:37.4882577Z   token: ***
2026-09-10T02:37:37.4883208Z   ssh-strict: true
2026-09-10T02:37:37.4883743Z   ssh-user: git
2026-09-10T02:37:37.4884344Z   persist-credentials: true
2026-09-10T02:37:37.4884931Z   clean: true
2026-09-10T02:37:37.4885460Z   sparse-checkout-cone-mode: true
2026-09-10T02:37:37.4886212Z   fetch-depth: 1
2026-09-10T02:37:37.4886740Z   fetch-tags: false
2026-09-10T02:37:37.4887342Z   show-progress: true
2026-09-10T02:37:37.4887892Z   lfs: false
2026-09-10T02:37:37.4888389Z   submodules: false
2026-09-10T02:37:37.4889047Z   set-safe-directory: true
2026-09-10T02:37:37.4889660Z   allow-unsafe-pr-checkout: false
2026-09-10T02:37:37.4891066Z ##[endgroup]
2026-09-10T02:37:37.5975038Z Syncing repository: leonardosovienski/stocks-predictor
2026-09-10T02:37:37.5977796Z ##[group]Getting Git version info
2026-09-10T02:37:37.5978784Z Working directory is '/home/runner/work/stocks-predictor/stocks-predictor'
2026-09-10T02:37:37.5980878Z [command]/usr/bin/git version
2026-09-10T02:37:37.6007025Z git version 2.55.0
2026-09-10T02:37:37.6031291Z ##[endgroup]
2026-09-10T02:37:37.6043087Z Temporarily overriding HOME='/home/runner/work/_temp/59f3a87d-920b-4aba-a12f-0163d203e992' before making global git config changes
2026-09-10T02:37:37.6045385Z Adding repository directory to the temporary git global config as a safe directory
2026-09-10T02:37:37.6049720Z [command]/usr/bin/git config --global --add safe.directory /home/runner/work/stocks-predictor/stocks-predictor
2026-09-10T02:37:37.6098652Z Deleting the contents of '/home/runner/work/stocks-predictor/stocks-predictor'
2026-09-10T02:37:37.6102282Z ##[group]Determining repository object format
2026-09-10T02:37:37.6104425Z ##[endgroup]
2026-09-10T02:37:37.6105784Z ##[group]Initializing the repository
2026-09-10T02:37:37.6108500Z [command]/usr/bin/git init /home/runner/work/stocks-predictor/stocks-predictor
2026-09-10T02:37:37.6220988Z hint: Using 'master' as the name for the initial branch. This default branch name
2026-09-10T02:37:37.6223207Z hint: will change to "main" in Git 3.0. To configure the initial branch name
2026-09-10T02:37:37.6225312Z hint: to use in all of your new repositories, which will suppress this warning,
2026-09-10T02:37:37.6226757Z hint: call:
2026-09-10T02:37:37.6227737Z hint:
2026-09-10T02:37:37.6228845Z hint: 	git config --global init.defaultBranch <name>
2026-09-10T02:37:37.6230267Z hint:
2026-09-10T02:37:37.6231453Z hint: Names commonly chosen instead of 'master' are 'main', 'trunk' and
2026-09-10T02:37:37.6233195Z hint: 'development'. The just-created branch can be renamed via this command:
2026-09-10T02:37:37.6234763Z hint:
2026-09-10T02:37:37.6235667Z hint: 	git branch -m <name>
2026-09-10T02:37:37.6236669Z hint:
2026-09-10T02:37:37.6237872Z hint: Disable this message with "git config set advice.defaultBranchName false"
2026-09-10T02:37:37.6240344Z Initialized empty Git repository in /home/runner/work/stocks-predictor/stocks-predictor/.git/
2026-09-10T02:37:37.6244569Z [command]/usr/bin/git remote add origin https://github.com/leonardosovienski/stocks-predictor
2026-09-10T02:37:37.6289110Z ##[endgroup]
2026-09-10T02:37:37.6292147Z ##[group]Disabling automatic garbage collection
2026-09-10T02:37:37.6294254Z [command]/usr/bin/git config --local gc.auto 0
2026-09-10T02:37:37.6327127Z ##[endgroup]
2026-09-10T02:37:37.6328702Z ##[group]Setting up auth
2026-09-10T02:37:37.6330132Z Removing SSH command configuration
2026-09-10T02:37:37.6336228Z [command]/usr/bin/git config --local --name-only --get-regexp core\.sshCommand
2026-09-10T02:37:37.6367973Z [command]/usr/bin/git submodule foreach --recursive sh -c "git config --local --name-only --get-regexp 'core\.sshCommand' && git config --local --unset-all 'core.sshCommand' || :"
2026-09-10T02:37:37.6744332Z Removing HTTP extra header
2026-09-10T02:37:37.6750655Z [command]/usr/bin/git config --local --name-only --get-regexp http\.https\:\/\/github\.com\/\.extraheader
2026-09-10T02:37:37.6791472Z [command]/usr/bin/git submodule foreach --recursive sh -c "git config --local --name-only --get-regexp 'http\.https\:\/\/github\.com\/\.extraheader' && git config --local --unset-all 'http.https://github.com/.extraheader' || :"
2026-09-10T02:37:37.7014453Z Removing includeIf entries pointing to credentials config files
2026-09-10T02:37:37.7019666Z [command]/usr/bin/git config --local --name-only --get-regexp ^includeIf\.gitdir:
2026-09-10T02:37:37.7054443Z [command]/usr/bin/git submodule foreach --recursive git config --local --show-origin --name-only --get-regexp remote.origin.url
2026-09-10T02:37:37.7280394Z [command]/usr/bin/git config --file /home/runner/work/_temp/git-credentials-d62ce135-1a13-4c4c-88ab-10e4d6c059e4.config http.https://github.com/.extraheader AUTHORIZATION: basic ***
2026-09-10T02:37:37.7320580Z [command]/usr/bin/git config --local includeIf.gitdir:/home/runner/work/stocks-predictor/stocks-predictor/.git.path /home/runner/work/_temp/git-credentials-d62ce135-1a13-4c4c-88ab-10e4d6c059e4.config
2026-09-10T02:37:37.7356365Z [command]/usr/bin/git config --local includeIf.gitdir:/home/runner/work/stocks-predictor/stocks-predictor/.git/worktrees/*.path /home/runner/work/_temp/git-credentials-d62ce135-1a13-4c4c-88ab-10e4d6c059e4.config
2026-09-10T02:37:37.7394042Z [command]/usr/bin/git config --local includeIf.gitdir:/github/workspace/.git.path /github/runner_temp/git-credentials-d62ce135-1a13-4c4c-88ab-10e4d6c059e4.config
2026-09-10T02:37:37.7427399Z [command]/usr/bin/git config --local includeIf.gitdir:/github/workspace/.git/worktrees/*.path /github/runner_temp/git-credentials-d62ce135-1a13-4c4c-88ab-10e4d6c059e4.config
2026-09-10T02:37:37.7457628Z ##[endgroup]
2026-09-10T02:37:37.7458902Z ##[group]Fetching the repository
2026-09-10T02:37:37.7464419Z [command]/usr/bin/git -c protocol.version=2 fetch --no-tags --prune --no-recurse-submodules --depth=1 origin +f7f3a2e83e18fb14d0707a22430818ad11d1bb89:refs/remotes/pull/75/merge
2026-09-10T02:37:39.6553119Z From https://github.com/leonardosovienski/stocks-predictor
2026-09-10T02:37:39.6554260Z  * [new ref]         f7f3a2e83e18fb14d0707a22430818ad11d1bb89 -> pull/75/merge
2026-09-10T02:37:39.6557486Z ##[endgroup]
2026-09-10T02:37:39.6558398Z ##[group]Determining the checkout info
2026-09-10T02:37:39.6559572Z ##[endgroup]
2026-09-10T02:37:39.6570772Z [command]/usr/bin/git sparse-checkout disable
2026-09-10T02:37:39.6619001Z [command]/usr/bin/git config --local --unset-all extensions.worktreeConfig
2026-09-10T02:37:39.6652269Z ##[group]Checking out the ref
2026-09-10T02:37:39.6657556Z [command]/usr/bin/git checkout --progress --force refs/remotes/pull/75/merge
2026-09-10T02:37:39.9723778Z Note: switching to 'refs/remotes/pull/75/merge'.
2026-09-10T02:37:39.9724889Z 
2026-09-10T02:37:39.9725564Z You are in 'detached HEAD' state. You can look around, make experimental
2026-09-10T02:37:39.9726971Z changes and commit them, and you can discard any commits you make in this
2026-09-10T02:37:39.9728107Z state without impacting any branches by switching back to a branch.
2026-09-10T02:37:39.9728825Z 
2026-09-10T02:37:39.9729429Z If you want to create a new branch to retain commits you create, you may
2026-09-10T02:37:39.9730743Z do so (now or later) by using -c with the switch command. Example:
2026-09-10T02:37:39.9731392Z 
2026-09-10T02:37:39.9731750Z   git switch -c <new-branch-name>
2026-09-10T02:37:39.9732272Z 
2026-09-10T02:37:39.9732642Z Or undo this operation with:
2026-09-10T02:37:39.9733117Z 
2026-09-10T02:37:39.9733441Z   git switch -
2026-09-10T02:37:39.9734014Z 
2026-09-10T02:37:39.9734581Z Turn off this advice by setting config variable advice.detachedHead to false
2026-09-10T02:37:39.9735317Z 
2026-09-10T02:37:39.9736180Z HEAD is now at f7f3a2e Merge ee3f38119865a9400f11a5e6901a91a6ac7895de into 0e9c48a87ff67bbd8d71fe5b9156799ba9bd8807
2026-09-10T02:37:39.9754250Z ##[endgroup]
2026-09-10T02:37:39.9806222Z [command]/usr/bin/git log -1 --format=%H
2026-09-10T02:37:39.9836620Z f7f3a2e83e18fb14d0707a22430818ad11d1bb89
2026-09-10T02:37:40.0125619Z ##[group]Run astral-sh/setup-uv@v7
2026-09-10T02:37:40.0125943Z with:
2026-09-10T02:37:40.0126157Z   version: 0.12.1
2026-09-10T02:37:40.0126375Z   enable-cache: true
2026-09-10T02:37:40.0126616Z   activate-environment: false
2026-09-10T02:37:40.0127006Z   working-directory: /home/runner/work/stocks-predictor/stocks-predictor
2026-09-10T02:37:40.0129714Z   github-token: ***
2026-09-10T02:37:40.0130675Z   cache-dependency-glob: **/*requirements*.txt
**/*requirements*.in
**/*constraints*.txt
**/*constraints*.in
**/pyproject.toml
**/uv.lock
**/*.py.lock

2026-09-10T02:37:40.0131331Z   restore-cache: true
2026-09-10T02:37:40.0131556Z   save-cache: true
2026-09-10T02:37:40.0131772Z   prune-cache: true
2026-09-10T02:37:40.0131989Z   cache-python: false
2026-09-10T02:37:40.0132255Z   ignore-nothing-to-cache: false
2026-09-10T02:37:40.0132531Z   ignore-empty-workdir: false
2026-09-10T02:37:40.0132804Z   add-problem-matchers: true
2026-09-10T02:37:40.0133101Z   resolution-strategy: highest
2026-09-10T02:37:40.0133355Z ##[endgroup]
2026-09-10T02:37:40.1935072Z Fetching version data from https://raw.githubusercontent.com/astral-sh/versions/main/v1/uv.ndjson ...
2026-09-10T02:37:40.2791774Z Downloading uv from "https://releases.astral.sh/github/uv/releases/download/0.12.1/uv-x86_64-unknown-linux-gnu.tar.gz" ...
2026-09-10T02:37:40.4624792Z [command]/usr/bin/tar xz --warning=no-unknown-keyword --overwrite -C /home/runner/work/_temp/18657972-dfb9-4d0b-9abf-67821d724004 -f /home/runner/work/_temp/961e8a44-3f66-4154-a4bb-263b30b14859
2026-09-10T02:37:40.9363307Z Added /home/runner/.local/bin to the path
2026-09-10T02:37:40.9367471Z Added /opt/hostedtoolcache/uv/0.12.1/x86_64 to the path
2026-09-10T02:37:40.9369226Z Set UV_PYTHON_INSTALL_DIR to /home/runner/work/_temp/uv-python-dir
2026-09-10T02:37:40.9370628Z Added /home/runner/work/_temp/uv-python-dir to the path
2026-09-10T02:37:40.9399574Z Set UV_CACHE_DIR to /home/runner/work/_temp/setup-uv-cache
2026-09-10T02:37:40.9400542Z Successfully installed uv version 0.12.1
2026-09-10T02:37:41.0485768Z Searching files using cache dependency glob: /home/runner/work/stocks-predictor/stocks-predictor/**/*requirements*.txt,/home/runner/work/stocks-predictor/stocks-predictor/**/*requirements*.in,/home/runner/work/stocks-predictor/stocks-predictor/**/*constraints*.txt,/home/runner/work/stocks-predictor/stocks-predictor/**/*constraints*.in,/home/runner/work/stocks-predictor/stocks-predictor/**/pyproject.toml,/home/runner/work/stocks-predictor/stocks-predictor/**/uv.lock,/home/runner/work/stocks-predictor/stocks-predictor/**/*.py.lock
2026-09-10T02:37:41.0928138Z /home/runner/work/stocks-predictor/stocks-predictor/pyproject.toml
2026-09-10T02:37:41.0968173Z /home/runner/work/stocks-predictor/stocks-predictor/requirements.txt
2026-09-10T02:37:41.2413010Z /home/runner/work/stocks-predictor/stocks-predictor/uv.lock
2026-09-10T02:37:41.2476103Z Found 3 files to hash.
2026-09-10T02:37:41.2554017Z Trying to restore cache from GitHub Actions cache with key: setup-uv-2-x86_64-unknown-linux-gnu-ubuntu-24.04-unknown-pruned-59edb7dc31a0008208010cda3c60d6c07f1f5cae31611801c4f9d86ba7e501e6
2026-09-10T02:37:41.3033655Z No GitHub Actions cache found for key: setup-uv-2-x86_64-unknown-linux-gnu-ubuntu-24.04-unknown-pruned-59edb7dc31a0008208010cda3c60d6c07f1f5cae31611801c4f9d86ba7e501e6
2026-09-10T02:37:41.3741516Z ##[group]Run actions/setup-python@v7
2026-09-10T02:37:41.3741819Z with:
2026-09-10T02:37:41.3742020Z   python-version: 3.14
2026-09-10T02:37:41.3742251Z   check-latest: false
2026-09-10T02:37:41.3744680Z   token: ***
2026-09-10T02:37:41.3744908Z   update-environment: true
2026-09-10T02:37:41.3745160Z   allow-prereleases: false
2026-09-10T02:37:41.3745400Z   freethreaded: false
2026-09-10T02:37:41.3745616Z env:
2026-09-10T02:37:41.3745888Z   UV_PYTHON_INSTALL_DIR: /home/runner/work/_temp/uv-python-dir
2026-09-10T02:37:41.3746292Z   UV_CACHE_DIR: /home/runner/work/_temp/setup-uv-cache
2026-09-10T02:37:41.3746595Z ##[endgroup]
2026-09-10T02:37:41.4906251Z ##[group]Installed versions
2026-09-10T02:37:41.5006269Z Successfully set up CPython (3.14.7)
2026-09-10T02:37:41.5007043Z ##[endgroup]
2026-09-10T02:37:41.5154675Z ##[group]Run uv sync --locked --all-extras --python 3.14
2026-09-10T02:37:41.5155176Z [36;1muv sync --locked --all-extras --python 3.14[0m
2026-09-10T02:37:41.5295954Z shell: /usr/bin/bash -e {0}
2026-09-10T02:37:41.5296411Z env:
2026-09-10T02:37:41.5296915Z   UV_PYTHON_INSTALL_DIR: /home/runner/work/_temp/uv-python-dir
2026-09-10T02:37:41.5297484Z   UV_CACHE_DIR: /home/runner/work/_temp/setup-uv-cache
2026-09-10T02:37:41.5297895Z   pythonLocation: /opt/hostedtoolcache/Python/3.14.7/x64
2026-09-10T02:37:41.5298365Z   PKG_CONFIG_PATH: /opt/hostedtoolcache/Python/3.14.7/x64/lib/pkgconfig
2026-09-10T02:37:41.5298811Z   Python_ROOT_DIR: /opt/hostedtoolcache/Python/3.14.7/x64
2026-09-10T02:37:41.5299217Z   Python2_ROOT_DIR: /opt/hostedtoolcache/Python/3.14.7/x64
2026-09-10T02:37:41.5300158Z   Python3_ROOT_DIR: /opt/hostedtoolcache/Python/3.14.7/x64
2026-09-10T02:37:41.5300890Z   LD_LIBRARY_PATH: /opt/hostedtoolcache/Python/3.14.7/x64/lib
2026-09-10T02:37:41.5301450Z ##[endgroup]
2026-09-10T02:37:42.2346123Z Using CPython 3.14.7 interpreter at: /opt/hostedtoolcache/Python/3.14.7/x64/bin/python3.14
2026-09-10T02:37:42.2347120Z Creating virtual environment at: .venv
2026-09-10T02:37:42.3948866Z Resolved 16 packages in 158ms
2026-09-10T02:37:42.4037521Z    Building stocks-predictor @ file:///home/runner/work/stocks-predictor/stocks-predictor
2026-09-10T02:37:42.4210047Z Downloading pygments (1.2MiB)
2026-09-10T02:37:42.4244185Z Downloading pyright (5.9MiB)
2026-09-10T02:37:42.4244884Z Downloading ruff (9.8MiB)
2026-09-10T02:37:42.6275297Z  Downloaded ruff
2026-09-10T02:37:42.6755566Z  Downloaded pygments
2026-09-10T02:37:43.3830431Z  Downloaded pyright
2026-09-10T02:37:43.5201291Z       Built stocks-predictor @ file:///home/runner/work/stocks-predictor/stocks-predictor
2026-09-10T02:37:43.5209678Z Prepared 14 packages in 1.12s
2026-09-10T02:37:43.6418223Z Installed 15 packages in 120ms
2026-09-10T02:37:43.6452594Z  + build==1.6.0
2026-09-10T02:37:43.6453000Z  + coverage==7.16.0
2026-09-10T02:37:43.6453417Z  + iniconfig==2.3.0
2026-09-10T02:37:43.6453792Z  + nodeenv==1.10.0
2026-09-10T02:37:43.6460642Z  + packaging==26.3
2026-09-10T02:37:43.6461285Z  + pluggy==1.6.0
2026-09-10T02:37:43.6462428Z  + predictor-core==3.2.0 (from https://github.com/leonardosovienski/core-predictor/releases/download/v3.2.0/predictor_core-3.2.0-py3-none-any.whl)
2026-09-10T02:37:43.6463647Z  + pygments==2.21.0
2026-09-10T02:37:43.6464052Z  + pyproject-hooks==1.2.0
2026-09-10T02:37:43.6464474Z  + pyright==1.1.411
2026-09-10T02:37:43.6464846Z  + pytest==9.1.1
2026-09-10T02:37:43.6465297Z  + pyyaml==6.0.3
2026-09-10T02:37:43.6465700Z  + ruff==0.16.5
2026-09-10T02:37:43.6466380Z  + stocks-predictor==0.1.0 (from file:///home/runner/work/stocks-predictor/stocks-predictor)
2026-09-10T02:37:43.6467231Z  + typing-extensions==4.16.0
2026-09-10T02:37:43.6552557Z ##[group]Run uv run --no-sync python main.py doctor --check
2026-09-10T02:37:43.6553056Z [36;1muv run --no-sync python main.py doctor --check[0m
2026-09-10T02:37:43.6589753Z shell: /usr/bin/bash -e {0}
2026-09-10T02:37:43.6590269Z env:
2026-09-10T02:37:43.6590559Z   UV_PYTHON_INSTALL_DIR: /home/runner/work/_temp/uv-python-dir
2026-09-10T02:37:43.6590968Z   UV_CACHE_DIR: /home/runner/work/_temp/setup-uv-cache
2026-09-10T02:37:43.6591356Z   pythonLocation: /opt/hostedtoolcache/Python/3.14.7/x64
2026-09-10T02:37:43.6591787Z   PKG_CONFIG_PATH: /opt/hostedtoolcache/Python/3.14.7/x64/lib/pkgconfig
2026-09-10T02:37:43.6592202Z   Python_ROOT_DIR: /opt/hostedtoolcache/Python/3.14.7/x64
2026-09-10T02:37:43.6592579Z   Python2_ROOT_DIR: /opt/hostedtoolcache/Python/3.14.7/x64
2026-09-10T02:37:43.6592958Z   Python3_ROOT_DIR: /opt/hostedtoolcache/Python/3.14.7/x64
2026-09-10T02:37:43.6593360Z   LD_LIBRARY_PATH: /opt/hostedtoolcache/Python/3.14.7/x64/lib
2026-09-10T02:37:43.6593779Z ##[endgroup]
2026-09-10T02:37:43.9590834Z {
2026-09-10T02:37:43.9606907Z   "python": {
2026-09-10T02:37:43.9607230Z     "version": "3.14.7",
2026-09-10T02:37:43.9607681Z     "executable": "/home/runner/work/stocks-predictor/stocks-predictor/.venv/bin/python3",
2026-09-10T02:37:43.9608153Z     "supported": true,
2026-09-10T02:37:43.9608381Z     "required": ">=3.13,<3.15"
2026-09-10T02:37:43.9608613Z   },
2026-09-10T02:37:43.9608811Z   "sqlite_version": "3.45.1",
2026-09-10T02:37:43.9609140Z   "dependencies": {
2026-09-10T02:37:43.9609367Z     "predictor-core": {
2026-09-10T02:37:43.9609595Z       "version": "3.2.0",
2026-09-10T02:37:43.9610078Z       "metadata_compatible": true,
2026-09-10T02:37:43.9610586Z       "status": "compatible_stable_release"
2026-09-10T02:37:43.9611053Z     },
2026-09-10T02:37:43.9611364Z     "PyYAML": {
2026-09-10T02:37:43.9611724Z       "version": "6.0.3",
2026-09-10T02:37:43.9612170Z       "metadata_compatible": true,
2026-09-10T02:37:43.9612644Z       "status": "compatible_stable_release"
2026-09-10T02:37:43.9613104Z     }
2026-09-10T02:37:43.9613396Z   },
2026-09-10T02:37:43.9613733Z   "runtime_metadata_compatible": true,
2026-09-10T02:37:43.9614189Z   "database": {
2026-09-10T02:37:43.9614560Z     "status": "not_requested"
2026-09-10T02:37:43.9614795Z   },
2026-09-10T02:37:43.9615276Z   "scope": "Offline metadata and optional SQLite quick_check; no dependency import, migration, or operational certification."
2026-09-10T02:37:43.9615814Z }
2026-09-10T02:37:43.9764815Z ##[group]Run uv run --no-sync ruff check stocks_predictor tests main.py tools/data_bank.py tools/benchmark_ingestion.py research/session-20260909/data_completion research/session-20260910/integral
2026-09-10T02:37:43.9767318Z [36;1muv run --no-sync ruff check stocks_predictor tests main.py tools/data_bank.py tools/benchmark_ingestion.py research/session-20260909/data_completion research/session-20260910/integral[0m
2026-09-10T02:37:43.9816603Z shell: /usr/bin/bash -e {0}
2026-09-10T02:37:43.9816871Z env:
2026-09-10T02:37:43.9817166Z   UV_PYTHON_INSTALL_DIR: /home/runner/work/_temp/uv-python-dir
2026-09-10T02:37:43.9817576Z   UV_CACHE_DIR: /home/runner/work/_temp/setup-uv-cache
2026-09-10T02:37:43.9817958Z   pythonLocation: /opt/hostedtoolcache/Python/3.14.7/x64
2026-09-10T02:37:43.9818408Z   PKG_CONFIG_PATH: /opt/hostedtoolcache/Python/3.14.7/x64/lib/pkgconfig
2026-09-10T02:37:43.9818840Z   Python_ROOT_DIR: /opt/hostedtoolcache/Python/3.14.7/x64
2026-09-10T02:37:43.9819280Z   Python2_ROOT_DIR: /opt/hostedtoolcache/Python/3.14.7/x64
2026-09-10T02:37:43.9819676Z   Python3_ROOT_DIR: /opt/hostedtoolcache/Python/3.14.7/x64
2026-09-10T02:37:43.9820402Z   LD_LIBRARY_PATH: /opt/hostedtoolcache/Python/3.14.7/x64/lib
2026-09-10T02:37:43.9820737Z ##[endgroup]
2026-09-10T02:37:44.0244734Z All checks passed!
2026-09-10T02:37:44.0294542Z ##[group]Run uv run --no-sync pyright --pythonversion 3.14
2026-09-10T02:37:44.0295014Z [36;1muv run --no-sync pyright --pythonversion 3.14[0m
2026-09-10T02:37:44.0336139Z shell: /usr/bin/bash -e {0}
2026-09-10T02:37:44.0336398Z env:
2026-09-10T02:37:44.0336688Z   UV_PYTHON_INSTALL_DIR: /home/runner/work/_temp/uv-python-dir
2026-09-10T02:37:44.0337090Z   UV_CACHE_DIR: /home/runner/work/_temp/setup-uv-cache
2026-09-10T02:37:44.0337461Z   pythonLocation: /opt/hostedtoolcache/Python/3.14.7/x64
2026-09-10T02:37:44.0337887Z   PKG_CONFIG_PATH: /opt/hostedtoolcache/Python/3.14.7/x64/lib/pkgconfig
2026-09-10T02:37:44.0338309Z   Python_ROOT_DIR: /opt/hostedtoolcache/Python/3.14.7/x64
2026-09-10T02:37:44.0338715Z   Python2_ROOT_DIR: /opt/hostedtoolcache/Python/3.14.7/x64
2026-09-10T02:37:44.0339113Z   Python3_ROOT_DIR: /opt/hostedtoolcache/Python/3.14.7/x64
2026-09-10T02:37:44.0339499Z   LD_LIBRARY_PATH: /opt/hostedtoolcache/Python/3.14.7/x64/lib
2026-09-10T02:37:44.0340116Z ##[endgroup]
2026-09-10T02:37:47.3698606Z 0 errors, 0 warnings, 0 informations
2026-09-10T02:37:47.4852691Z WARNING: there is a new pyright version available (v1.1.411 -> v1.1.413).
2026-09-10T02:37:47.4853854Z Please install the new version or set PYRIGHT_PYTHON_FORCE_VERSION to `latest`
2026-09-10T02:37:47.4854512Z 
2026-09-10T02:37:47.5041674Z ##[group]Run uv run --no-sync python research/session-20260910/integral/verify_audit.py
2026-09-10T02:37:47.5042294Z [36;1muv run --no-sync python research/session-20260910/integral/verify_audit.py[0m
2026-09-10T02:37:47.5078217Z shell: /usr/bin/bash -e {0}
2026-09-10T02:37:47.5078467Z env:
2026-09-10T02:37:47.5078752Z   UV_PYTHON_INSTALL_DIR: /home/runner/work/_temp/uv-python-dir
2026-09-10T02:37:47.5079154Z   UV_CACHE_DIR: /home/runner/work/_temp/setup-uv-cache
2026-09-10T02:37:47.5079529Z   pythonLocation: /opt/hostedtoolcache/Python/3.14.7/x64
2026-09-10T02:37:47.5080097Z   PKG_CONFIG_PATH: /opt/hostedtoolcache/Python/3.14.7/x64/lib/pkgconfig
2026-09-10T02:37:47.5080531Z   Python_ROOT_DIR: /opt/hostedtoolcache/Python/3.14.7/x64
2026-09-10T02:37:47.5080913Z   Python2_ROOT_DIR: /opt/hostedtoolcache/Python/3.14.7/x64
2026-09-10T02:37:47.5081318Z   Python3_ROOT_DIR: /opt/hostedtoolcache/Python/3.14.7/x64
2026-09-10T02:37:47.5081737Z   LD_LIBRARY_PATH: /opt/hostedtoolcache/Python/3.14.7/x64/lib
2026-09-10T02:37:47.5082067Z ##[endgroup]
2026-09-10T02:37:47.5991484Z {
2026-09-10T02:37:47.5991834Z   "status": "PASS_ARTIFACT_INTEGRITY_ONLY",
2026-09-10T02:37:47.5992453Z   "registry_sha256": "0dc48afc64c361140fdb413cc80c0e0bb7abdecf0975624b45e37dd505d3e685",
2026-09-10T02:37:47.5993025Z   "counts": {
2026-09-10T02:37:47.5993270Z     "evidence": 31,
2026-09-10T02:37:47.5993521Z     "claims": 22,
2026-09-10T02:37:47.5993765Z     "issues": 16,
2026-09-10T02:37:47.5994009Z     "decisions": 7,
2026-09-10T02:37:47.5994261Z     "fronts": 24,
2026-09-10T02:37:47.5994507Z     "datasets": 7,
2026-09-10T02:37:47.5994757Z     "uses": 7,
2026-09-10T02:37:47.5994991Z     "runs": 19
2026-09-10T02:37:47.5995214Z   },
2026-09-10T02:37:47.5995693Z   "limitation": "Hashes and references are verified, not economic truth or external completeness."
2026-09-10T02:37:47.5996599Z }
2026-09-10T02:37:47.6097342Z ##[group]Run uv run --no-sync coverage run -m pytest -q --durations=15 --junitxml=test-results.xml
2026-09-10T02:37:47.6098030Z [36;1muv run --no-sync coverage run -m pytest -q --durations=15 --junitxml=test-results.xml[0m
2026-09-10T02:37:47.6134634Z shell: /usr/bin/bash -e {0}
2026-09-10T02:37:47.6134885Z env:
2026-09-10T02:37:47.6135169Z   UV_PYTHON_INSTALL_DIR: /home/runner/work/_temp/uv-python-dir
2026-09-10T02:37:47.6135574Z   UV_CACHE_DIR: /home/runner/work/_temp/setup-uv-cache
2026-09-10T02:37:47.6135962Z   pythonLocation: /opt/hostedtoolcache/Python/3.14.7/x64
2026-09-10T02:37:47.6136403Z   PKG_CONFIG_PATH: /opt/hostedtoolcache/Python/3.14.7/x64/lib/pkgconfig
2026-09-10T02:37:47.6136831Z   Python_ROOT_DIR: /opt/hostedtoolcache/Python/3.14.7/x64
2026-09-10T02:37:47.6137209Z   Python2_ROOT_DIR: /opt/hostedtoolcache/Python/3.14.7/x64
2026-09-10T02:37:47.6137583Z   Python3_ROOT_DIR: /opt/hostedtoolcache/Python/3.14.7/x64
2026-09-10T02:37:47.6138001Z   LD_LIBRARY_PATH: /opt/hostedtoolcache/Python/3.14.7/x64/lib
2026-09-10T02:37:47.6138325Z ##[endgroup]
2026-09-10T02:37:54.5790365Z .................................................................. [  7%]
2026-09-10T02:38:06.8881060Z ........................................................................ [ 16%]
2026-09-10T02:38:07.1295946Z ................................................................... [ 24%]
2026-09-10T02:38:08.4384591Z ........................................................................ [ 32%]
2026-09-10T02:38:34.4002601Z ........................................................................ [ 41%]
2026-09-10T02:38:39.5524871Z ........................................................................ [ 49%]
2026-09-10T02:38:42.8942514Z ........................................................................ [ 58%]
2026-09-10T02:38:50.6609927Z .......................................................... [ 65%]
2026-09-10T02:38:55.4701030Z ........................................................................ [ 73%]
2026-09-10T02:38:56.1378451Z ........................................................................ [ 82%]
2026-09-10T02:39:32.3802267Z ........................................................................ [ 90%]
2026-09-10T02:39:35.3844560Z ........................................................................ [ 99%]
2026-09-10T02:39:35.8913255Z .......                                                                  [100%]
2026-09-10T02:39:35.8913900Z ============================= slowest 15 durations =============================
2026-09-10T02:39:35.8914823Z 20.89s call     tests/test_h11_total_return.py::test_run_h11_does_not_mutate_shared_config
2026-09-10T02:39:35.8916037Z 11.46s call     tests/test_config.py::test_main_backtest_h_dispatcher_runs
2026-09-10T02:39:35.8917024Z 11.01s call     tests/test_rj_power_gate.py::test_specificity_false_positive_rate_near_nominal
2026-09-10T02:39:35.8918064Z 8.29s call     tests/test_rj_power_gate.py::test_sensitivity_detects_planted_effect
2026-09-10T02:39:35.8919067Z 8.11s call     tests/test_rj_smoke_synthetic.py::test_judge_run_all_families_end_to_end
2026-09-10T02:39:35.8920236Z 4.34s call     tests/test_rj_power.py::test_power_is_monotone_in_effect_size
2026-09-10T02:39:35.8921089Z 2.71s call     tests/test_rj_power.py::test_simulate_power_is_deterministic
2026-09-10T02:39:35.8921681Z 2.35s call     tests/test_h11_total_return.py::test_run_h11_smoke
2026-09-10T02:39:35.8922274Z 1.70s call     tests/test_m0_genesis.py::test_stats_block_bootstrap_wider_than_iid_for_autocorrelated
2026-09-10T02:39:35.8922992Z 1.26s call     tests/test_stats_pedagio.py::test_paired_resampling_preserves_cross_correlation
2026-09-10T02:39:35.8923577Z 0.92s call     tests/test_h15_volume_surge.py::test_run_h15_smoke
2026-09-10T02:39:35.8924109Z 0.90s call     tests/test_m0_genesis.py::test_stats_block_bootstrap_moving_reproducible
2026-09-10T02:39:35.8924653Z 0.88s call     tests/test_h8_double_filter.py::test_run_h8_smoke
2026-09-10T02:39:35.8925658Z 0.86s call     tests/test_h4_sizing.py::test_run_h4_smoke
2026-09-10T02:39:35.8926077Z 0.85s call     tests/test_h2_gate.py::test_run_h2_smoke
2026-09-10T02:39:35.8926459Z 846 passed, 25 subtests passed in 105.73s (0:01:45)
2026-09-10T02:39:36.0724586Z ##[group]Run uv run --no-sync coverage json -o coverage.json
2026-09-10T02:39:36.0725068Z [36;1muv run --no-sync coverage json -o coverage.json[0m
2026-09-10T02:39:36.0725429Z [36;1muv run --no-sync coverage report[0m
2026-09-10T02:39:36.0762495Z shell: /usr/bin/bash -e {0}
2026-09-10T02:39:36.0773972Z env:
2026-09-10T02:39:36.0774356Z   UV_PYTHON_INSTALL_DIR: /home/runner/work/_temp/uv-python-dir
2026-09-10T02:39:36.0774785Z   UV_CACHE_DIR: /home/runner/work/_temp/setup-uv-cache
2026-09-10T02:39:36.0775175Z   pythonLocation: /opt/hostedtoolcache/Python/3.14.7/x64
2026-09-10T02:39:36.0775604Z   PKG_CONFIG_PATH: /opt/hostedtoolcache/Python/3.14.7/x64/lib/pkgconfig
2026-09-10T02:39:36.0776051Z   Python_ROOT_DIR: /opt/hostedtoolcache/Python/3.14.7/x64
2026-09-10T02:39:36.0776453Z   Python2_ROOT_DIR: /opt/hostedtoolcache/Python/3.14.7/x64
2026-09-10T02:39:36.0776840Z   Python3_ROOT_DIR: /opt/hostedtoolcache/Python/3.14.7/x64
2026-09-10T02:39:36.0777256Z   LD_LIBRARY_PATH: /opt/hostedtoolcache/Python/3.14.7/x64/lib
2026-09-10T02:39:36.0777588Z ##[endgroup]
2026-09-10T02:39:37.0226435Z Wrote JSON report to coverage.json
2026-09-10T02:39:37.7551471Z Name                                            Stmts   Miss Branch BrPart  Cover   Missing
2026-09-10T02:39:37.7552293Z -------------------------------------------------------------------------------------------
2026-09-10T02:39:37.7553131Z stocks_predictor/__init__.py                        0      0      0      0   100%
2026-09-10T02:39:37.7554159Z stocks_predictor/adjust.py                        149     15     68     13    86%   30-31, 51->50, 66, 85, 87, 143->exit, 172-174, 201, 259->267, 302, 319-322, 325, 334
2026-09-10T02:39:37.7555320Z stocks_predictor/analyst.py                        55     32     14      4    42%   33-57, 80, 84-87, 93-96, 105-109, 113-118, 122
2026-09-10T02:39:37.7556549Z stocks_predictor/backtest.py                      328     18     64     13    92%   123, 130-131, 141-142, 162, 171, 188, 191, 219-221, 239-242, 261->265, 263->265, 685, 728-729
2026-09-10T02:39:37.7557799Z stocks_predictor/buffered_rebalance.py             76      6     34      6    89%   42, 44, 51, 60, 63, 101
2026-09-10T02:39:37.7558770Z stocks_predictor/cash_events.py                    85     12     38     10    82%   13, 30, 35, 41, 47, 65-68, 83, 84->86, 86->78, 99, 105
2026-09-10T02:39:37.7560339Z stocks_predictor/cash_source_audit.py             242     24    146     22    88%   22, 34, 36, 55, 123, 182, 185, 194, 197, 208, 222, 226, 233, 248, 258-259, 261, 274, 297, 301, 323, 331, 363, 366
2026-09-10T02:39:37.7561574Z stocks_predictor/config.py                        120      6     30      5    93%   37, 68, 71-72, 78, 117
2026-09-10T02:39:37.7563273Z stocks_predictor/continuous_cash.py               356     42    198     45    84%   49, 55-56, 62, 65, 68, 78, 123, 126, 151, 153, 160, 162, 169, 171, 174, 181, 187, 193, 195, 201, 206, 224->178, 228, 230->233, 239, 242, 248, 290, 301, 303, 307, 308->exit, 326, 328, 330, 333, 338, 347, 355, 376, 379->373, 383, 407, 457, 462
2026-09-10T02:39:37.7565362Z stocks_predictor/continuous_research.py           177     32    100     26    78%   32, 34, 36, 40, 44, 48, 51, 53, 57, 60, 67, 73, 77, 98, 122, 124, 129, 132, 138, 147, 157, 166, 169, 174, 176-180, 207-208, 242
2026-09-10T02:39:37.7566665Z stocks_predictor/cotahist.py                      140      0     50      2    99%   141->132, 229->232
2026-09-10T02:39:37.7568235Z stocks_predictor/cvm_pit.py                       305     45    136     36    81%   44, 74, 78, 82, 94, 97, 107, 109-111, 114, 135, 139, 142, 145, 159, 175, 178, 196, 253, 282, 287, 289->285, 307-310, 320, 328, 336, 341->343, 350, 365, 376, 381->379, 394-397, 402, 418, 430, 438, 445, 464, 471->452, 477-479
2026-09-10T02:39:37.7570379Z stocks_predictor/db.py                             44      3      4      1    92%   427-429
2026-09-10T02:39:37.7571189Z stocks_predictor/diagnostics.py                    45      1      4      1    96%   73
2026-09-10T02:39:37.7572402Z stocks_predictor/disclosed_accounting.py           19      1      8      3    85%   16->20, 19, 23->30
2026-09-10T02:39:37.7573760Z stocks_predictor/discovery_h17.py                 230     85    118     18    58%   24-25, 29, 48, 69, 75, 78, 89-91, 109-110, 124, 131, 133, 135-136, 149, 154->144, 156, 162-163, 168, 219-228, 238-289, 293-298, 302
2026-09-10T02:39:37.7575333Z stocks_predictor/discovery_reorganizations.py     197     86    116     14    54%   30, 32, 37, 41, 51, 81-82, 90, 101, 110, 121-122, 129, 140, 164, 171-182, 187-247, 251-255, 260
2026-09-10T02:39:37.7577078Z stocks_predictor/discovery_value.py               239    114    116     22    51%   32-38, 44, 46, 48-49, 63, 65, 70, 76, 78, 83, 91, 99, 102, 105, 113, 125, 130, 137, 149-158, 162-163, 175, 199, 204-205, 210, 222-255, 261-281, 285-317, 321-325, 330
2026-09-10T02:39:37.7578808Z stocks_predictor/discovery_value_repair.py         93     52     44      6    42%   22, 26, 29-30, 32->31, 52, 57-107, 111-115, 120
2026-09-10T02:39:37.7580157Z stocks_predictor/document_panel.py                 82      5     44      5    92%   45, 52, 105, 109, 111
2026-09-10T02:39:37.7581156Z stocks_predictor/economic_gate.py                  55      3     18      2    93%   35, 45, 86
2026-09-10T02:39:37.7582081Z stocks_predictor/economics.py                      78      0     30      0   100%
2026-09-10T02:39:37.7582964Z stocks_predictor/ecosystem_plugin.py                9      0      0      0   100%
2026-09-10T02:39:37.7583947Z stocks_predictor/entry_feasibility.py              58      8     28      6    84%   23, 47, 54-55, 74, 77, 80, 84
2026-09-10T02:39:37.7585079Z stocks_predictor/etf_hold.py                      135     15     62     11    87%   28, 34, 47, 67, 85-87, 90-92, 105, 131, 203, 206, 209
2026-09-10T02:39:37.7586106Z stocks_predictor/execution.py                      31      1      8      1    95%   86
2026-09-10T02:39:37.7587190Z stocks_predictor/factor.py                        165     10     78     13    91%   15, 38, 53->51, 77->75, 97, 193, 203->201, 233, 283, 326, 329, 380, 388
2026-09-10T02:39:37.7588306Z stocks_predictor/h20_checked.py                    53     26     18      2    46%   30, 40-53, 57-66, 72
2026-09-10T02:39:37.7589345Z stocks_predictor/h20_continuous.py                121     43     42      5    67%   34, 90, 93, 97, 133-172, 187-199, 203
2026-09-10T02:39:37.7590586Z stocks_predictor/h20_research.py                  117     76     46      4    30%   26-42, 49, 54, 84-110, 114-144, 165-179, 183
2026-09-10T02:39:37.7591573Z stocks_predictor/ingest_cotahist.py                28      5      8      2    81%   16-18, 31, 38
2026-09-10T02:39:37.7593157Z stocks_predictor/ingest_cvm.py                    471     41    206     37    88%   144-146, 197, 202-203, 207->212, 224, 253, 296, 319, 359, 387, 390-392, 396, 401, 442, 445-447, 451, 453->449, 469-470, 499, 527, 532, 542, 565, 568, 698->696, 704, 819, 825, 851, 856, 859, 863->844, 911, 917, 939, 992, 995, 1024, 1040
2026-09-10T02:39:37.7594972Z stocks_predictor/ingest_rj_universe.py             80      4     26      2    94%   48-50, 103->102, 180
2026-09-10T02:39:37.7595985Z stocks_predictor/paper.py                          87      5     22      5    91%   84->91, 136, 137->143, 146, 170-171, 175
2026-09-10T02:39:37.7596875Z stocks_predictor/portfolio.py                      33      1      8      1    95%   82
2026-09-10T02:39:37.7597952Z stocks_predictor/profit_validation.py             115     59     60      7    45%   17, 38, 42, 49, 61, 72, 78, 86-108, 133-169
2026-09-10T02:39:37.7599044Z stocks_predictor/report.py                         56      3     12      2    93%   243-244, 283
2026-09-10T02:39:37.7600905Z stocks_predictor/retail_cash.py                   308     35    164     35    85%   27, 45, 48->51, 69, 81, 94, 99, 108, 114, 129, 132, 138, 141, 144, 146, 156, 181, 194, 214, 230, 233, 236, 251, 254, 257, 259, 262, 308, 318->313, 336, 339, 349, 374, 379, 384-386
2026-09-10T02:39:37.7602730Z stocks_predictor/returns.py                        15      0      6      1    95%   18->17
2026-09-10T02:39:37.7603840Z stocks_predictor/rj_coda.py                        40      2     18      2    93%   34, 83
2026-09-10T02:39:37.7604801Z stocks_predictor/rj_episodes.py                    56      4     30      4    91%   53, 78, 109, 128
2026-09-10T02:39:37.7606069Z stocks_predictor/rj_families.py                   109     19     46     16    77%   35, 45, 48, 64, 69, 82, 86, 89, 103, 105, 107, 129, 135-136, 137->127, 154, 158, 189-190, 227
2026-09-10T02:39:37.7607426Z stocks_predictor/rj_families_next.py               73      7     28      6    87%   32, 36->35, 49, 72, 78-79, 124, 169
2026-09-10T02:39:37.7608526Z stocks_predictor/rj_judge.py                      123      3     46      4    96%   50, 126, 136->134, 213
2026-09-10T02:39:37.7609524Z stocks_predictor/rj_judge_robust.py                61      4     24      4    91%   30, 59, 86-87, 89->77
2026-09-10T02:39:37.7610702Z stocks_predictor/rj_outcomes.py                    44      5     24      4    84%   28, 33, 39, 97-100
2026-09-10T02:39:37.7611666Z stocks_predictor/rj_pipeline.py                   155     32     48      2    82%   90, 377-379, 383-419, 423
2026-09-10T02:39:37.7612702Z stocks_predictor/rj_power.py                       67     26     24      1    64%   75, 100-133, 137
2026-09-10T02:39:37.7614353Z stocks_predictor/simulation.py                    269     44    156     37    79%   29, 32, 34, 48, 61-62, 70, 75, 103, 105, 107, 109, 111, 114, 128, 146-155, 159, 161->156, 164->156, 169, 203->212, 213, 243-244, 250, 254, 270->218, 279, 285, 289->293, 311-314, 350, 352, 353->358, 373-374, 380, 382, 390-391, 393
2026-09-10T02:39:37.7616066Z stocks_predictor/source_closure.py                133    106     64      2    17%   32, 43-44, 48-52, 56-156, 170-181, 185
2026-09-10T02:39:37.7617240Z stocks_predictor/source_history.py                 88     14     32      8    82%   32, 34, 43, 87-93, 130, 133-134, 136, 171, 174-184
2026-09-10T02:39:37.7618345Z stocks_predictor/stock_events.py                   25      4     10      4    77%   8, 21, 23, 26
2026-09-10T02:39:37.7619307Z stocks_predictor/trials_gate.py                    87      2     14      1    97%   106-107, 218->220
2026-09-10T02:39:37.7620301Z stocks_predictor/universe.py                       63      1     22      1    98%   21
2026-09-10T02:39:37.7621102Z stocks_predictor/validation.py                     15      0      6      0   100%
2026-09-10T02:39:37.7622103Z stocks_predictor/value_profitability.py           112      9     54      9    89%   19, 34, 39-40, 68, 84, 117, 133, 135, 143->147
2026-09-10T02:39:37.7623185Z -------------------------------------------------------------------------------------------
2026-09-10T02:39:37.7623979Z TOTAL                                            6517   1196   2820    493    79%
2026-09-10T02:39:37.7799224Z Node 20 is being deprecated. This workflow is running with Node 24 by default. If you need to temporarily use Node 20, you can set the ACTIONS_ALLOW_USE_UNSECURE_NODE_VERSION=true environment variable. For more information see: https://github.blog/changelog/2025-09-19-deprecation-of-node-20-on-github-actions-runners/
2026-09-10T02:39:37.7800876Z ##[group]Run actions/upload-artifact@v4
2026-09-10T02:39:37.7801165Z with:
2026-09-10T02:39:37.7801385Z   name: quality-python-3.14
2026-09-10T02:39:37.7801659Z   path: test-results.xml
coverage.json

2026-09-10T02:39:37.7802015Z   retention-days: 14
2026-09-10T02:39:37.7802268Z   if-no-files-found: ignore
2026-09-10T02:39:37.7802514Z   compression-level: 6
2026-09-10T02:39:37.7802731Z   overwrite: false
2026-09-10T02:39:37.7802948Z   include-hidden-files: false
2026-09-10T02:39:37.7803185Z env:
2026-09-10T02:39:37.7803452Z   UV_PYTHON_INSTALL_DIR: /home/runner/work/_temp/uv-python-dir
2026-09-10T02:39:37.7803877Z   UV_CACHE_DIR: /home/runner/work/_temp/setup-uv-cache
2026-09-10T02:39:37.7804452Z   pythonLocation: /opt/hostedtoolcache/Python/3.14.7/x64
2026-09-10T02:39:37.7804880Z   PKG_CONFIG_PATH: /opt/hostedtoolcache/Python/3.14.7/x64/lib/pkgconfig
2026-09-10T02:39:37.7805306Z   Python_ROOT_DIR: /opt/hostedtoolcache/Python/3.14.7/x64
2026-09-10T02:39:37.7805681Z   Python2_ROOT_DIR: /opt/hostedtoolcache/Python/3.14.7/x64
2026-09-10T02:39:37.7806051Z   Python3_ROOT_DIR: /opt/hostedtoolcache/Python/3.14.7/x64
2026-09-10T02:39:37.7806433Z   LD_LIBRARY_PATH: /opt/hostedtoolcache/Python/3.14.7/x64/lib
2026-09-10T02:39:37.7806755Z ##[endgroup]
2026-09-10T02:39:37.9439436Z (node:2507) [DEP0040] DeprecationWarning: The `punycode` module is deprecated. Please use a userland alternative instead.
2026-09-10T02:39:37.9440606Z (Use `node --trace-deprecation ...` to show where the warning was created)
2026-09-10T02:39:37.9490861Z Multiple search paths detected. Calculating the least common ancestor of all paths
2026-09-10T02:39:37.9501596Z The least common ancestor is /home/runner/work/stocks-predictor/stocks-predictor. This will be the root directory of the artifact
2026-09-10T02:39:37.9503055Z With the provided path, there will be 2 files uploaded
2026-09-10T02:39:37.9504077Z Artifact name is valid!
2026-09-10T02:39:37.9504687Z Root directory input is valid!
2026-09-10T02:39:38.1436446Z Beginning upload of artifact content to blob storage
2026-09-10T02:39:38.1794563Z (node:2507) [DEP0169] DeprecationWarning: `url.parse()` behavior is not standardized and prone to errors that have security implications. Use the WHATWG URL API instead. CVEs are not issued for `url.parse()` vulnerabilities.
2026-09-10T02:39:38.2093219Z Uploaded bytes 66340
2026-09-10T02:39:38.2252581Z Finished uploading artifact content to blob storage!
2026-09-10T02:39:38.2253868Z SHA256 digest of uploaded artifact zip is 5b5b3849ee2ceed52a1b38d63b6e3cf849dd138b25c076bf63e0c124ece1f91a
2026-09-10T02:39:38.2255720Z Finalizing artifact upload
2026-09-10T02:39:38.4310105Z Artifact quality-python-3.14.zip successfully finalized. Artifact ID 10134216039
2026-09-10T02:39:38.4311499Z Artifact quality-python-3.14 has been successfully uploaded! Final size is 66340 bytes. Artifact ID is 10134216039
2026-09-10T02:39:38.4319345Z Artifact download URL: https://github.com/leonardosovienski/stocks-predictor/actions/runs/34430178230/artifacts/10134216039
2026-09-10T02:39:38.4438876Z ##[group]Run uv build --locked
2026-09-10T02:39:38.4439190Z [36;1muv build --locked[0m
2026-09-10T02:39:38.4476787Z shell: /usr/bin/bash -e {0}
2026-09-10T02:39:38.4477045Z env:
2026-09-10T02:39:38.4477341Z   UV_PYTHON_INSTALL_DIR: /home/runner/work/_temp/uv-python-dir
2026-09-10T02:39:38.4477758Z   UV_CACHE_DIR: /home/runner/work/_temp/setup-uv-cache
2026-09-10T02:39:38.4478181Z   pythonLocation: /opt/hostedtoolcache/Python/3.14.7/x64
2026-09-10T02:39:38.4478636Z   PKG_CONFIG_PATH: /opt/hostedtoolcache/Python/3.14.7/x64/lib/pkgconfig
2026-09-10T02:39:38.4479084Z   Python_ROOT_DIR: /opt/hostedtoolcache/Python/3.14.7/x64
2026-09-10T02:39:38.4479487Z   Python2_ROOT_DIR: /opt/hostedtoolcache/Python/3.14.7/x64
2026-09-10T02:39:38.4480181Z   Python3_ROOT_DIR: /opt/hostedtoolcache/Python/3.14.7/x64
2026-09-10T02:39:38.4480596Z   LD_LIBRARY_PATH: /opt/hostedtoolcache/Python/3.14.7/x64/lib
2026-09-10T02:39:38.4480949Z ##[endgroup]
2026-09-10T02:39:38.4576054Z error: unexpected argument '--locked' found
2026-09-10T02:39:38.4576458Z 
2026-09-10T02:39:38.4576722Z   tip: to pass '--locked' as a value, use '-- --locked'
2026-09-10T02:39:38.4577141Z 
2026-09-10T02:39:38.4577317Z Usage: uv build [OPTIONS] [SRC]
2026-09-10T02:39:38.4577620Z 
2026-09-10T02:39:38.4577805Z For more information, try '--help'.
2026-09-10T02:39:38.4592956Z ##[error]Process completed with exit code 2.
2026-09-10T02:39:38.4709366Z Post job cleanup.
2026-09-10T02:39:38.5551920Z [command]/usr/bin/git version
2026-09-10T02:39:38.5596034Z git version 2.55.0
2026-09-10T02:39:38.5634820Z Temporarily overriding HOME='/home/runner/work/_temp/15e4695f-26d7-4127-9a81-17874b945e41' before making global git config changes
2026-09-10T02:39:38.5636422Z Adding repository directory to the temporary git global config as a safe directory
2026-09-10T02:39:38.5641466Z [command]/usr/bin/git config --global --add safe.directory /home/runner/work/stocks-predictor/stocks-predictor
2026-09-10T02:39:38.5680414Z Removing SSH command configuration
2026-09-10T02:39:38.5688242Z [command]/usr/bin/git config --local --name-only --get-regexp core\.sshCommand
2026-09-10T02:39:38.5720781Z [command]/usr/bin/git submodule foreach --recursive sh -c "git config --local --name-only --get-regexp 'core\.sshCommand' && git config --local --unset-all 'core.sshCommand' || :"
2026-09-10T02:39:38.5982967Z Removing HTTP extra header
2026-09-10T02:39:38.5988743Z [command]/usr/bin/git config --local --name-only --get-regexp http\.https\:\/\/github\.com\/\.extraheader
2026-09-10T02:39:38.6027122Z [command]/usr/bin/git submodule foreach --recursive sh -c "git config --local --name-only --get-regexp 'http\.https\:\/\/github\.com\/\.extraheader' && git config --local --unset-all 'http.https://github.com/.extraheader' || :"
2026-09-10T02:39:38.6278532Z Removing includeIf entries pointing to credentials config files
2026-09-10T02:39:38.6287031Z [command]/usr/bin/git config --local --name-only --get-regexp ^includeIf\.gitdir:
2026-09-10T02:39:38.6325475Z includeif.gitdir:/home/runner/work/stocks-predictor/stocks-predictor/.git.path
2026-09-10T02:39:38.6351281Z includeif.gitdir:/home/runner/work/stocks-predictor/stocks-predictor/.git/worktrees/*.path
2026-09-10T02:39:38.6380540Z includeif.gitdir:/github/workspace/.git.path
2026-09-10T02:39:38.6381446Z includeif.gitdir:/github/workspace/.git/worktrees/*.path
2026-09-10T02:39:38.6383630Z [command]/usr/bin/git config --local --get-all includeif.gitdir:/home/runner/work/stocks-predictor/stocks-predictor/.git.path
2026-09-10T02:39:38.6385274Z /home/runner/work/_temp/git-credentials-d62ce135-1a13-4c4c-88ab-10e4d6c059e4.config
2026-09-10T02:39:38.6399592Z [command]/usr/bin/git config --local --unset includeif.gitdir:/home/runner/work/stocks-predictor/stocks-predictor/.git.path \/home\/runner\/work\/_temp\/git\-credentials\-d62ce135\-1a13\-4c4c\-88ab\-10e4d6c059e4\.config
2026-09-10T02:39:38.6430961Z [command]/usr/bin/git config --local --get-all includeif.gitdir:/home/runner/work/stocks-predictor/stocks-predictor/.git/worktrees/*.path
2026-09-10T02:39:38.6498063Z /home/runner/work/_temp/git-credentials-d62ce135-1a13-4c4c-88ab-10e4d6c059e4.config
2026-09-10T02:39:38.6531834Z [command]/usr/bin/git config --local --unset includeif.gitdir:/home/runner/work/stocks-predictor/stocks-predictor/.git/worktrees/*.path \/home\/runner\/work\/_temp\/git\-credentials\-d62ce135\-1a13\-4c4c\-88ab\-10e4d6c059e4\.config
2026-09-10T02:39:38.6547060Z [command]/usr/bin/git config --local --get-all includeif.gitdir:/github/workspace/.git.path
2026-09-10T02:39:38.6575130Z /github/runner_temp/git-credentials-d62ce135-1a13-4c4c-88ab-10e4d6c059e4.config
2026-09-10T02:39:38.6584704Z [command]/usr/bin/git config --local --unset includeif.gitdir:/github/workspace/.git.path \/github\/runner_temp\/git\-credentials\-d62ce135\-1a13\-4c4c\-88ab\-10e4d6c059e4\.config
2026-09-10T02:39:38.6622260Z [command]/usr/bin/git config --local --get-all includeif.gitdir:/github/workspace/.git/worktrees/*.path
2026-09-10T02:39:38.6650856Z /github/runner_temp/git-credentials-d62ce135-1a13-4c4c-88ab-10e4d6c059e4.config
2026-09-10T02:39:38.6662460Z [command]/usr/bin/git config --local --unset includeif.gitdir:/github/workspace/.git/worktrees/*.path \/github\/runner_temp\/git\-credentials\-d62ce135\-1a13\-4c4c\-88ab\-10e4d6c059e4\.config
2026-09-10T02:39:38.6753932Z [command]/usr/bin/git submodule foreach --recursive git config --local --show-origin --name-only --get-regexp remote.origin.url
2026-09-10T02:39:38.7010265Z Removing credentials config '/home/runner/work/_temp/git-credentials-d62ce135-1a13-4c4c-88ab-10e4d6c059e4.config'
2026-09-10T02:39:38.7149088Z Cleaning up orphan processes
2026-09-10T02:39:38.7606122Z ##[warning]Node.js 20 is deprecated. The following actions target Node.js 20 but are being forced to run on Node.js 24: actions/upload-artifact@v4. For more information see: https://github.blog/changelog/2025-09-19-deprecation-of-node-20-on-github-actions-runners/

