2026-09-10T03:11:14.3667285Z Current runner version: '2.337.0'
2026-09-10T03:11:14.3695538Z ##[group]Runner Image Provisioner
2026-09-10T03:11:14.3696414Z Hosted Compute Agent
2026-09-10T03:11:14.3697334Z Version: 20260828.587
2026-09-10T03:11:14.3697991Z Commit: abac92662cab4cc7352de4f9f9d2e2419aad9c29
2026-09-10T03:11:14.3698834Z Build Date: 2026-08-28T16:44:25Z
2026-09-10T03:11:14.3699550Z Worker ID: {62788f18-2703-4d46-9025-4eace8797c12}
2026-09-10T03:11:14.3700250Z Azure Region: westus3
2026-09-10T03:11:14.3700919Z ##[endgroup]
2026-09-10T03:11:14.3702450Z ##[group]Operating System
2026-09-10T03:11:14.3703163Z Ubuntu
2026-09-10T03:11:14.3703710Z 24.04.4
2026-09-10T03:11:14.3704640Z LTS
2026-09-10T03:11:14.3705326Z ##[endgroup]
2026-09-10T03:11:14.3705887Z ##[group]Runner Image
2026-09-10T03:11:14.3706559Z Image: ubuntu-24.04
2026-09-10T03:11:14.3707146Z Version: 20260831.293.1
2026-09-10T03:11:14.3708489Z Included Software: https://github.com/actions/runner-images/blob/ubuntu24/20260831.293/images/ubuntu/Ubuntu2404-Readme.md
2026-09-10T03:11:14.3710060Z Image Release: https://github.com/actions/runner-images/releases/tag/ubuntu24%2F20260831.293
2026-09-10T03:11:14.3711231Z ##[endgroup]
2026-09-10T03:11:14.3712344Z ##[group]GITHUB_TOKEN Permissions
2026-09-10T03:11:14.3714752Z Contents: read
2026-09-10T03:11:14.3715407Z Metadata: read
2026-09-10T03:11:14.3716058Z ##[endgroup]
2026-09-10T03:11:14.3718383Z Secret source: Actions
2026-09-10T03:11:14.3719420Z Cache mode: write
2026-09-10T03:11:14.3720202Z Prepare workflow directory
2026-09-10T03:11:14.4125386Z Prepare all required actions
2026-09-10T03:11:14.4174616Z Getting action download info
2026-09-10T03:11:14.7431723Z Download action repository 'actions/checkout@v7' (SHA:3d3c42e5aac5ba805825da76410c181273ba90b1)
2026-09-10T03:11:14.8700047Z Download action repository 'astral-sh/setup-uv@v7' (SHA:37802adc94f370d6bfd71619e3f0bf239e1f3b78)
2026-09-10T03:11:15.7404941Z Download action repository 'actions/setup-python@v7' (SHA:5fda3b95a4ea91299a34e894583c3862153e4b97)
2026-09-10T03:11:15.8170211Z Download action repository 'actions/upload-artifact@v4' (SHA:ea165f8d65b6e75b540449e92b4886f43607fa02)
2026-09-10T03:11:16.0510968Z Complete job name: Quality / Python 3.13
2026-09-10T03:11:16.1412830Z ##[group]Run actions/checkout@v7
2026-09-10T03:11:16.1414229Z with:
2026-09-10T03:11:16.1414922Z   repository: leonardosovienski/stocks-predictor
2026-09-10T03:11:16.1420108Z   token: ***
2026-09-10T03:11:16.1420789Z   ssh-strict: true
2026-09-10T03:11:16.1421352Z   ssh-user: git
2026-09-10T03:11:16.1421953Z   persist-credentials: true
2026-09-10T03:11:16.1422591Z   clean: true
2026-09-10T03:11:16.1423151Z   sparse-checkout-cone-mode: true
2026-09-10T03:11:16.1424157Z   fetch-depth: 1
2026-09-10T03:11:16.1424737Z   fetch-tags: false
2026-09-10T03:11:16.1425339Z   show-progress: true
2026-09-10T03:11:16.1425938Z   lfs: false
2026-09-10T03:11:16.1426499Z   submodules: false
2026-09-10T03:11:16.1427118Z   set-safe-directory: true
2026-09-10T03:11:16.1427758Z   allow-unsafe-pr-checkout: false
2026-09-10T03:11:16.1428786Z ##[endgroup]
2026-09-10T03:11:16.2575043Z Syncing repository: leonardosovienski/stocks-predictor
2026-09-10T03:11:16.2577331Z ##[group]Getting Git version info
2026-09-10T03:11:16.2578399Z Working directory is '/home/runner/work/stocks-predictor/stocks-predictor'
2026-09-10T03:11:16.2579780Z [command]/usr/bin/git version
2026-09-10T03:11:16.2611877Z git version 2.55.0
2026-09-10T03:11:16.2644860Z ##[endgroup]
2026-09-10T03:11:16.2657566Z Temporarily overriding HOME='/home/runner/work/_temp/27f5fafc-e122-47a5-bb99-9a3fde1ff8ad' before making global git config changes
2026-09-10T03:11:16.2661211Z Adding repository directory to the temporary git global config as a safe directory
2026-09-10T03:11:16.2666625Z [command]/usr/bin/git config --global --add safe.directory /home/runner/work/stocks-predictor/stocks-predictor
2026-09-10T03:11:16.2717739Z Deleting the contents of '/home/runner/work/stocks-predictor/stocks-predictor'
2026-09-10T03:11:16.2721221Z ##[group]Determining repository object format
2026-09-10T03:11:16.2723406Z ##[endgroup]
2026-09-10T03:11:16.2725183Z ##[group]Initializing the repository
2026-09-10T03:11:16.2728250Z [command]/usr/bin/git init /home/runner/work/stocks-predictor/stocks-predictor
2026-09-10T03:11:16.2839837Z hint: Using 'master' as the name for the initial branch. This default branch name
2026-09-10T03:11:16.2841941Z hint: will change to "main" in Git 3.0. To configure the initial branch name
2026-09-10T03:11:16.2844519Z hint: to use in all of your new repositories, which will suppress this warning,
2026-09-10T03:11:16.2846082Z hint: call:
2026-09-10T03:11:16.2846827Z hint:
2026-09-10T03:11:16.2847756Z hint: 	git config --global init.defaultBranch <name>
2026-09-10T03:11:16.2848900Z hint:
2026-09-10T03:11:16.2850137Z hint: Names commonly chosen instead of 'master' are 'main', 'trunk' and
2026-09-10T03:11:16.2852017Z hint: 'development'. The just-created branch can be renamed via this command:
2026-09-10T03:11:16.2853496Z hint:
2026-09-10T03:11:16.2854445Z hint: 	git branch -m <name>
2026-09-10T03:11:16.2855349Z hint:
2026-09-10T03:11:16.2856496Z hint: Disable this message with "git config set advice.defaultBranchName false"
2026-09-10T03:11:16.2858471Z Initialized empty Git repository in /home/runner/work/stocks-predictor/stocks-predictor/.git/
2026-09-10T03:11:16.2861173Z [command]/usr/bin/git remote add origin https://github.com/leonardosovienski/stocks-predictor
2026-09-10T03:11:16.2909682Z ##[endgroup]
2026-09-10T03:11:16.2911159Z ##[group]Disabling automatic garbage collection
2026-09-10T03:11:16.2913251Z [command]/usr/bin/git config --local gc.auto 0
2026-09-10T03:11:16.2950960Z ##[endgroup]
2026-09-10T03:11:16.2952797Z ##[group]Setting up auth
2026-09-10T03:11:16.2953808Z Removing SSH command configuration
2026-09-10T03:11:16.2967032Z [command]/usr/bin/git config --local --name-only --get-regexp core\.sshCommand
2026-09-10T03:11:16.3003655Z [command]/usr/bin/git submodule foreach --recursive sh -c "git config --local --name-only --get-regexp 'core\.sshCommand' && git config --local --unset-all 'core.sshCommand' || :"
2026-09-10T03:11:16.3401407Z Removing HTTP extra header
2026-09-10T03:11:16.3409238Z [command]/usr/bin/git config --local --name-only --get-regexp http\.https\:\/\/github\.com\/\.extraheader
2026-09-10T03:11:16.3456125Z [command]/usr/bin/git submodule foreach --recursive sh -c "git config --local --name-only --get-regexp 'http\.https\:\/\/github\.com\/\.extraheader' && git config --local --unset-all 'http.https://github.com/.extraheader' || :"
2026-09-10T03:11:16.3691535Z Removing includeIf entries pointing to credentials config files
2026-09-10T03:11:16.3696875Z [command]/usr/bin/git config --local --name-only --get-regexp ^includeIf\.gitdir:
2026-09-10T03:11:16.3742982Z [command]/usr/bin/git submodule foreach --recursive git config --local --show-origin --name-only --get-regexp remote.origin.url
2026-09-10T03:11:16.3978520Z [command]/usr/bin/git config --file /home/runner/work/_temp/git-credentials-6cdd7913-fd3b-46bc-9437-f5e75c22e2d1.config http.https://github.com/.extraheader AUTHORIZATION: basic ***
2026-09-10T03:11:16.4022065Z [command]/usr/bin/git config --local includeIf.gitdir:/home/runner/work/stocks-predictor/stocks-predictor/.git.path /home/runner/work/_temp/git-credentials-6cdd7913-fd3b-46bc-9437-f5e75c22e2d1.config
2026-09-10T03:11:16.4059250Z [command]/usr/bin/git config --local includeIf.gitdir:/home/runner/work/stocks-predictor/stocks-predictor/.git/worktrees/*.path /home/runner/work/_temp/git-credentials-6cdd7913-fd3b-46bc-9437-f5e75c22e2d1.config
2026-09-10T03:11:16.4115730Z [command]/usr/bin/git config --local includeIf.gitdir:/github/workspace/.git.path /github/runner_temp/git-credentials-6cdd7913-fd3b-46bc-9437-f5e75c22e2d1.config
2026-09-10T03:11:16.4160820Z [command]/usr/bin/git config --local includeIf.gitdir:/github/workspace/.git/worktrees/*.path /github/runner_temp/git-credentials-6cdd7913-fd3b-46bc-9437-f5e75c22e2d1.config
2026-09-10T03:11:16.4196247Z ##[endgroup]
2026-09-10T03:11:16.4198109Z ##[group]Fetching the repository
2026-09-10T03:11:16.4204334Z [command]/usr/bin/git -c protocol.version=2 fetch --no-tags --prune --no-recurse-submodules --depth=1 origin +b933c293dc883c25da5bfc9c0ca0d1ce8ce689d5:refs/remotes/pull/75/merge
2026-09-10T03:11:19.2349974Z From https://github.com/leonardosovienski/stocks-predictor
2026-09-10T03:11:19.2351920Z  * [new ref]         b933c293dc883c25da5bfc9c0ca0d1ce8ce689d5 -> pull/75/merge
2026-09-10T03:11:19.2354621Z ##[endgroup]
2026-09-10T03:11:19.2355428Z ##[group]Determining the checkout info
2026-09-10T03:11:19.2356302Z ##[endgroup]
2026-09-10T03:11:19.2360453Z [command]/usr/bin/git sparse-checkout disable
2026-09-10T03:11:19.2413544Z [command]/usr/bin/git config --local --unset-all extensions.worktreeConfig
2026-09-10T03:11:19.2448758Z ##[group]Checking out the ref
2026-09-10T03:11:19.2453084Z [command]/usr/bin/git checkout --progress --force refs/remotes/pull/75/merge
2026-09-10T03:11:19.5625863Z Note: switching to 'refs/remotes/pull/75/merge'.
2026-09-10T03:11:19.5626705Z 
2026-09-10T03:11:19.5628205Z You are in 'detached HEAD' state. You can look around, make experimental
2026-09-10T03:11:19.5629157Z changes and commit them, and you can discard any commits you make in this
2026-09-10T03:11:19.5629913Z state without impacting any branches by switching back to a branch.
2026-09-10T03:11:19.5630538Z 
2026-09-10T03:11:19.5631290Z If you want to create a new branch to retain commits you create, you may
2026-09-10T03:11:19.5632342Z do so (now or later) by using -c with the switch command. Example:
2026-09-10T03:11:19.5632956Z 
2026-09-10T03:11:19.5633478Z   git switch -c <new-branch-name>
2026-09-10T03:11:19.5634080Z 
2026-09-10T03:11:19.5634622Z Or undo this operation with:
2026-09-10T03:11:19.5635121Z 
2026-09-10T03:11:19.5635324Z   git switch -
2026-09-10T03:11:19.5635621Z 
2026-09-10T03:11:19.5636080Z Turn off this advice by setting config variable advice.detachedHead to false
2026-09-10T03:11:19.5636735Z 
2026-09-10T03:11:19.5637429Z HEAD is now at b933c29 Merge 78d83fa78f5c9f2bf6ab137cc34c4b2b59190b86 into 0e9c48a87ff67bbd8d71fe5b9156799ba9bd8807
2026-09-10T03:11:19.5657003Z ##[endgroup]
2026-09-10T03:11:19.5712550Z [command]/usr/bin/git log -1 --format=%H
2026-09-10T03:11:19.5745422Z b933c293dc883c25da5bfc9c0ca0d1ce8ce689d5
2026-09-10T03:11:19.6047163Z ##[group]Run astral-sh/setup-uv@v7
2026-09-10T03:11:19.6047489Z with:
2026-09-10T03:11:19.6047693Z   version: 0.12.1
2026-09-10T03:11:19.6047909Z   enable-cache: true
2026-09-10T03:11:19.6048148Z   activate-environment: false
2026-09-10T03:11:19.6048526Z   working-directory: /home/runner/work/stocks-predictor/stocks-predictor
2026-09-10T03:11:19.6051358Z   github-token: ***
2026-09-10T03:11:19.6051967Z   cache-dependency-glob: **/*requirements*.txt
**/*requirements*.in
**/*constraints*.txt
**/*constraints*.in
**/pyproject.toml
**/uv.lock
**/*.py.lock

2026-09-10T03:11:19.6052591Z   restore-cache: true
2026-09-10T03:11:19.6052807Z   save-cache: true
2026-09-10T03:11:19.6053013Z   prune-cache: true
2026-09-10T03:11:19.6053222Z   cache-python: false
2026-09-10T03:11:19.6053483Z   ignore-nothing-to-cache: false
2026-09-10T03:11:19.6053755Z   ignore-empty-workdir: false
2026-09-10T03:11:19.6054186Z   add-problem-matchers: true
2026-09-10T03:11:19.6054482Z   resolution-strategy: highest
2026-09-10T03:11:19.6054724Z ##[endgroup]
2026-09-10T03:11:19.7902384Z Fetching version data from https://raw.githubusercontent.com/astral-sh/versions/main/v1/uv.ndjson ...
2026-09-10T03:11:19.8995426Z Downloading uv from "https://releases.astral.sh/github/uv/releases/download/0.12.1/uv-x86_64-unknown-linux-gnu.tar.gz" ...
2026-09-10T03:11:20.5359865Z [command]/usr/bin/tar xz --warning=no-unknown-keyword --overwrite -C /home/runner/work/_temp/bf097299-b0a9-4c87-bf47-cdf4e779eb38 -f /home/runner/work/_temp/e421e6bf-893e-418c-87ea-01b8c8fadfd0
2026-09-10T03:11:20.9780789Z Added /home/runner/.local/bin to the path
2026-09-10T03:11:20.9784673Z Added /opt/hostedtoolcache/uv/0.12.1/x86_64 to the path
2026-09-10T03:11:20.9788474Z Set UV_PYTHON_INSTALL_DIR to /home/runner/work/_temp/uv-python-dir
2026-09-10T03:11:20.9789692Z Added /home/runner/work/_temp/uv-python-dir to the path
2026-09-10T03:11:20.9816296Z Set UV_CACHE_DIR to /home/runner/work/_temp/setup-uv-cache
2026-09-10T03:11:20.9816955Z Successfully installed uv version 0.12.1
2026-09-10T03:11:21.0966430Z Searching files using cache dependency glob: /home/runner/work/stocks-predictor/stocks-predictor/**/*requirements*.txt,/home/runner/work/stocks-predictor/stocks-predictor/**/*requirements*.in,/home/runner/work/stocks-predictor/stocks-predictor/**/*constraints*.txt,/home/runner/work/stocks-predictor/stocks-predictor/**/*constraints*.in,/home/runner/work/stocks-predictor/stocks-predictor/**/pyproject.toml,/home/runner/work/stocks-predictor/stocks-predictor/**/uv.lock,/home/runner/work/stocks-predictor/stocks-predictor/**/*.py.lock
2026-09-10T03:11:21.1417231Z /home/runner/work/stocks-predictor/stocks-predictor/pyproject.toml
2026-09-10T03:11:21.1463254Z /home/runner/work/stocks-predictor/stocks-predictor/requirements.txt
2026-09-10T03:11:21.2952715Z /home/runner/work/stocks-predictor/stocks-predictor/uv.lock
2026-09-10T03:11:21.3027625Z Found 3 files to hash.
2026-09-10T03:11:21.3105513Z Trying to restore cache from GitHub Actions cache with key: setup-uv-2-x86_64-unknown-linux-gnu-ubuntu-24.04-unknown-pruned-59edb7dc31a0008208010cda3c60d6c07f1f5cae31611801c4f9d86ba7e501e6
2026-09-10T03:11:21.5029654Z No GitHub Actions cache found for key: setup-uv-2-x86_64-unknown-linux-gnu-ubuntu-24.04-unknown-pruned-59edb7dc31a0008208010cda3c60d6c07f1f5cae31611801c4f9d86ba7e501e6
2026-09-10T03:11:21.5743568Z ##[group]Run actions/setup-python@v7
2026-09-10T03:11:21.5743889Z with:
2026-09-10T03:11:21.5744491Z   python-version: 3.13
2026-09-10T03:11:21.5744733Z   check-latest: false
2026-09-10T03:11:21.5747374Z   token: ***
2026-09-10T03:11:21.5747587Z   update-environment: true
2026-09-10T03:11:21.5747831Z   allow-prereleases: false
2026-09-10T03:11:21.5748055Z   freethreaded: false
2026-09-10T03:11:21.5748261Z env:
2026-09-10T03:11:21.5748521Z   UV_PYTHON_INSTALL_DIR: /home/runner/work/_temp/uv-python-dir
2026-09-10T03:11:21.5748920Z   UV_CACHE_DIR: /home/runner/work/_temp/setup-uv-cache
2026-09-10T03:11:21.5749221Z ##[endgroup]
2026-09-10T03:11:21.6970820Z ##[group]Installed versions
2026-09-10T03:11:21.7059632Z Successfully set up CPython (3.13.15)
2026-09-10T03:11:21.7060535Z ##[endgroup]
2026-09-10T03:11:21.7222958Z ##[group]Run uv sync --locked --all-extras --python 3.13
2026-09-10T03:11:21.7223448Z [36;1muv sync --locked --all-extras --python 3.13[0m
2026-09-10T03:11:21.7277429Z shell: /usr/bin/bash -e {0}
2026-09-10T03:11:21.7277721Z env:
2026-09-10T03:11:21.7278016Z   UV_PYTHON_INSTALL_DIR: /home/runner/work/_temp/uv-python-dir
2026-09-10T03:11:21.7278422Z   UV_CACHE_DIR: /home/runner/work/_temp/setup-uv-cache
2026-09-10T03:11:21.7278793Z   pythonLocation: /opt/hostedtoolcache/Python/3.13.15/x64
2026-09-10T03:11:21.7279240Z   PKG_CONFIG_PATH: /opt/hostedtoolcache/Python/3.13.15/x64/lib/pkgconfig
2026-09-10T03:11:21.7279700Z   Python_ROOT_DIR: /opt/hostedtoolcache/Python/3.13.15/x64
2026-09-10T03:11:21.7280106Z   Python2_ROOT_DIR: /opt/hostedtoolcache/Python/3.13.15/x64
2026-09-10T03:11:21.7280495Z   Python3_ROOT_DIR: /opt/hostedtoolcache/Python/3.13.15/x64
2026-09-10T03:11:21.7280880Z   LD_LIBRARY_PATH: /opt/hostedtoolcache/Python/3.13.15/x64/lib
2026-09-10T03:11:21.7281263Z ##[endgroup]
2026-09-10T03:11:21.8494877Z Using CPython 3.13.15 interpreter at: /opt/hostedtoolcache/Python/3.13.15/x64/bin/python3.13
2026-09-10T03:11:21.8495862Z Creating virtual environment at: .venv
2026-09-10T03:11:22.2377918Z Resolved 16 packages in 386ms
2026-09-10T03:11:22.2446565Z    Building stocks-predictor @ file:///home/runner/work/stocks-predictor/stocks-predictor
2026-09-10T03:11:22.2574848Z Downloading pygments (1.2MiB)
2026-09-10T03:11:22.2641122Z Downloading ruff (9.8MiB)
2026-09-10T03:11:22.2641669Z Downloading pyright (5.9MiB)
2026-09-10T03:11:22.4529449Z  Downloaded ruff
2026-09-10T03:11:22.5119740Z  Downloaded pygments
2026-09-10T03:11:23.0348639Z       Built stocks-predictor @ file:///home/runner/work/stocks-predictor/stocks-predictor
2026-09-10T03:11:23.2420154Z  Downloaded pyright
2026-09-10T03:11:23.2457518Z Prepared 14 packages in 1.00s
2026-09-10T03:11:23.3631145Z Installed 15 packages in 120ms
2026-09-10T03:11:23.3631775Z  + build==1.6.0
2026-09-10T03:11:23.3632199Z  + coverage==7.16.0
2026-09-10T03:11:23.3632787Z  + iniconfig==2.3.0
2026-09-10T03:11:23.3633285Z  + nodeenv==1.10.0
2026-09-10T03:11:23.3633741Z  + packaging==26.3
2026-09-10T03:11:23.3634461Z  + pluggy==1.6.0
2026-09-10T03:11:23.3635848Z  + predictor-core==3.2.0 (from https://github.com/leonardosovienski/core-predictor/releases/download/v3.2.0/predictor_core-3.2.0-py3-none-any.whl)
2026-09-10T03:11:23.3637013Z  + pygments==2.21.0
2026-09-10T03:11:23.3637302Z  + pyproject-hooks==1.2.0
2026-09-10T03:11:23.3637631Z  + pyright==1.1.411
2026-09-10T03:11:23.3637888Z  + pytest==9.1.1
2026-09-10T03:11:23.3638171Z  + pyyaml==6.0.3
2026-09-10T03:11:23.3638410Z  + ruff==0.16.5
2026-09-10T03:11:23.3638901Z  + stocks-predictor==0.1.0 (from file:///home/runner/work/stocks-predictor/stocks-predictor)
2026-09-10T03:11:23.3639497Z  + typing-extensions==4.16.0
2026-09-10T03:11:23.3764581Z ##[group]Run uv run --no-sync python main.py doctor --check
2026-09-10T03:11:23.3765155Z [36;1muv run --no-sync python main.py doctor --check[0m
2026-09-10T03:11:23.3802427Z shell: /usr/bin/bash -e {0}
2026-09-10T03:11:23.3802694Z env:
2026-09-10T03:11:23.3802985Z   UV_PYTHON_INSTALL_DIR: /home/runner/work/_temp/uv-python-dir
2026-09-10T03:11:23.3803412Z   UV_CACHE_DIR: /home/runner/work/_temp/setup-uv-cache
2026-09-10T03:11:23.3804206Z   pythonLocation: /opt/hostedtoolcache/Python/3.13.15/x64
2026-09-10T03:11:23.3804916Z   PKG_CONFIG_PATH: /opt/hostedtoolcache/Python/3.13.15/x64/lib/pkgconfig
2026-09-10T03:11:23.3805704Z   Python_ROOT_DIR: /opt/hostedtoolcache/Python/3.13.15/x64
2026-09-10T03:11:23.3806381Z   Python2_ROOT_DIR: /opt/hostedtoolcache/Python/3.13.15/x64
2026-09-10T03:11:23.3806954Z   Python3_ROOT_DIR: /opt/hostedtoolcache/Python/3.13.15/x64
2026-09-10T03:11:23.3807661Z   LD_LIBRARY_PATH: /opt/hostedtoolcache/Python/3.13.15/x64/lib
2026-09-10T03:11:23.3808252Z ##[endgroup]
2026-09-10T03:11:23.5746606Z {
2026-09-10T03:11:23.5747089Z   "python": {
2026-09-10T03:11:23.5747509Z     "version": "3.13.15",
2026-09-10T03:11:23.5748254Z     "executable": "/home/runner/work/stocks-predictor/stocks-predictor/.venv/bin/python3",
2026-09-10T03:11:23.5749047Z     "supported": true,
2026-09-10T03:11:23.5749433Z     "required": ">=3.13,<3.15"
2026-09-10T03:11:23.5749828Z   },
2026-09-10T03:11:23.5750163Z   "sqlite_version": "3.45.1",
2026-09-10T03:11:23.5750617Z   "dependencies": {
2026-09-10T03:11:23.5750990Z     "predictor-core": {
2026-09-10T03:11:23.5751379Z       "version": "3.2.0",
2026-09-10T03:11:23.5751798Z       "metadata_compatible": true,
2026-09-10T03:11:23.5752297Z       "status": "compatible_stable_release"
2026-09-10T03:11:23.5752771Z     },
2026-09-10T03:11:23.5753085Z     "PyYAML": {
2026-09-10T03:11:23.5753439Z       "version": "6.0.3",
2026-09-10T03:11:23.5753884Z       "metadata_compatible": true,
2026-09-10T03:11:23.5754663Z       "status": "compatible_stable_release"
2026-09-10T03:11:23.5755146Z     }
2026-09-10T03:11:23.5755537Z   },
2026-09-10T03:11:23.5755916Z   "runtime_metadata_compatible": true,
2026-09-10T03:11:23.5756408Z   "database": {
2026-09-10T03:11:23.5756797Z     "status": "not_requested"
2026-09-10T03:11:23.5757211Z   },
2026-09-10T03:11:23.5758057Z   "scope": "Offline metadata and optional SQLite quick_check; no dependency import, migration, or operational certification."
2026-09-10T03:11:23.5758990Z }
2026-09-10T03:11:23.5897570Z ##[group]Run uv run --no-sync ruff check stocks_predictor tests main.py tools/data_bank.py tools/benchmark_ingestion.py research/session-20260909/data_completion research/session-20260910/integral
2026-09-10T03:11:23.5898946Z [36;1muv run --no-sync ruff check stocks_predictor tests main.py tools/data_bank.py tools/benchmark_ingestion.py research/session-20260909/data_completion research/session-20260910/integral[0m
2026-09-10T03:11:23.5936457Z shell: /usr/bin/bash -e {0}
2026-09-10T03:11:23.5936719Z env:
2026-09-10T03:11:23.5936998Z   UV_PYTHON_INSTALL_DIR: /home/runner/work/_temp/uv-python-dir
2026-09-10T03:11:23.5937402Z   UV_CACHE_DIR: /home/runner/work/_temp/setup-uv-cache
2026-09-10T03:11:23.5937788Z   pythonLocation: /opt/hostedtoolcache/Python/3.13.15/x64
2026-09-10T03:11:23.5938227Z   PKG_CONFIG_PATH: /opt/hostedtoolcache/Python/3.13.15/x64/lib/pkgconfig
2026-09-10T03:11:23.5938651Z   Python_ROOT_DIR: /opt/hostedtoolcache/Python/3.13.15/x64
2026-09-10T03:11:23.5939063Z   Python2_ROOT_DIR: /opt/hostedtoolcache/Python/3.13.15/x64
2026-09-10T03:11:23.5939441Z   Python3_ROOT_DIR: /opt/hostedtoolcache/Python/3.13.15/x64
2026-09-10T03:11:23.5939819Z   LD_LIBRARY_PATH: /opt/hostedtoolcache/Python/3.13.15/x64/lib
2026-09-10T03:11:23.5940143Z ##[endgroup]
2026-09-10T03:11:23.6385759Z All checks passed!
2026-09-10T03:11:23.6428614Z ##[group]Run uv run --no-sync pyright --pythonversion 3.13
2026-09-10T03:11:23.6429108Z [36;1muv run --no-sync pyright --pythonversion 3.13[0m
2026-09-10T03:11:23.6466506Z shell: /usr/bin/bash -e {0}
2026-09-10T03:11:23.6466761Z env:
2026-09-10T03:11:23.6467031Z   UV_PYTHON_INSTALL_DIR: /home/runner/work/_temp/uv-python-dir
2026-09-10T03:11:23.6467438Z   UV_CACHE_DIR: /home/runner/work/_temp/setup-uv-cache
2026-09-10T03:11:23.6467817Z   pythonLocation: /opt/hostedtoolcache/Python/3.13.15/x64
2026-09-10T03:11:23.6468281Z   PKG_CONFIG_PATH: /opt/hostedtoolcache/Python/3.13.15/x64/lib/pkgconfig
2026-09-10T03:11:23.6468735Z   Python_ROOT_DIR: /opt/hostedtoolcache/Python/3.13.15/x64
2026-09-10T03:11:23.6469127Z   Python2_ROOT_DIR: /opt/hostedtoolcache/Python/3.13.15/x64
2026-09-10T03:11:23.6469507Z   Python3_ROOT_DIR: /opt/hostedtoolcache/Python/3.13.15/x64
2026-09-10T03:11:23.6469895Z   LD_LIBRARY_PATH: /opt/hostedtoolcache/Python/3.13.15/x64/lib
2026-09-10T03:11:23.6470258Z ##[endgroup]
2026-09-10T03:11:26.5518850Z 0 errors, 0 warnings, 0 informations
2026-09-10T03:11:26.5729752Z WARNING: there is a new pyright version available (v1.1.411 -> v1.1.413).
2026-09-10T03:11:26.5730619Z Please install the new version or set PYRIGHT_PYTHON_FORCE_VERSION to `latest`
2026-09-10T03:11:26.5731140Z 
2026-09-10T03:11:26.5902264Z ##[group]Run uv run --no-sync python research/session-20260910/integral/verify_audit.py
2026-09-10T03:11:26.5902900Z [36;1muv run --no-sync python research/session-20260910/integral/verify_audit.py[0m
2026-09-10T03:11:26.5939474Z shell: /usr/bin/bash -e {0}
2026-09-10T03:11:26.5939732Z env:
2026-09-10T03:11:26.5940007Z   UV_PYTHON_INSTALL_DIR: /home/runner/work/_temp/uv-python-dir
2026-09-10T03:11:26.5940409Z   UV_CACHE_DIR: /home/runner/work/_temp/setup-uv-cache
2026-09-10T03:11:26.5940788Z   pythonLocation: /opt/hostedtoolcache/Python/3.13.15/x64
2026-09-10T03:11:26.5941241Z   PKG_CONFIG_PATH: /opt/hostedtoolcache/Python/3.13.15/x64/lib/pkgconfig
2026-09-10T03:11:26.5941665Z   Python_ROOT_DIR: /opt/hostedtoolcache/Python/3.13.15/x64
2026-09-10T03:11:26.5942084Z   Python2_ROOT_DIR: /opt/hostedtoolcache/Python/3.13.15/x64
2026-09-10T03:11:26.5942486Z   Python3_ROOT_DIR: /opt/hostedtoolcache/Python/3.13.15/x64
2026-09-10T03:11:26.5942910Z   LD_LIBRARY_PATH: /opt/hostedtoolcache/Python/3.13.15/x64/lib
2026-09-10T03:11:26.5943231Z ##[endgroup]
2026-09-10T03:11:26.6516298Z {
2026-09-10T03:11:26.6516741Z   "status": "PASS_ARTIFACT_INTEGRITY_ONLY",
2026-09-10T03:11:26.6517527Z   "registry_sha256": "0dc48afc64c361140fdb413cc80c0e0bb7abdecf0975624b45e37dd505d3e685",
2026-09-10T03:11:26.6518231Z   "counts": {
2026-09-10T03:11:26.6518523Z     "evidence": 31,
2026-09-10T03:11:26.6518825Z     "claims": 22,
2026-09-10T03:11:26.6519124Z     "issues": 16,
2026-09-10T03:11:26.6519414Z     "decisions": 7,
2026-09-10T03:11:26.6519705Z     "fronts": 24,
2026-09-10T03:11:26.6519994Z     "datasets": 7,
2026-09-10T03:11:26.6520278Z     "uses": 7,
2026-09-10T03:11:26.6520548Z     "runs": 19
2026-09-10T03:11:26.6520816Z   },
2026-09-10T03:11:26.6521379Z   "limitation": "Hashes and references are verified, not economic truth or external completeness."
2026-09-10T03:11:26.6522519Z }
2026-09-10T03:11:26.6613658Z ##[group]Run uv run --no-sync coverage run -m pytest -q --durations=15 --junitxml=test-results.xml
2026-09-10T03:11:26.6614732Z [36;1muv run --no-sync coverage run -m pytest -q --durations=15 --junitxml=test-results.xml[0m
2026-09-10T03:11:26.6651270Z shell: /usr/bin/bash -e {0}
2026-09-10T03:11:26.6651533Z env:
2026-09-10T03:11:26.6651815Z   UV_PYTHON_INSTALL_DIR: /home/runner/work/_temp/uv-python-dir
2026-09-10T03:11:26.6652222Z   UV_CACHE_DIR: /home/runner/work/_temp/setup-uv-cache
2026-09-10T03:11:26.6652607Z   pythonLocation: /opt/hostedtoolcache/Python/3.13.15/x64
2026-09-10T03:11:26.6653030Z   PKG_CONFIG_PATH: /opt/hostedtoolcache/Python/3.13.15/x64/lib/pkgconfig
2026-09-10T03:11:26.6653451Z   Python_ROOT_DIR: /opt/hostedtoolcache/Python/3.13.15/x64
2026-09-10T03:11:26.6653828Z   Python2_ROOT_DIR: /opt/hostedtoolcache/Python/3.13.15/x64
2026-09-10T03:11:26.6654344Z   Python3_ROOT_DIR: /opt/hostedtoolcache/Python/3.13.15/x64
2026-09-10T03:11:26.6654778Z   LD_LIBRARY_PATH: /opt/hostedtoolcache/Python/3.13.15/x64/lib
2026-09-10T03:11:26.6655121Z ##[endgroup]
2026-09-10T03:11:36.4167961Z .................................................................. [  7%]
2026-09-10T03:11:49.2620114Z ........................................................................ [ 16%]
2026-09-10T03:11:49.5395410Z ................................................................... [ 24%]
2026-09-10T03:11:53.4819129Z ........................................................................ [ 32%]
2026-09-10T03:13:10.6737627Z ........................................................................ [ 41%]
2026-09-10T03:13:20.2650036Z ........................................................................ [ 49%]
2026-09-10T03:13:29.2403268Z ........................................................................ [ 58%]
2026-09-10T03:13:52.7592142Z .......................................................... [ 65%]
2026-09-10T03:14:00.4896253Z ........................................................................ [ 73%]
2026-09-10T03:14:01.0668764Z ........................................................................ [ 82%]
2026-09-10T03:15:29.6927401Z ........................................................................ [ 90%]
2026-09-10T03:15:40.6988090Z ........................................................................ [ 99%]
2026-09-10T03:15:41.0988809Z ........                                                                 [100%]
2026-09-10T03:15:41.0989477Z ============================= slowest 15 durations =============================
2026-09-10T03:15:41.0990272Z 65.68s call     tests/test_h11_total_return.py::test_run_h11_does_not_mutate_shared_config
2026-09-10T03:15:41.0991160Z 27.40s call     tests/test_rj_power_gate.py::test_specificity_false_positive_rate_near_nominal
2026-09-10T03:15:41.0992030Z 20.70s call     tests/test_rj_power_gate.py::test_sensitivity_detects_planted_effect
2026-09-10T03:15:41.0992890Z 20.51s call     tests/test_rj_smoke_synthetic.py::test_judge_run_all_families_end_to_end
2026-09-10T03:15:41.0993646Z 11.97s call     tests/test_config.py::test_main_backtest_h_dispatcher_runs
2026-09-10T03:15:41.0994789Z 10.84s call     tests/test_rj_power.py::test_power_is_monotone_in_effect_size
2026-09-10T03:15:41.0995548Z 7.25s call     tests/test_m0_genesis.py::test_stats_block_bootstrap_wider_than_iid_for_autocorrelated
2026-09-10T03:15:41.0996293Z 6.63s call     tests/test_rj_power.py::test_simulate_power_is_deterministic
2026-09-10T03:15:41.0996872Z 4.96s call     tests/test_h11_total_return.py::test_run_h11_smoke
2026-09-10T03:15:41.0997516Z 4.44s call     tests/test_stats_pedagio.py::test_paired_resampling_preserves_cross_correlation
2026-09-10T03:15:41.0998241Z 3.48s call     tests/test_stats_pedagio.py::test_paired_bootstrap_reproducible
2026-09-10T03:15:41.0998897Z 2.65s call     tests/test_stats_pedagio.py::test_paired_bootstrap_runs_with_tuples
2026-09-10T03:15:41.0999916Z 2.58s call     tests/test_m0_genesis.py::test_stats_block_bootstrap_moving_reproducible
2026-09-10T03:15:41.1000755Z 2.37s call     tests/test_m0_genesis.py::test_stats_ci_mean_coverage
2026-09-10T03:15:41.1001294Z 2.23s call     tests/test_h8_double_filter.py::test_run_h8_smoke
2026-09-10T03:15:41.1001770Z 847 passed, 25 subtests passed in 252.87s (0:04:12)
2026-09-10T03:15:41.2235190Z ##[group]Run uv run --no-sync coverage json -o coverage.json
2026-09-10T03:15:41.2235661Z [36;1muv run --no-sync coverage json -o coverage.json[0m
2026-09-10T03:15:41.2236002Z [36;1muv run --no-sync coverage report[0m
2026-09-10T03:15:41.2272282Z shell: /usr/bin/bash -e {0}
2026-09-10T03:15:41.2272521Z env:
2026-09-10T03:15:41.2272791Z   UV_PYTHON_INSTALL_DIR: /home/runner/work/_temp/uv-python-dir
2026-09-10T03:15:41.2273173Z   UV_CACHE_DIR: /home/runner/work/_temp/setup-uv-cache
2026-09-10T03:15:41.2273534Z   pythonLocation: /opt/hostedtoolcache/Python/3.13.15/x64
2026-09-10T03:15:41.2273977Z   PKG_CONFIG_PATH: /opt/hostedtoolcache/Python/3.13.15/x64/lib/pkgconfig
2026-09-10T03:15:41.2274773Z   Python_ROOT_DIR: /opt/hostedtoolcache/Python/3.13.15/x64
2026-09-10T03:15:41.2275176Z   Python2_ROOT_DIR: /opt/hostedtoolcache/Python/3.13.15/x64
2026-09-10T03:15:41.2275575Z   Python3_ROOT_DIR: /opt/hostedtoolcache/Python/3.13.15/x64
2026-09-10T03:15:41.2275987Z   LD_LIBRARY_PATH: /opt/hostedtoolcache/Python/3.13.15/x64/lib
2026-09-10T03:15:41.2276307Z ##[endgroup]
2026-09-10T03:15:42.1485643Z Wrote JSON report to coverage.json
2026-09-10T03:15:42.8582477Z Name                                            Stmts   Miss Branch BrPart  Cover   Missing
2026-09-10T03:15:42.8583596Z -------------------------------------------------------------------------------------------
2026-09-10T03:15:42.8585024Z stocks_predictor/__init__.py                        0      0      0      0   100%
2026-09-10T03:15:42.8586658Z stocks_predictor/adjust.py                        149     15     68     13    86%   30-31, 51->50, 66, 85, 87, 143->exit, 172-174, 201, 259->267, 302, 319-322, 325, 334
2026-09-10T03:15:42.8587928Z stocks_predictor/analyst.py                        55     32     14      4    42%   33-57, 80, 84-87, 93-96, 105-109, 113-118, 122
2026-09-10T03:15:42.8589060Z stocks_predictor/backtest.py                      328     18     64     13    92%   123, 130-131, 141-142, 162, 171, 188, 191, 219-221, 239-242, 261->265, 263->265, 685, 728-729
2026-09-10T03:15:42.8590145Z stocks_predictor/buffered_rebalance.py             86      6     34      6    90%   42, 44, 51, 60, 63, 101
2026-09-10T03:15:42.8591071Z stocks_predictor/cash_events.py                    85     12     38     10    82%   13, 30, 35, 41, 47, 65-68, 83, 84->86, 86->78, 99, 105
2026-09-10T03:15:42.8592256Z stocks_predictor/cash_source_audit.py             242     24    146     22    88%   22, 34, 36, 55, 123, 182, 185, 194, 197, 208, 222, 226, 233, 248, 258-259, 261, 274, 297, 301, 323, 331, 363, 366
2026-09-10T03:15:42.8593351Z stocks_predictor/config.py                        120      6     30      5    93%   37, 68, 71-72, 78, 117
2026-09-10T03:15:42.8595211Z stocks_predictor/continuous_cash.py               356     42    198     45    84%   49, 55-56, 62, 65, 68, 78, 123, 126, 151, 153, 160, 162, 169, 171, 174, 181, 187, 193, 195, 201, 206, 224->178, 228, 230->233, 239, 242, 248, 290, 301, 303, 307, 308->exit, 326, 328, 330, 333, 338, 347, 355, 376, 379->373, 383, 407, 457, 462
2026-09-10T03:15:42.8597098Z stocks_predictor/continuous_research.py           177     32    100     26    78%   32, 34, 36, 40, 44, 48, 51, 53, 57, 60, 67, 73, 77, 98, 122, 124, 129, 132, 138, 147, 157, 166, 169, 174, 176-180, 207-208, 242
2026-09-10T03:15:42.8598232Z stocks_predictor/cotahist.py                      140      0     50      2    99%   141->132, 229->232
2026-09-10T03:15:42.8599312Z stocks_predictor/cvm_pit.py                       305     45    136     36    81%   44, 74, 78, 82, 94, 97, 107, 109-111, 114, 135, 139, 142, 145, 159, 175, 178, 196, 253, 282, 287, 289->285, 307-310, 320, 328, 336, 341->343, 350, 365, 376, 381->379, 394-397, 402, 418, 430, 438, 445, 464, 471->452, 477-479
2026-09-10T03:15:42.8600631Z stocks_predictor/db.py                             44      3      4      1    92%   427-429
2026-09-10T03:15:42.8601138Z stocks_predictor/diagnostics.py                    45      1      4      1    96%   73
2026-09-10T03:15:42.8601906Z stocks_predictor/disclosed_accounting.py           19      1      8      3    85%   16->20, 19, 23->30
2026-09-10T03:15:42.8602737Z stocks_predictor/discovery_h17.py                 230     85    118     18    58%   24-25, 29, 48, 69, 75, 78, 89-91, 109-110, 124, 131, 133, 135-136, 149, 154->144, 156, 162-163, 168, 219-228, 238-289, 293-298, 302
2026-09-10T03:15:42.8603723Z stocks_predictor/discovery_reorganizations.py     197     86    116     14    54%   30, 32, 37, 41, 51, 81-82, 90, 101, 110, 121-122, 129, 140, 164, 171-182, 187-247, 251-255, 260
2026-09-10T03:15:42.8605145Z stocks_predictor/discovery_value.py               239    114    116     22    51%   32-38, 44, 46, 48-49, 63, 65, 70, 76, 78, 83, 91, 99, 102, 105, 113, 125, 130, 137, 149-158, 162-163, 175, 199, 204-205, 210, 222-255, 261-281, 285-317, 321-325, 330
2026-09-10T03:15:42.8606159Z stocks_predictor/discovery_value_repair.py         93     52     44      6    42%   22, 26, 29-30, 32->31, 52, 57-107, 111-115, 120
2026-09-10T03:15:42.8606814Z stocks_predictor/document_panel.py                 82      5     44      5    92%   45, 52, 105, 109, 111
2026-09-10T03:15:42.8607375Z stocks_predictor/economic_gate.py                  65      3     18      2    94%   35, 45, 86
2026-09-10T03:15:42.8607892Z stocks_predictor/economics.py                      78      0     30      0   100%
2026-09-10T03:15:42.8608386Z stocks_predictor/ecosystem_plugin.py                9      0      0      0   100%
2026-09-10T03:15:42.8608921Z stocks_predictor/entry_feasibility.py              58      8     28      6    84%   23, 47, 54-55, 74, 77, 80, 84
2026-09-10T03:15:42.8609548Z stocks_predictor/etf_hold.py                      135     15     62     11    87%   28, 34, 47, 67, 85-87, 90-92, 105, 131, 203, 206, 209
2026-09-10T03:15:42.8610115Z stocks_predictor/execution.py                      31      1      8      1    95%   86
2026-09-10T03:15:42.8610722Z stocks_predictor/factor.py                        165     10     78     13    91%   15, 38, 53->51, 77->75, 97, 193, 203->201, 233, 283, 326, 329, 380, 388
2026-09-10T03:15:42.8611349Z stocks_predictor/h20_checked.py                    53     26     18      2    46%   30, 40-53, 57-66, 72
2026-09-10T03:15:42.8611934Z stocks_predictor/h20_continuous.py                121     43     42      5    67%   34, 90, 93, 97, 133-172, 187-199, 203
2026-09-10T03:15:42.8612555Z stocks_predictor/h20_research.py                  117     76     46      4    30%   26-42, 49, 54, 84-110, 114-144, 165-179, 183
2026-09-10T03:15:42.8613142Z stocks_predictor/ingest_cotahist.py                28      5      8      2    81%   16-18, 31, 38
2026-09-10T03:15:42.8614451Z stocks_predictor/ingest_cvm.py                    471     41    206     37    88%   144-146, 197, 202-203, 207->212, 224, 253, 296, 319, 359, 387, 390-392, 396, 401, 442, 445-447, 451, 453->449, 469-470, 499, 527, 532, 542, 565, 568, 698->696, 704, 819, 825, 851, 856, 859, 863->844, 911, 917, 939, 992, 995, 1024, 1040
2026-09-10T03:15:42.8615518Z stocks_predictor/ingest_rj_universe.py             80      4     26      2    94%   48-50, 103->102, 180
2026-09-10T03:15:42.8616108Z stocks_predictor/paper.py                          87      5     22      5    91%   84->91, 136, 137->143, 146, 170-171, 175
2026-09-10T03:15:42.8616653Z stocks_predictor/portfolio.py                      33      1      8      1    95%   82
2026-09-10T03:15:42.8617247Z stocks_predictor/profit_validation.py             115     59     60      7    45%   17, 38, 42, 49, 61, 72, 78, 86-108, 133-169
2026-09-10T03:15:42.8617836Z stocks_predictor/report.py                         56      3     12      2    93%   243-244, 283
2026-09-10T03:15:42.8618679Z stocks_predictor/retail_cash.py                   311     35    164     35    85%   27, 45, 48->51, 69, 81, 94, 99, 108, 114, 129, 132, 138, 141, 144, 146, 156, 181, 194, 214, 230, 233, 236, 251, 254, 257, 259, 262, 308, 318->313, 336, 339, 349, 374, 379, 384-386
2026-09-10T03:15:42.8619805Z stocks_predictor/returns.py                        15      0      6      1    95%   18->17
2026-09-10T03:15:42.8620288Z stocks_predictor/rj_coda.py                        40      2     18      2    93%   34, 83
2026-09-10T03:15:42.8620786Z stocks_predictor/rj_episodes.py                    56      4     30      4    91%   53, 78, 109, 128
2026-09-10T03:15:42.8621454Z stocks_predictor/rj_families.py                   109     19     46     16    77%   35, 45, 48, 64, 69, 82, 86, 89, 103, 105, 107, 129, 135-136, 137->127, 154, 158, 189-190, 227
2026-09-10T03:15:42.8622161Z stocks_predictor/rj_families_next.py               73      7     28      6    87%   32, 36->35, 49, 72, 78-79, 124, 169
2026-09-10T03:15:42.8622731Z stocks_predictor/rj_judge.py                      123      3     46      4    96%   50, 126, 136->134, 213
2026-09-10T03:15:42.8623285Z stocks_predictor/rj_judge_robust.py                61      4     24      4    91%   30, 59, 86-87, 89->77
2026-09-10T03:15:42.8623825Z stocks_predictor/rj_outcomes.py                    44      5     24      4    84%   28, 33, 39, 97-100
2026-09-10T03:15:42.8624679Z stocks_predictor/rj_pipeline.py                   155     32     48      2    82%   90, 377-379, 383-419, 423
2026-09-10T03:15:42.8625220Z stocks_predictor/rj_power.py                       67     26     24      1    64%   75, 100-133, 137
2026-09-10T03:15:42.8626207Z stocks_predictor/simulation.py                    269     44    156     37    79%   29, 32, 34, 48, 61-62, 70, 75, 103, 105, 107, 109, 111, 114, 128, 146-155, 159, 161->156, 164->156, 169, 203->212, 213, 243-244, 250, 254, 270->218, 279, 285, 289->293, 311-314, 350, 352, 353->358, 373-374, 380, 382, 390-391, 393
2026-09-10T03:15:42.8627240Z stocks_predictor/source_closure.py                133    106     64      2    17%   32, 43-44, 48-52, 56-156, 170-181, 185
2026-09-10T03:15:42.8627882Z stocks_predictor/source_history.py                 88     14     32      8    82%   32, 34, 43, 87-93, 130, 133-134, 136, 171, 174-184
2026-09-10T03:15:42.8628473Z stocks_predictor/stock_events.py                   25      4     10      4    77%   8, 21, 23, 26
2026-09-10T03:15:42.8628999Z stocks_predictor/trials_gate.py                    87      2     14      1    97%   106-107, 218->220
2026-09-10T03:15:42.8629532Z stocks_predictor/universe.py                       70      1     26      2    97%   21, 133->136
2026-09-10T03:15:42.8630026Z stocks_predictor/validation.py                     15      0      6      0   100%
2026-09-10T03:15:42.8630601Z stocks_predictor/value_profitability.py           112      9     54      9    89%   19, 34, 39-40, 68, 84, 117, 133, 135, 143->147
2026-09-10T03:15:42.8631174Z -------------------------------------------------------------------------------------------
2026-09-10T03:15:42.8631598Z TOTAL                                            6547   1196   2824    494    79%
2026-09-10T03:15:42.8836145Z Node 20 is being deprecated. This workflow is running with Node 24 by default. If you need to temporarily use Node 20, you can set the ACTIONS_ALLOW_USE_UNSECURE_NODE_VERSION=true environment variable. For more information see: https://github.blog/changelog/2025-09-19-deprecation-of-node-20-on-github-actions-runners/
2026-09-10T03:15:42.8837449Z ##[group]Run actions/upload-artifact@v4
2026-09-10T03:15:42.8837720Z with:
2026-09-10T03:15:42.8837928Z   name: quality-python-3.13
2026-09-10T03:15:42.8838190Z   path: test-results.xml
coverage.json

2026-09-10T03:15:42.8838523Z   retention-days: 14
2026-09-10T03:15:42.8838759Z   if-no-files-found: ignore
2026-09-10T03:15:42.8838982Z   compression-level: 6
2026-09-10T03:15:42.8839196Z   overwrite: false
2026-09-10T03:15:42.8839402Z   include-hidden-files: false
2026-09-10T03:15:42.8839625Z env:
2026-09-10T03:15:42.8840084Z   UV_PYTHON_INSTALL_DIR: /home/runner/work/_temp/uv-python-dir
2026-09-10T03:15:42.8840483Z   UV_CACHE_DIR: /home/runner/work/_temp/setup-uv-cache
2026-09-10T03:15:42.8840855Z   pythonLocation: /opt/hostedtoolcache/Python/3.13.15/x64
2026-09-10T03:15:42.8841267Z   PKG_CONFIG_PATH: /opt/hostedtoolcache/Python/3.13.15/x64/lib/pkgconfig
2026-09-10T03:15:42.8841680Z   Python_ROOT_DIR: /opt/hostedtoolcache/Python/3.13.15/x64
2026-09-10T03:15:42.8842048Z   Python2_ROOT_DIR: /opt/hostedtoolcache/Python/3.13.15/x64
2026-09-10T03:15:42.8842422Z   Python3_ROOT_DIR: /opt/hostedtoolcache/Python/3.13.15/x64
2026-09-10T03:15:42.8842813Z   LD_LIBRARY_PATH: /opt/hostedtoolcache/Python/3.13.15/x64/lib
2026-09-10T03:15:42.8843135Z ##[endgroup]
2026-09-10T03:15:43.0528068Z (node:2529) [DEP0040] DeprecationWarning: The `punycode` module is deprecated. Please use a userland alternative instead.
2026-09-10T03:15:43.0529189Z (Use `node --trace-deprecation ...` to show where the warning was created)
2026-09-10T03:15:43.0586319Z Multiple search paths detected. Calculating the least common ancestor of all paths
2026-09-10T03:15:43.0596375Z The least common ancestor is /home/runner/work/stocks-predictor/stocks-predictor. This will be the root directory of the artifact
2026-09-10T03:15:43.0597386Z With the provided path, there will be 2 files uploaded
2026-09-10T03:15:43.0598665Z Artifact name is valid!
2026-09-10T03:15:43.0600006Z Root directory input is valid!
2026-09-10T03:15:43.4051994Z Beginning upload of artifact content to blob storage
2026-09-10T03:15:43.4379822Z (node:2529) [DEP0169] DeprecationWarning: `url.parse()` behavior is not standardized and prone to errors that have security implications. Use the WHATWG URL API instead. CVEs are not issued for `url.parse()` vulnerabilities.
2026-09-10T03:15:43.7579074Z Uploaded bytes 66350
2026-09-10T03:15:43.8229333Z Finished uploading artifact content to blob storage!
2026-09-10T03:15:43.8230465Z SHA256 digest of uploaded artifact zip is 676a501e6d9ae0b2dcb51863950b379b12ed12d95cd11e24afdb1248471862e4
2026-09-10T03:15:43.8231740Z Finalizing artifact upload
2026-09-10T03:15:44.0576174Z Artifact quality-python-3.13.zip successfully finalized. Artifact ID 10135029611
2026-09-10T03:15:44.0577662Z Artifact quality-python-3.13 has been successfully uploaded! Final size is 66350 bytes. Artifact ID is 10135029611
2026-09-10T03:15:44.0583643Z Artifact download URL: https://github.com/leonardosovienski/stocks-predictor/actions/runs/34432353530/artifacts/10135029611
2026-09-10T03:15:44.0714728Z ##[group]Run uv build
2026-09-10T03:15:44.0715215Z [36;1muv build[0m
2026-09-10T03:15:44.0768916Z shell: /usr/bin/bash -e {0}
2026-09-10T03:15:44.0769350Z env:
2026-09-10T03:15:44.0769845Z   UV_PYTHON_INSTALL_DIR: /home/runner/work/_temp/uv-python-dir
2026-09-10T03:15:44.0770558Z   UV_CACHE_DIR: /home/runner/work/_temp/setup-uv-cache
2026-09-10T03:15:44.0771233Z   pythonLocation: /opt/hostedtoolcache/Python/3.13.15/x64
2026-09-10T03:15:44.0772012Z   PKG_CONFIG_PATH: /opt/hostedtoolcache/Python/3.13.15/x64/lib/pkgconfig
2026-09-10T03:15:44.0772839Z   Python_ROOT_DIR: /opt/hostedtoolcache/Python/3.13.15/x64
2026-09-10T03:15:44.0773542Z   Python2_ROOT_DIR: /opt/hostedtoolcache/Python/3.13.15/x64
2026-09-10T03:15:44.0774584Z   Python3_ROOT_DIR: /opt/hostedtoolcache/Python/3.13.15/x64
2026-09-10T03:15:44.0775307Z   LD_LIBRARY_PATH: /opt/hostedtoolcache/Python/3.13.15/x64/lib
2026-09-10T03:15:44.0775901Z ##[endgroup]
2026-09-10T03:15:44.0954978Z Building source distribution...
2026-09-10T03:15:49.0252478Z Building wheel from source distribution...
2026-09-10T03:15:49.4111360Z Successfully built dist/stocks_predictor-0.1.0.tar.gz
2026-09-10T03:15:49.4112556Z Successfully built dist/stocks_predictor-0.1.0-py3-none-any.whl
2026-09-10T03:15:49.4184275Z ##[group]Run uv venv /tmp/stocks-wheel --python 3.13 --seed
2026-09-10T03:15:49.4184899Z [36;1muv venv /tmp/stocks-wheel --python 3.13 --seed[0m
2026-09-10T03:15:49.4185312Z [36;1m/tmp/stocks-wheel/bin/pip install dist/*.whl \[0m
2026-09-10T03:15:49.4186039Z [36;1m  "predictor-core @ https://github.com/leonardosovienski/core-predictor/releases/download/v3.2.0/predictor_core-3.2.0-py3-none-any.whl"[0m
2026-09-10T03:15:49.4186939Z [36;1mmkdir -p "$RUNNER_TEMP/stocks-wheel-smoke"[0m
2026-09-10T03:15:49.4187303Z [36;1mcd "$RUNNER_TEMP/stocks-wheel-smoke"[0m
2026-09-10T03:15:49.4187640Z [36;1m/tmp/stocks-wheel/bin/python -I - <<'PY'[0m
2026-09-10T03:15:49.4187932Z [36;1mimport os[0m
2026-09-10T03:15:49.4188161Z [36;1mfrom pathlib import Path[0m
2026-09-10T03:15:49.4188414Z [36;1mimport sys[0m
2026-09-10T03:15:49.4188631Z [36;1mimport predictor_core[0m
2026-09-10T03:15:49.4188883Z [36;1mimport stocks_predictor[0m
2026-09-10T03:15:49.4189190Z [36;1mimport stocks_predictor.rj_episodes[0m
2026-09-10T03:15:49.4189496Z [36;1mimport stocks_predictor.rj_judge[0m
2026-09-10T03:15:49.4189783Z [36;1mimport stocks_predictor.etf_hold[0m
2026-09-10T03:15:49.4190145Z [36;1mcheckout = Path(os.environ["GITHUB_WORKSPACE"]).resolve()[0m
2026-09-10T03:15:49.4190586Z [36;1massert not Path.cwd().resolve().is_relative_to(checkout)[0m
2026-09-10T03:15:49.4191068Z [36;1mfor module in (predictor_core, stocks_predictor, stocks_predictor.etf_hold):[0m
2026-09-10T03:15:49.4191520Z [36;1m    origin = Path(module.__file__).resolve()[0m
2026-09-10T03:15:49.4191927Z [36;1m    assert origin.is_relative_to(Path(sys.prefix).resolve()), origin[0m
2026-09-10T03:15:49.4192363Z [36;1m    assert not origin.is_relative_to(checkout), origin[0m
2026-09-10T03:15:49.4192709Z [36;1m    print(module.__name__, origin)[0m
2026-09-10T03:15:49.4192978Z [36;1mPY[0m
2026-09-10T03:15:49.4230013Z shell: /usr/bin/bash -e {0}
2026-09-10T03:15:49.4230265Z env:
2026-09-10T03:15:49.4230563Z   UV_PYTHON_INSTALL_DIR: /home/runner/work/_temp/uv-python-dir
2026-09-10T03:15:49.4230973Z   UV_CACHE_DIR: /home/runner/work/_temp/setup-uv-cache
2026-09-10T03:15:49.4231356Z   pythonLocation: /opt/hostedtoolcache/Python/3.13.15/x64
2026-09-10T03:15:49.4231787Z   PKG_CONFIG_PATH: /opt/hostedtoolcache/Python/3.13.15/x64/lib/pkgconfig
2026-09-10T03:15:49.4232225Z   Python_ROOT_DIR: /opt/hostedtoolcache/Python/3.13.15/x64
2026-09-10T03:15:49.4232604Z   Python2_ROOT_DIR: /opt/hostedtoolcache/Python/3.13.15/x64
2026-09-10T03:15:49.4232982Z   Python3_ROOT_DIR: /opt/hostedtoolcache/Python/3.13.15/x64
2026-09-10T03:15:49.4233366Z   LD_LIBRARY_PATH: /opt/hostedtoolcache/Python/3.13.15/x64/lib
2026-09-10T03:15:49.4233700Z ##[endgroup]
2026-09-10T03:15:49.4432965Z Using CPython 3.13.15 interpreter at: /opt/hostedtoolcache/Python/3.13.15/x64/bin/python3.13
2026-09-10T03:15:49.4434250Z Creating virtual environment with seed packages at: /tmp/stocks-wheel
2026-09-10T03:15:49.6085915Z  + pip==26.2.1
2026-09-10T03:15:49.6086535Z Activate with: /tmp/stocks-wheel/bin/activate
2026-09-10T03:15:50.7324638Z Processing ./dist/stocks_predictor-0.1.0-py3-none-any.whl
2026-09-10T03:15:50.7400620Z Collecting predictor-core @ https://github.com/leonardosovienski/core-predictor/releases/download/v3.2.0/predictor_core-3.2.0-py3-none-any.whl
2026-09-10T03:15:51.1611798Z   Downloading predictor_core-3.2.0-py3-none-any.whl (83 kB)
2026-09-10T03:15:51.2942797Z Collecting pyyaml<7,>=6.0 (from stocks-predictor==0.1.0)
2026-09-10T03:15:51.3628149Z   Downloading pyyaml-6.0.3-cp313-cp313-manylinux2014_x86_64.manylinux_2_17_x86_64.manylinux_2_28_x86_64.whl.metadata (2.4 kB)
2026-09-10T03:15:51.3775283Z Downloading pyyaml-6.0.3-cp313-cp313-manylinux2014_x86_64.manylinux_2_17_x86_64.manylinux_2_28_x86_64.whl (801 kB)
2026-09-10T03:15:51.4712334Z    ━━━━━━━━━━━━━━━━━━━━━━━━━━━━━━━━━━━━━━━━ 801.6/801.6 kB 10.6 MB/s  0:00:00
2026-09-10T03:15:51.5331881Z Installing collected packages: pyyaml, predictor-core, stocks-predictor
2026-09-10T03:15:51.7886293Z 
2026-09-10T03:15:51.7899586Z Successfully installed predictor-core-3.2.0 pyyaml-6.0.3 stocks-predictor-0.1.0
2026-09-10T03:15:51.9581105Z predictor_core /tmp/stocks-wheel/lib/python3.13/site-packages/predictor_core/__init__.py
2026-09-10T03:15:51.9582802Z stocks_predictor /tmp/stocks-wheel/lib/python3.13/site-packages/stocks_predictor/__init__.py
2026-09-10T03:15:51.9585335Z stocks_predictor.etf_hold /tmp/stocks-wheel/lib/python3.13/site-packages/stocks_predictor/etf_hold.py
2026-09-10T03:15:51.9886653Z Post job cleanup.
2026-09-10T03:15:52.1211368Z Post job cleanup.
2026-09-10T03:15:52.2486152Z UV_CACHE_DIR is already set to /home/runner/work/_temp/setup-uv-cache
2026-09-10T03:15:52.2491788Z UV_PYTHON_INSTALL_DIR is already set to /home/runner/work/_temp/uv-python-dir
2026-09-10T03:15:52.2502105Z Pruning cache...
2026-09-10T03:15:52.2520995Z [command]/opt/hostedtoolcache/uv/0.12.1/x86_64/uv cache prune --ci --force
2026-09-10T03:15:52.2652187Z Pruning cache at: /home/runner/work/_temp/setup-uv-cache
2026-09-10T03:15:52.4004860Z Removed 6784 files (58.9MiB)
2026-09-10T03:15:52.4034347Z Including uv cache path: /home/runner/work/_temp/setup-uv-cache
2026-09-10T03:15:52.4193746Z [command]/usr/bin/tar --posix -cf cache.tzst --exclude cache.tzst -P -C /home/runner/work/stocks-predictor/stocks-predictor --files-from manifest.txt --use-compress-program zstdmt
2026-09-10T03:15:52.6221914Z ##[warning]Failed to save: Unable to reserve cache with key setup-uv-2-x86_64-unknown-linux-gnu-ubuntu-24.04-unknown-pruned-59edb7dc31a0008208010cda3c60d6c07f1f5cae31611801c4f9d86ba7e501e6, another job may be creating this cache.
2026-09-10T03:15:52.6230509Z uv cache saved with key: setup-uv-2-x86_64-unknown-linux-gnu-ubuntu-24.04-unknown-pruned-59edb7dc31a0008208010cda3c60d6c07f1f5cae31611801c4f9d86ba7e501e6
2026-09-10T03:15:52.6853164Z Post job cleanup.
2026-09-10T03:15:52.7717259Z [command]/usr/bin/git version
2026-09-10T03:15:52.7763937Z git version 2.55.0
2026-09-10T03:15:52.7803488Z Temporarily overriding HOME='/home/runner/work/_temp/481b90d9-0e9d-49af-a4b8-6facb8dc5e83' before making global git config changes
2026-09-10T03:15:52.7805194Z Adding repository directory to the temporary git global config as a safe directory
2026-09-10T03:15:52.7809932Z [command]/usr/bin/git config --global --add safe.directory /home/runner/work/stocks-predictor/stocks-predictor
2026-09-10T03:15:52.7846309Z Removing SSH command configuration
2026-09-10T03:15:52.7852872Z [command]/usr/bin/git config --local --name-only --get-regexp core\.sshCommand
2026-09-10T03:15:52.7901687Z [command]/usr/bin/git submodule foreach --recursive sh -c "git config --local --name-only --get-regexp 'core\.sshCommand' && git config --local --unset-all 'core.sshCommand' || :"
2026-09-10T03:15:52.8163062Z Removing HTTP extra header
2026-09-10T03:15:52.8169390Z [command]/usr/bin/git config --local --name-only --get-regexp http\.https\:\/\/github\.com\/\.extraheader
2026-09-10T03:15:52.8212815Z [command]/usr/bin/git submodule foreach --recursive sh -c "git config --local --name-only --get-regexp 'http\.https\:\/\/github\.com\/\.extraheader' && git config --local --unset-all 'http.https://github.com/.extraheader' || :"
2026-09-10T03:15:52.8503558Z Removing includeIf entries pointing to credentials config files
2026-09-10T03:15:52.8510827Z [command]/usr/bin/git config --local --name-only --get-regexp ^includeIf\.gitdir:
2026-09-10T03:15:52.8545614Z includeif.gitdir:/home/runner/work/stocks-predictor/stocks-predictor/.git.path
2026-09-10T03:15:52.8546895Z includeif.gitdir:/home/runner/work/stocks-predictor/stocks-predictor/.git/worktrees/*.path
2026-09-10T03:15:52.8547995Z includeif.gitdir:/github/workspace/.git.path
2026-09-10T03:15:52.8548871Z includeif.gitdir:/github/workspace/.git/worktrees/*.path
2026-09-10T03:15:52.8557479Z [command]/usr/bin/git config --local --get-all includeif.gitdir:/home/runner/work/stocks-predictor/stocks-predictor/.git.path
2026-09-10T03:15:52.8587707Z /home/runner/work/_temp/git-credentials-6cdd7913-fd3b-46bc-9437-f5e75c22e2d1.config
2026-09-10T03:15:52.8601710Z [command]/usr/bin/git config --local --unset includeif.gitdir:/home/runner/work/stocks-predictor/stocks-predictor/.git.path \/home\/runner\/work\/_temp\/git\-credentials\-6cdd7913\-fd3b\-46bc\-9437\-f5e75c22e2d1\.config
2026-09-10T03:15:52.8644650Z [command]/usr/bin/git config --local --get-all includeif.gitdir:/home/runner/work/stocks-predictor/stocks-predictor/.git/worktrees/*.path
2026-09-10T03:15:52.8684833Z /home/runner/work/_temp/git-credentials-6cdd7913-fd3b-46bc-9437-f5e75c22e2d1.config
2026-09-10T03:15:52.8695366Z [command]/usr/bin/git config --local --unset includeif.gitdir:/home/runner/work/stocks-predictor/stocks-predictor/.git/worktrees/*.path \/home\/runner\/work\/_temp\/git\-credentials\-6cdd7913\-fd3b\-46bc\-9437\-f5e75c22e2d1\.config
2026-09-10T03:15:52.8738117Z [command]/usr/bin/git config --local --get-all includeif.gitdir:/github/workspace/.git.path
2026-09-10T03:15:52.8767766Z /github/runner_temp/git-credentials-6cdd7913-fd3b-46bc-9437-f5e75c22e2d1.config
2026-09-10T03:15:52.8776764Z [command]/usr/bin/git config --local --unset includeif.gitdir:/github/workspace/.git.path \/github\/runner_temp\/git\-credentials\-6cdd7913\-fd3b\-46bc\-9437\-f5e75c22e2d1\.config
2026-09-10T03:15:52.8818072Z [command]/usr/bin/git config --local --get-all includeif.gitdir:/github/workspace/.git/worktrees/*.path
2026-09-10T03:15:52.8849507Z /github/runner_temp/git-credentials-6cdd7913-fd3b-46bc-9437-f5e75c22e2d1.config
2026-09-10T03:15:52.8857667Z [command]/usr/bin/git config --local --unset includeif.gitdir:/github/workspace/.git/worktrees/*.path \/github\/runner_temp\/git\-credentials\-6cdd7913\-fd3b\-46bc\-9437\-f5e75c22e2d1\.config
2026-09-10T03:15:52.8897729Z [command]/usr/bin/git submodule foreach --recursive git config --local --show-origin --name-only --get-regexp remote.origin.url
2026-09-10T03:15:52.9128785Z Removing credentials config '/home/runner/work/_temp/git-credentials-6cdd7913-fd3b-46bc-9437-f5e75c22e2d1.config'
2026-09-10T03:15:52.9275239Z Cleaning up orphan processes
2026-09-10T03:15:52.9547650Z ##[warning]Node.js 20 is deprecated. The following actions target Node.js 20 but are being forced to run on Node.js 24: actions/upload-artifact@v4. For more information see: https://github.blog/changelog/2025-09-19-deprecation-of-node-20-on-github-actions-runners/

