2026-09-10T02:34:50.2858507Z Current runner version: '2.337.0'
2026-09-10T02:34:50.2893998Z ##[group]Runner Image Provisioner
2026-09-10T02:34:50.2895320Z Hosted Compute Agent
2026-09-10T02:34:50.2896742Z Version: 20260828.587
2026-09-10T02:34:50.2897792Z Commit: abac92662cab4cc7352de4f9f9d2e2419aad9c29
2026-09-10T02:34:50.2899091Z Build Date: 2026-08-28T16:44:25Z
2026-09-10T02:34:50.2900323Z Worker ID: {0325df5d-b0c6-4c8d-8a34-ba5005465c36}
2026-09-10T02:34:50.2901546Z Azure Region: eastus
2026-09-10T02:34:50.2902561Z ##[endgroup]
2026-09-10T02:34:50.2904843Z ##[group]Operating System
2026-09-10T02:34:50.2905928Z Ubuntu
2026-09-10T02:34:50.2907129Z 24.04.4
2026-09-10T02:34:50.2908003Z LTS
2026-09-10T02:34:50.2908882Z ##[endgroup]
2026-09-10T02:34:50.2909883Z ##[group]Runner Image
2026-09-10T02:34:50.2911020Z Image: ubuntu-24.04
2026-09-10T02:34:50.2911954Z Version: 20260831.293.1
2026-09-10T02:34:50.2914162Z Included Software: https://github.com/actions/runner-images/blob/ubuntu24/20260831.293/images/ubuntu/Ubuntu2404-Readme.md
2026-09-10T02:34:50.2917189Z Image Release: https://github.com/actions/runner-images/releases/tag/ubuntu24%2F20260831.293
2026-09-10T02:34:50.2919021Z ##[endgroup]
2026-09-10T02:34:50.2920907Z ##[group]GITHUB_TOKEN Permissions
2026-09-10T02:34:50.2923976Z Contents: read
2026-09-10T02:34:50.2924927Z Metadata: read
2026-09-10T02:34:50.2925868Z ##[endgroup]
2026-09-10T02:34:50.2929304Z Secret source: Actions
2026-09-10T02:34:50.2930933Z Cache mode: write
2026-09-10T02:34:50.2932086Z Prepare workflow directory
2026-09-10T02:34:50.3424111Z Prepare all required actions
2026-09-10T02:34:50.3497298Z Getting action download info
2026-09-10T02:34:50.5595063Z Download action repository 'actions/checkout@v7' (SHA:3d3c42e5aac5ba805825da76410c181273ba90b1)
2026-09-10T02:34:50.6780345Z Download action repository 'astral-sh/setup-uv@v7' (SHA:37802adc94f370d6bfd71619e3f0bf239e1f3b78)
2026-09-10T02:34:50.8750732Z Download action repository 'actions/setup-python@v7' (SHA:5fda3b95a4ea91299a34e894583c3862153e4b97)
2026-09-10T02:34:50.9504107Z Download action repository 'actions/upload-artifact@v4' (SHA:ea165f8d65b6e75b540449e92b4886f43607fa02)
2026-09-10T02:34:51.2047358Z Complete job name: Quality / Python 3.13
2026-09-10T02:34:51.3046633Z ##[group]Run actions/checkout@v7
2026-09-10T02:34:51.3048305Z with:
2026-09-10T02:34:51.3049418Z   repository: leonardosovienski/stocks-predictor
2026-09-10T02:34:51.3058587Z   token: ***
2026-09-10T02:34:51.3059495Z   ssh-strict: true
2026-09-10T02:34:51.3060505Z   ssh-user: git
2026-09-10T02:34:51.3061444Z   persist-credentials: true
2026-09-10T02:34:51.3062478Z   clean: true
2026-09-10T02:34:51.3063457Z   sparse-checkout-cone-mode: true
2026-09-10T02:34:51.3064546Z   fetch-depth: 1
2026-09-10T02:34:51.3065541Z   fetch-tags: false
2026-09-10T02:34:51.3066654Z   show-progress: true
2026-09-10T02:34:51.3067647Z   lfs: false
2026-09-10T02:34:51.3068588Z   submodules: false
2026-09-10T02:34:51.3069549Z   set-safe-directory: true
2026-09-10T02:34:51.3070662Z   allow-unsafe-pr-checkout: false
2026-09-10T02:34:51.3072125Z ##[endgroup]
2026-09-10T02:34:51.4238523Z Syncing repository: leonardosovienski/stocks-predictor
2026-09-10T02:34:51.4241737Z ##[group]Getting Git version info
2026-09-10T02:34:51.4244247Z Working directory is '/home/runner/work/stocks-predictor/stocks-predictor'
2026-09-10T02:34:51.4248285Z [command]/usr/bin/git version
2026-09-10T02:34:51.4252363Z git version 2.55.0
2026-09-10T02:34:51.4283521Z ##[endgroup]
2026-09-10T02:34:51.4297235Z Temporarily overriding HOME='/home/runner/work/_temp/72d1726c-4453-4969-9760-ff43f3f36d0c' before making global git config changes
2026-09-10T02:34:51.4302254Z Adding repository directory to the temporary git global config as a safe directory
2026-09-10T02:34:51.4307165Z [command]/usr/bin/git config --global --add safe.directory /home/runner/work/stocks-predictor/stocks-predictor
2026-09-10T02:34:51.4360490Z Deleting the contents of '/home/runner/work/stocks-predictor/stocks-predictor'
2026-09-10T02:34:51.4364386Z ##[group]Determining repository object format
2026-09-10T02:34:51.4368279Z ##[endgroup]
2026-09-10T02:34:51.4370748Z ##[group]Initializing the repository
2026-09-10T02:34:51.4373251Z [command]/usr/bin/git init /home/runner/work/stocks-predictor/stocks-predictor
2026-09-10T02:34:51.4493657Z hint: Using 'master' as the name for the initial branch. This default branch name
2026-09-10T02:34:51.4497244Z hint: will change to "main" in Git 3.0. To configure the initial branch name
2026-09-10T02:34:51.4500664Z hint: to use in all of your new repositories, which will suppress this warning,
2026-09-10T02:34:51.4503114Z hint: call:
2026-09-10T02:34:51.4504407Z hint:
2026-09-10T02:34:51.4505960Z hint: 	git config --global init.defaultBranch <name>
2026-09-10T02:34:51.4508191Z hint:
2026-09-10T02:34:51.4510396Z hint: Names commonly chosen instead of 'master' are 'main', 'trunk' and
2026-09-10T02:34:51.4513431Z hint: 'development'. The just-created branch can be renamed via this command:
2026-09-10T02:34:51.4515851Z hint:
2026-09-10T02:34:51.4517305Z hint: 	git branch -m <name>
2026-09-10T02:34:51.4518815Z hint:
2026-09-10T02:34:51.4520825Z hint: Disable this message with "git config set advice.defaultBranchName false"
2026-09-10T02:34:51.4524470Z Initialized empty Git repository in /home/runner/work/stocks-predictor/stocks-predictor/.git/
2026-09-10T02:34:51.4530885Z [command]/usr/bin/git remote add origin https://github.com/leonardosovienski/stocks-predictor
2026-09-10T02:34:51.4554379Z ##[endgroup]
2026-09-10T02:34:51.4557572Z ##[group]Disabling automatic garbage collection
2026-09-10T02:34:51.4559745Z [command]/usr/bin/git config --local gc.auto 0
2026-09-10T02:34:51.4591572Z ##[endgroup]
2026-09-10T02:34:51.4594025Z ##[group]Setting up auth
2026-09-10T02:34:51.4595696Z Removing SSH command configuration
2026-09-10T02:34:51.4599534Z [command]/usr/bin/git config --local --name-only --get-regexp core\.sshCommand
2026-09-10T02:34:51.4642870Z [command]/usr/bin/git submodule foreach --recursive sh -c "git config --local --name-only --get-regexp 'core\.sshCommand' && git config --local --unset-all 'core.sshCommand' || :"
2026-09-10T02:34:51.5041183Z Removing HTTP extra header
2026-09-10T02:34:51.5050022Z [command]/usr/bin/git config --local --name-only --get-regexp http\.https\:\/\/github\.com\/\.extraheader
2026-09-10T02:34:51.5092406Z [command]/usr/bin/git submodule foreach --recursive sh -c "git config --local --name-only --get-regexp 'http\.https\:\/\/github\.com\/\.extraheader' && git config --local --unset-all 'http.https://github.com/.extraheader' || :"
2026-09-10T02:34:51.5314620Z Removing includeIf entries pointing to credentials config files
2026-09-10T02:34:51.5319483Z [command]/usr/bin/git config --local --name-only --get-regexp ^includeIf\.gitdir:
2026-09-10T02:34:51.5367074Z [command]/usr/bin/git submodule foreach --recursive git config --local --show-origin --name-only --get-regexp remote.origin.url
2026-09-10T02:34:51.5602110Z [command]/usr/bin/git config --file /home/runner/work/_temp/git-credentials-d9f8b42b-1708-4e8b-ae2b-5617f2cbb19b.config http.https://github.com/.extraheader AUTHORIZATION: basic ***
2026-09-10T02:34:51.5652425Z [command]/usr/bin/git config --local includeIf.gitdir:/home/runner/work/stocks-predictor/stocks-predictor/.git.path /home/runner/work/_temp/git-credentials-d9f8b42b-1708-4e8b-ae2b-5617f2cbb19b.config
2026-09-10T02:34:51.5699328Z [command]/usr/bin/git config --local includeIf.gitdir:/home/runner/work/stocks-predictor/stocks-predictor/.git/worktrees/*.path /home/runner/work/_temp/git-credentials-d9f8b42b-1708-4e8b-ae2b-5617f2cbb19b.config
2026-09-10T02:34:51.5737293Z [command]/usr/bin/git config --local includeIf.gitdir:/github/workspace/.git.path /github/runner_temp/git-credentials-d9f8b42b-1708-4e8b-ae2b-5617f2cbb19b.config
2026-09-10T02:34:51.5773343Z [command]/usr/bin/git config --local includeIf.gitdir:/github/workspace/.git/worktrees/*.path /github/runner_temp/git-credentials-d9f8b42b-1708-4e8b-ae2b-5617f2cbb19b.config
2026-09-10T02:34:51.5806870Z ##[endgroup]
2026-09-10T02:34:51.5808585Z ##[group]Fetching the repository
2026-09-10T02:34:51.5812910Z [command]/usr/bin/git -c protocol.version=2 fetch --no-tags --prune --no-recurse-submodules --depth=1 origin +90919cf09f52364ba7e933eff33908b42ffb3248:refs/remotes/pull/75/merge
2026-09-10T02:34:53.5130467Z From https://github.com/leonardosovienski/stocks-predictor
2026-09-10T02:34:53.5131808Z  * [new ref]         90919cf09f52364ba7e933eff33908b42ffb3248 -> pull/75/merge
2026-09-10T02:34:53.5136288Z ##[endgroup]
2026-09-10T02:34:53.5137299Z ##[group]Determining the checkout info
2026-09-10T02:34:53.5138393Z ##[endgroup]
2026-09-10T02:34:53.5143937Z [command]/usr/bin/git sparse-checkout disable
2026-09-10T02:34:53.5203201Z [command]/usr/bin/git config --local --unset-all extensions.worktreeConfig
2026-09-10T02:34:53.5240611Z ##[group]Checking out the ref
2026-09-10T02:34:53.5245044Z [command]/usr/bin/git checkout --progress --force refs/remotes/pull/75/merge
2026-09-10T02:34:53.8402124Z Note: switching to 'refs/remotes/pull/75/merge'.
2026-09-10T02:34:53.8407003Z 
2026-09-10T02:34:53.8407479Z You are in 'detached HEAD' state. You can look around, make experimental
2026-09-10T02:34:53.8408710Z changes and commit them, and you can discard any commits you make in this
2026-09-10T02:34:53.8409925Z state without impacting any branches by switching back to a branch.
2026-09-10T02:34:53.8410662Z 
2026-09-10T02:34:53.8411164Z If you want to create a new branch to retain commits you create, you may
2026-09-10T02:34:53.8412335Z do so (now or later) by using -c with the switch command. Example:
2026-09-10T02:34:53.8412952Z 
2026-09-10T02:34:53.8413194Z   git switch -c <new-branch-name>
2026-09-10T02:34:53.8413601Z 
2026-09-10T02:34:53.8415371Z Or undo this operation with:
2026-09-10T02:34:53.8415928Z 
2026-09-10T02:34:53.8416432Z   git switch -
2026-09-10T02:34:53.8416819Z 
2026-09-10T02:34:53.8417449Z Turn off this advice by setting config variable advice.detachedHead to false
2026-09-10T02:34:53.8418270Z 
2026-09-10T02:34:53.8419195Z HEAD is now at 90919cf Merge af1397d2d984d551c3152cf87a4cda6195737eae into 0e9c48a87ff67bbd8d71fe5b9156799ba9bd8807
2026-09-10T02:34:53.8430771Z ##[endgroup]
2026-09-10T02:34:53.8485863Z [command]/usr/bin/git log -1 --format=%H
2026-09-10T02:34:53.8521656Z 90919cf09f52364ba7e933eff33908b42ffb3248
2026-09-10T02:34:53.8811217Z ##[group]Run astral-sh/setup-uv@v7
2026-09-10T02:34:53.8811533Z with:
2026-09-10T02:34:53.8811742Z   version: 0.12.1
2026-09-10T02:34:53.8811956Z   enable-cache: true
2026-09-10T02:34:53.8812193Z   activate-environment: false
2026-09-10T02:34:53.8812565Z   working-directory: /home/runner/work/stocks-predictor/stocks-predictor
2026-09-10T02:34:53.8815181Z   github-token: ***
2026-09-10T02:34:53.8815783Z   cache-dependency-glob: **/*requirements*.txt
**/*requirements*.in
**/*constraints*.txt
**/*constraints*.in
**/pyproject.toml
**/uv.lock
**/*.py.lock

2026-09-10T02:34:53.8816611Z   restore-cache: true
2026-09-10T02:34:53.8816835Z   save-cache: true
2026-09-10T02:34:53.8817041Z   prune-cache: true
2026-09-10T02:34:53.8817252Z   cache-python: false
2026-09-10T02:34:53.8817515Z   ignore-nothing-to-cache: false
2026-09-10T02:34:53.8817779Z   ignore-empty-workdir: false
2026-09-10T02:34:53.8818035Z   add-problem-matchers: true
2026-09-10T02:34:53.8818321Z   resolution-strategy: highest
2026-09-10T02:34:53.8818564Z ##[endgroup]
2026-09-10T02:34:54.0591937Z Fetching version data from https://raw.githubusercontent.com/astral-sh/versions/main/v1/uv.ndjson ...
2026-09-10T02:34:54.1377901Z Downloading uv from "https://releases.astral.sh/github/uv/releases/download/0.12.1/uv-x86_64-unknown-linux-gnu.tar.gz" ...
2026-09-10T02:34:54.3131159Z [command]/usr/bin/tar xz --warning=no-unknown-keyword --overwrite -C /home/runner/work/_temp/faed94da-fdac-4267-b242-822b8605ce3a -f /home/runner/work/_temp/35c6cad6-7227-4a5f-a7a8-081a703b941b
2026-09-10T02:34:54.7539278Z Added /home/runner/.local/bin to the path
2026-09-10T02:34:54.7543796Z Added /opt/hostedtoolcache/uv/0.12.1/x86_64 to the path
2026-09-10T02:34:54.7545785Z Set UV_PYTHON_INSTALL_DIR to /home/runner/work/_temp/uv-python-dir
2026-09-10T02:34:54.7547501Z Added /home/runner/work/_temp/uv-python-dir to the path
2026-09-10T02:34:54.7576910Z Set UV_CACHE_DIR to /home/runner/work/_temp/setup-uv-cache
2026-09-10T02:34:54.7577569Z Successfully installed uv version 0.12.1
2026-09-10T02:34:54.8658723Z Searching files using cache dependency glob: /home/runner/work/stocks-predictor/stocks-predictor/**/*requirements*.txt,/home/runner/work/stocks-predictor/stocks-predictor/**/*requirements*.in,/home/runner/work/stocks-predictor/stocks-predictor/**/*constraints*.txt,/home/runner/work/stocks-predictor/stocks-predictor/**/*constraints*.in,/home/runner/work/stocks-predictor/stocks-predictor/**/pyproject.toml,/home/runner/work/stocks-predictor/stocks-predictor/**/uv.lock,/home/runner/work/stocks-predictor/stocks-predictor/**/*.py.lock
2026-09-10T02:34:54.9119333Z /home/runner/work/stocks-predictor/stocks-predictor/pyproject.toml
2026-09-10T02:34:54.9164874Z /home/runner/work/stocks-predictor/stocks-predictor/requirements.txt
2026-09-10T02:34:55.0645370Z /home/runner/work/stocks-predictor/stocks-predictor/uv.lock
2026-09-10T02:34:55.0733027Z Found 3 files to hash.
2026-09-10T02:34:55.0811244Z Trying to restore cache from GitHub Actions cache with key: setup-uv-2-x86_64-unknown-linux-gnu-ubuntu-24.04-unknown-pruned-59edb7dc31a0008208010cda3c60d6c07f1f5cae31611801c4f9d86ba7e501e6
2026-09-10T02:34:55.1399672Z No GitHub Actions cache found for key: setup-uv-2-x86_64-unknown-linux-gnu-ubuntu-24.04-unknown-pruned-59edb7dc31a0008208010cda3c60d6c07f1f5cae31611801c4f9d86ba7e501e6
2026-09-10T02:34:55.2113876Z ##[group]Run actions/setup-python@v7
2026-09-10T02:34:55.2114165Z with:
2026-09-10T02:34:55.2114364Z   python-version: 3.13
2026-09-10T02:34:55.2114586Z   check-latest: false
2026-09-10T02:34:55.2117309Z   token: ***
2026-09-10T02:34:55.2117534Z   update-environment: true
2026-09-10T02:34:55.2117773Z   allow-prereleases: false
2026-09-10T02:34:55.2117997Z   freethreaded: false
2026-09-10T02:34:55.2118197Z env:
2026-09-10T02:34:55.2118453Z   UV_PYTHON_INSTALL_DIR: /home/runner/work/_temp/uv-python-dir
2026-09-10T02:34:55.2118851Z   UV_CACHE_DIR: /home/runner/work/_temp/setup-uv-cache
2026-09-10T02:34:55.2119148Z ##[endgroup]
2026-09-10T02:34:55.3290042Z ##[group]Installed versions
2026-09-10T02:34:55.3377956Z Successfully set up CPython (3.13.15)
2026-09-10T02:34:55.3378873Z ##[endgroup]
2026-09-10T02:34:55.3531923Z ##[group]Run uv sync --locked --all-extras --python 3.13
2026-09-10T02:34:55.3532405Z [36;1muv sync --locked --all-extras --python 3.13[0m
2026-09-10T02:34:55.3587002Z shell: /usr/bin/bash -e {0}
2026-09-10T02:34:55.3587398Z env:
2026-09-10T02:34:55.3587725Z   UV_PYTHON_INSTALL_DIR: /home/runner/work/_temp/uv-python-dir
2026-09-10T02:34:55.3588205Z   UV_CACHE_DIR: /home/runner/work/_temp/setup-uv-cache
2026-09-10T02:34:55.3588620Z   pythonLocation: /opt/hostedtoolcache/Python/3.13.15/x64
2026-09-10T02:34:55.3589096Z   PKG_CONFIG_PATH: /opt/hostedtoolcache/Python/3.13.15/x64/lib/pkgconfig
2026-09-10T02:34:55.3589566Z   Python_ROOT_DIR: /opt/hostedtoolcache/Python/3.13.15/x64
2026-09-10T02:34:55.3590027Z   Python2_ROOT_DIR: /opt/hostedtoolcache/Python/3.13.15/x64
2026-09-10T02:34:55.3590440Z   Python3_ROOT_DIR: /opt/hostedtoolcache/Python/3.13.15/x64
2026-09-10T02:34:55.3590870Z   LD_LIBRARY_PATH: /opt/hostedtoolcache/Python/3.13.15/x64/lib
2026-09-10T02:34:55.3591286Z ##[endgroup]
2026-09-10T02:34:55.4785044Z Using CPython 3.13.15 interpreter at: /opt/hostedtoolcache/Python/3.13.15/x64/bin/python3.13
2026-09-10T02:34:55.4785896Z Creating virtual environment at: .venv
2026-09-10T02:34:55.6717707Z Resolved 16 packages in 191ms
2026-09-10T02:34:55.6775907Z    Building stocks-predictor @ file:///home/runner/work/stocks-predictor/stocks-predictor
2026-09-10T02:34:55.6894149Z Downloading pyright (5.9MiB)
2026-09-10T02:34:55.6921822Z Downloading pygments (1.2MiB)
2026-09-10T02:34:55.6923343Z Downloading ruff (9.8MiB)
2026-09-10T02:34:55.8569395Z  Downloaded ruff
2026-09-10T02:34:55.9446357Z  Downloaded pygments
2026-09-10T02:34:56.4022177Z       Built stocks-predictor @ file:///home/runner/work/stocks-predictor/stocks-predictor
2026-09-10T02:34:56.6481323Z  Downloaded pyright
2026-09-10T02:34:56.6484538Z Prepared 14 packages in 976ms
2026-09-10T02:34:56.7675514Z Installed 15 packages in 115ms
2026-09-10T02:34:56.7676379Z  + build==1.6.0
2026-09-10T02:34:56.7676751Z  + coverage==7.16.0
2026-09-10T02:34:56.7677121Z  + iniconfig==2.3.0
2026-09-10T02:34:56.7677480Z  + nodeenv==1.10.0
2026-09-10T02:34:56.7677838Z  + packaging==26.3
2026-09-10T02:34:56.7678182Z  + pluggy==1.6.0
2026-09-10T02:34:56.7679229Z  + predictor-core==3.2.0 (from https://github.com/leonardosovienski/core-predictor/releases/download/v3.2.0/predictor_core-3.2.0-py3-none-any.whl)
2026-09-10T02:34:56.7680356Z  + pygments==2.21.0
2026-09-10T02:34:56.7680737Z  + pyproject-hooks==1.2.0
2026-09-10T02:34:56.7681135Z  + pyright==1.1.411
2026-09-10T02:34:56.7681478Z  + pytest==9.1.1
2026-09-10T02:34:56.7681852Z  + pyyaml==6.0.3
2026-09-10T02:34:56.7682188Z  + ruff==0.16.5
2026-09-10T02:34:56.7682824Z  + stocks-predictor==0.1.0 (from file:///home/runner/work/stocks-predictor/stocks-predictor)
2026-09-10T02:34:56.7683610Z  + typing-extensions==4.16.0
2026-09-10T02:34:56.7773226Z ##[group]Run uv run --no-sync python main.py doctor --check
2026-09-10T02:34:56.7773694Z [36;1muv run --no-sync python main.py doctor --check[0m
2026-09-10T02:34:56.7810778Z shell: /usr/bin/bash -e {0}
2026-09-10T02:34:56.7811037Z env:
2026-09-10T02:34:56.7811322Z   UV_PYTHON_INSTALL_DIR: /home/runner/work/_temp/uv-python-dir
2026-09-10T02:34:56.7811732Z   UV_CACHE_DIR: /home/runner/work/_temp/setup-uv-cache
2026-09-10T02:34:56.7812117Z   pythonLocation: /opt/hostedtoolcache/Python/3.13.15/x64
2026-09-10T02:34:56.7812566Z   PKG_CONFIG_PATH: /opt/hostedtoolcache/Python/3.13.15/x64/lib/pkgconfig
2026-09-10T02:34:56.7813016Z   Python_ROOT_DIR: /opt/hostedtoolcache/Python/3.13.15/x64
2026-09-10T02:34:56.7813428Z   Python2_ROOT_DIR: /opt/hostedtoolcache/Python/3.13.15/x64
2026-09-10T02:34:56.7813833Z   Python3_ROOT_DIR: /opt/hostedtoolcache/Python/3.13.15/x64
2026-09-10T02:34:56.7814248Z   LD_LIBRARY_PATH: /opt/hostedtoolcache/Python/3.13.15/x64/lib
2026-09-10T02:34:56.7814609Z ##[endgroup]
2026-09-10T02:34:56.9707148Z {
2026-09-10T02:34:56.9707677Z   "python": {
2026-09-10T02:34:56.9708158Z     "version": "3.13.15",
2026-09-10T02:34:56.9708827Z     "executable": "/home/runner/work/stocks-predictor/stocks-predictor/.venv/bin/python3",
2026-09-10T02:34:56.9709549Z     "supported": true,
2026-09-10T02:34:56.9709912Z     "required": ">=3.13,<3.15"
2026-09-10T02:34:56.9710270Z   },
2026-09-10T02:34:56.9710574Z   "sqlite_version": "3.45.1",
2026-09-10T02:34:56.9710960Z   "dependencies": {
2026-09-10T02:34:56.9711305Z     "predictor-core": {
2026-09-10T02:34:56.9711672Z       "version": "3.2.0",
2026-09-10T02:34:56.9712049Z       "metadata_compatible": true,
2026-09-10T02:34:56.9712528Z       "status": "compatible_stable_release"
2026-09-10T02:34:56.9712953Z     },
2026-09-10T02:34:56.9713243Z     "PyYAML": {
2026-09-10T02:34:56.9713566Z       "version": "6.0.3",
2026-09-10T02:34:56.9713971Z       "metadata_compatible": true,
2026-09-10T02:34:56.9714404Z       "status": "compatible_stable_release"
2026-09-10T02:34:56.9714812Z     }
2026-09-10T02:34:56.9715085Z   },
2026-09-10T02:34:56.9715397Z   "runtime_metadata_compatible": true,
2026-09-10T02:34:56.9715814Z   "database": {
2026-09-10T02:34:56.9716430Z     "status": "not_requested"
2026-09-10T02:34:56.9716797Z   },
2026-09-10T02:34:56.9717543Z   "scope": "Offline metadata and optional SQLite quick_check; no dependency import, migration, or operational certification."
2026-09-10T02:34:56.9718354Z }
2026-09-10T02:34:56.9845837Z ##[group]Run uv run --no-sync ruff check stocks_predictor tests main.py tools/data_bank.py tools/benchmark_ingestion.py research/session-20260909/data_completion research/session-20260910/integral
2026-09-10T02:34:56.9847548Z [36;1muv run --no-sync ruff check stocks_predictor tests main.py tools/data_bank.py tools/benchmark_ingestion.py research/session-20260909/data_completion research/session-20260910/integral[0m
2026-09-10T02:34:56.9885096Z shell: /usr/bin/bash -e {0}
2026-09-10T02:34:56.9885351Z env:
2026-09-10T02:34:56.9885639Z   UV_PYTHON_INSTALL_DIR: /home/runner/work/_temp/uv-python-dir
2026-09-10T02:34:56.9886305Z   UV_CACHE_DIR: /home/runner/work/_temp/setup-uv-cache
2026-09-10T02:34:56.9886698Z   pythonLocation: /opt/hostedtoolcache/Python/3.13.15/x64
2026-09-10T02:34:56.9887140Z   PKG_CONFIG_PATH: /opt/hostedtoolcache/Python/3.13.15/x64/lib/pkgconfig
2026-09-10T02:34:56.9887587Z   Python_ROOT_DIR: /opt/hostedtoolcache/Python/3.13.15/x64
2026-09-10T02:34:56.9888034Z   Python2_ROOT_DIR: /opt/hostedtoolcache/Python/3.13.15/x64
2026-09-10T02:34:56.9888554Z   Python3_ROOT_DIR: /opt/hostedtoolcache/Python/3.13.15/x64
2026-09-10T02:34:56.9889014Z   LD_LIBRARY_PATH: /opt/hostedtoolcache/Python/3.13.15/x64/lib
2026-09-10T02:34:56.9889370Z ##[endgroup]
2026-09-10T02:34:57.0306617Z All checks passed!
2026-09-10T02:34:57.0353738Z ##[group]Run uv run --no-sync pyright --pythonversion 3.13
2026-09-10T02:34:57.0354222Z [36;1muv run --no-sync pyright --pythonversion 3.13[0m
2026-09-10T02:34:57.0392345Z shell: /usr/bin/bash -e {0}
2026-09-10T02:34:57.0392592Z env:
2026-09-10T02:34:57.0392870Z   UV_PYTHON_INSTALL_DIR: /home/runner/work/_temp/uv-python-dir
2026-09-10T02:34:57.0393266Z   UV_CACHE_DIR: /home/runner/work/_temp/setup-uv-cache
2026-09-10T02:34:57.0393632Z   pythonLocation: /opt/hostedtoolcache/Python/3.13.15/x64
2026-09-10T02:34:57.0394053Z   PKG_CONFIG_PATH: /opt/hostedtoolcache/Python/3.13.15/x64/lib/pkgconfig
2026-09-10T02:34:57.0394464Z   Python_ROOT_DIR: /opt/hostedtoolcache/Python/3.13.15/x64
2026-09-10T02:34:57.0394837Z   Python2_ROOT_DIR: /opt/hostedtoolcache/Python/3.13.15/x64
2026-09-10T02:34:57.0395210Z   Python3_ROOT_DIR: /opt/hostedtoolcache/Python/3.13.15/x64
2026-09-10T02:34:57.0395587Z   LD_LIBRARY_PATH: /opt/hostedtoolcache/Python/3.13.15/x64/lib
2026-09-10T02:34:57.0396232Z ##[endgroup]
2026-09-10T02:34:59.9193078Z /home/runner/work/stocks-predictor/stocks-predictor/stocks_predictor/continuous_cash.py
2026-09-10T02:34:59.9199890Z   /home/runner/work/stocks-predictor/stocks-predictor/stocks_predictor/continuous_cash.py:72:41 - error: Argument of type "Decimal" cannot be assigned to parameter "prior_loss" of type "int" in function "ordinary_month_tax"
2026-09-10T02:34:59.9202013Z     "Decimal" is not assignable to "int" (reportArgumentType)
2026-09-10T02:34:59.9203076Z /home/runner/work/stocks-predictor/stocks-predictor/stocks_predictor/rj_judge.py
2026-09-10T02:34:59.9204950Z   /home/runner/work/stocks-predictor/stocks-predictor/stocks_predictor/rj_judge.py:100:16 - error: Argument of type "(resampled: Unknown) -> (Unknown | None)" cannot be assigned to parameter "statistic" of type "(list[Unknown]) -> float" in function "bootstrap_ci"
2026-09-10T02:34:59.9206648Z     Type "(resampled: Unknown) -> (Unknown | None)" is not assignable to type "(list[Unknown]) -> float"
2026-09-10T02:34:59.9207354Z       Function return type "Unknown | None" is incompatible with type "float"
2026-09-10T02:34:59.9207879Z         Type "Unknown | None" is not assignable to type "float"
2026-09-10T02:34:59.9208341Z           "None" is not assignable to "float" (reportArgumentType)
2026-09-10T02:34:59.9208698Z 2 errors, 0 warnings, 0 informations
2026-09-10T02:34:59.9730827Z WARNING: there is a new pyright version available (v1.1.411 -> v1.1.413).
2026-09-10T02:34:59.9731442Z Please install the new version or set PYRIGHT_PYTHON_FORCE_VERSION to `latest`
2026-09-10T02:34:59.9731778Z 
2026-09-10T02:34:59.9925204Z ##[error]Process completed with exit code 1.
2026-09-10T02:35:00.0020326Z Node 20 is being deprecated. This workflow is running with Node 24 by default. If you need to temporarily use Node 20, you can set the ACTIONS_ALLOW_USE_UNSECURE_NODE_VERSION=true environment variable. For more information see: https://github.blog/changelog/2025-09-19-deprecation-of-node-20-on-github-actions-runners/
2026-09-10T02:35:00.0021627Z ##[group]Run actions/upload-artifact@v4
2026-09-10T02:35:00.0021908Z with:
2026-09-10T02:35:00.0022318Z   name: quality-python-3.13
2026-09-10T02:35:00.0022595Z   path: test-results.xml
coverage.json

2026-09-10T02:35:00.0023098Z   retention-days: 14
2026-09-10T02:35:00.0023395Z   if-no-files-found: ignore
2026-09-10T02:35:00.0023626Z   compression-level: 6
2026-09-10T02:35:00.0023834Z   overwrite: false
2026-09-10T02:35:00.0024048Z   include-hidden-files: false
2026-09-10T02:35:00.0024278Z env:
2026-09-10T02:35:00.0024534Z   UV_PYTHON_INSTALL_DIR: /home/runner/work/_temp/uv-python-dir
2026-09-10T02:35:00.0024957Z   UV_CACHE_DIR: /home/runner/work/_temp/setup-uv-cache
2026-09-10T02:35:00.0025335Z   pythonLocation: /opt/hostedtoolcache/Python/3.13.15/x64
2026-09-10T02:35:00.0025765Z   PKG_CONFIG_PATH: /opt/hostedtoolcache/Python/3.13.15/x64/lib/pkgconfig
2026-09-10T02:35:00.0026447Z   Python_ROOT_DIR: /opt/hostedtoolcache/Python/3.13.15/x64
2026-09-10T02:35:00.0026839Z   Python2_ROOT_DIR: /opt/hostedtoolcache/Python/3.13.15/x64
2026-09-10T02:35:00.0027224Z   Python3_ROOT_DIR: /opt/hostedtoolcache/Python/3.13.15/x64
2026-09-10T02:35:00.0027607Z   LD_LIBRARY_PATH: /opt/hostedtoolcache/Python/3.13.15/x64/lib
2026-09-10T02:35:00.0027928Z ##[endgroup]
2026-09-10T02:35:00.1758953Z (node:2376) [DEP0040] DeprecationWarning: The `punycode` module is deprecated. Please use a userland alternative instead.
2026-09-10T02:35:00.1759873Z (Use `node --trace-deprecation ...` to show where the warning was created)
2026-09-10T02:35:00.1801003Z Multiple search paths detected. Calculating the least common ancestor of all paths
2026-09-10T02:35:00.1804272Z The least common ancestor is /home/runner/work/stocks-predictor/stocks-predictor. This will be the root directory of the artifact
2026-09-10T02:35:00.1805385Z No files were found with the provided path: test-results.xml
2026-09-10T02:35:00.1806255Z coverage.json. No artifacts will be uploaded.
2026-09-10T02:35:00.2025607Z Post job cleanup.
2026-09-10T02:35:00.2998231Z [command]/usr/bin/git version
2026-09-10T02:35:00.3050803Z git version 2.55.0
2026-09-10T02:35:00.3092371Z Temporarily overriding HOME='/home/runner/work/_temp/15ca380c-8be3-4b01-b9df-bd5406ddcaed' before making global git config changes
2026-09-10T02:35:00.3093883Z Adding repository directory to the temporary git global config as a safe directory
2026-09-10T02:35:00.3097931Z [command]/usr/bin/git config --global --add safe.directory /home/runner/work/stocks-predictor/stocks-predictor
2026-09-10T02:35:00.3465018Z Removing SSH command configuration
2026-09-10T02:35:00.3486905Z [command]/usr/bin/git config --local --name-only --get-regexp core\.sshCommand
2026-09-10T02:35:00.3568478Z [command]/usr/bin/git submodule foreach --recursive sh -c "git config --local --name-only --get-regexp 'core\.sshCommand' && git config --local --unset-all 'core.sshCommand' || :"
2026-09-10T02:35:00.3823669Z Removing HTTP extra header
2026-09-10T02:35:00.3830168Z [command]/usr/bin/git config --local --name-only --get-regexp http\.https\:\/\/github\.com\/\.extraheader
2026-09-10T02:35:00.3875439Z [command]/usr/bin/git submodule foreach --recursive sh -c "git config --local --name-only --get-regexp 'http\.https\:\/\/github\.com\/\.extraheader' && git config --local --unset-all 'http.https://github.com/.extraheader' || :"
2026-09-10T02:35:00.4203953Z Removing includeIf entries pointing to credentials config files
2026-09-10T02:35:00.4211479Z [command]/usr/bin/git config --local --name-only --get-regexp ^includeIf\.gitdir:
2026-09-10T02:35:00.4559963Z includeif.gitdir:/home/runner/work/stocks-predictor/stocks-predictor/.git.path
2026-09-10T02:35:00.4560637Z includeif.gitdir:/home/runner/work/stocks-predictor/stocks-predictor/.git/worktrees/*.path
2026-09-10T02:35:00.4561185Z includeif.gitdir:/github/workspace/.git.path
2026-09-10T02:35:00.4561585Z includeif.gitdir:/github/workspace/.git/worktrees/*.path
2026-09-10T02:35:00.4576737Z [command]/usr/bin/git config --local --get-all includeif.gitdir:/home/runner/work/stocks-predictor/stocks-predictor/.git.path
2026-09-10T02:35:00.4619277Z /home/runner/work/_temp/git-credentials-d9f8b42b-1708-4e8b-ae2b-5617f2cbb19b.config
2026-09-10T02:35:00.4632352Z [command]/usr/bin/git config --local --unset includeif.gitdir:/home/runner/work/stocks-predictor/stocks-predictor/.git.path \/home\/runner\/work\/_temp\/git\-credentials\-d9f8b42b\-1708\-4e8b\-ae2b\-5617f2cbb19b\.config
2026-09-10T02:35:00.4692686Z [command]/usr/bin/git config --local --get-all includeif.gitdir:/home/runner/work/stocks-predictor/stocks-predictor/.git/worktrees/*.path
2026-09-10T02:35:00.4711873Z /home/runner/work/_temp/git-credentials-d9f8b42b-1708-4e8b-ae2b-5617f2cbb19b.config
2026-09-10T02:35:00.4722824Z [command]/usr/bin/git config --local --unset includeif.gitdir:/home/runner/work/stocks-predictor/stocks-predictor/.git/worktrees/*.path \/home\/runner\/work\/_temp\/git\-credentials\-d9f8b42b\-1708\-4e8b\-ae2b\-5617f2cbb19b\.config
2026-09-10T02:35:00.4761126Z [command]/usr/bin/git config --local --get-all includeif.gitdir:/github/workspace/.git.path
2026-09-10T02:35:00.4788525Z /github/runner_temp/git-credentials-d9f8b42b-1708-4e8b-ae2b-5617f2cbb19b.config
2026-09-10T02:35:00.4797652Z [command]/usr/bin/git config --local --unset includeif.gitdir:/github/workspace/.git.path \/github\/runner_temp\/git\-credentials\-d9f8b42b\-1708\-4e8b\-ae2b\-5617f2cbb19b\.config
2026-09-10T02:35:00.5051321Z [command]/usr/bin/git config --local --get-all includeif.gitdir:/github/workspace/.git/worktrees/*.path
2026-09-10T02:35:00.5081859Z /github/runner_temp/git-credentials-d9f8b42b-1708-4e8b-ae2b-5617f2cbb19b.config
2026-09-10T02:35:00.5091365Z [command]/usr/bin/git config --local --unset includeif.gitdir:/github/workspace/.git/worktrees/*.path \/github\/runner_temp\/git\-credentials\-d9f8b42b\-1708\-4e8b\-ae2b\-5617f2cbb19b\.config
2026-09-10T02:35:00.6001253Z [command]/usr/bin/git submodule foreach --recursive git config --local --show-origin --name-only --get-regexp remote.origin.url
2026-09-10T02:35:00.6231690Z Removing credentials config '/home/runner/work/_temp/git-credentials-d9f8b42b-1708-4e8b-ae2b-5617f2cbb19b.config'
2026-09-10T02:35:00.6370617Z Cleaning up orphan processes
2026-09-10T02:35:00.6651090Z ##[warning]Node.js 20 is deprecated. The following actions target Node.js 20 but are being forced to run on Node.js 24: actions/upload-artifact@v4. For more information see: https://github.blog/changelog/2025-09-19-deprecation-of-node-20-on-github-actions-runners/

