test_busy_commit_leaves_no_pending_ingestion (tests.test_ingestion_integrity.IngestionIntegrityTests.test_busy_commit_leaves_no_pending_ingestion) ... ok
test_changed_source_content_is_rejected_without_overwrite (tests.test_ingestion_integrity.IngestionIntegrityTests.test_changed_source_content_is_rejected_without_overwrite) ... ok
test_conflicting_duplicate_across_batches_rolls_back_every_batch (tests.test_ingestion_integrity.IngestionIntegrityTests.test_conflicting_duplicate_across_batches_rolls_back_every_batch) ... ok
test_conflicting_duplicates_inside_one_batch_are_rejected (tests.test_ingestion_integrity.IngestionIntegrityTests.test_conflicting_duplicates_inside_one_batch_are_rejected) ... ok
test_constraint_failure_rolls_back_all_new_rows_and_preserves_caller (tests.test_ingestion_integrity.IngestionIntegrityTests.test_constraint_failure_rolls_back_all_new_rows_and_preserves_caller) ... ok
test_duplicates_in_one_source_report_actual_insertions (tests.test_ingestion_integrity.IngestionIntegrityTests.test_duplicates_in_one_source_report_actual_insertions) ... ok
test_idempotent_replay_reports_zero_new_rows (tests.test_ingestion_integrity.IngestionIntegrityTests.test_idempotent_replay_reports_zero_new_rows) ... ok
test_late_stream_failure_leaves_no_partial_ingestion (tests.test_ingestion_integrity.IngestionIntegrityTests.test_late_stream_failure_leaves_no_partial_ingestion) ... ok
test_malformed_neighbor_keeps_valid_row_and_warning (tests.test_ingestion_integrity.IngestionIntegrityTests.test_malformed_neighbor_keeps_valid_row_and_warning) ... ok
test_only_nonspot_records_are_valid_but_filtered (tests.test_ingestion_integrity.IngestionIntegrityTests.test_only_nonspot_records_are_valid_but_filtered) ... ok
test_source_identity_is_required (tests.test_ingestion_integrity.IngestionIntegrityTests.test_source_identity_is_required) ... ok
test_success_keeps_callers_transaction_uncommitted (tests.test_ingestion_integrity.IngestionIntegrityTests.test_success_keeps_callers_transaction_uncommitted) ... ok
test_boolean_fractional_and_nonpositive_counts_rejected (tests.test_input_contracts.InputContractTests.test_boolean_fractional_and_nonpositive_counts_rejected) ... ok
test_date_requires_canonical_calendar_form (tests.test_input_contracts.InputContractTests.test_date_requires_canonical_calendar_form) ... ok
test_invalid_universe_parameters_fail_before_sql (tests.test_input_contracts.InputContractTests.test_invalid_universe_parameters_fail_before_sql) ... ok
test_check_exit_code_and_json (tests.test_diagnostics.DiagnosticsTests.test_check_exit_code_and_json) ... ok
test_corrupt_file_returns_structured_error (tests.test_diagnostics.DiagnosticsTests.test_corrupt_file_returns_structured_error) ... ok
test_existing_database_is_unchanged (tests.test_diagnostics.DiagnosticsTests.test_existing_database_is_unchanged) ... ok
test_missing_core_is_reported_without_import (tests.test_diagnostics.DiagnosticsTests.test_missing_core_is_reported_without_import) ... ok
test_missing_database_is_not_created (tests.test_diagnostics.DiagnosticsTests.test_missing_database_is_not_created) ... ok
test_supported_versions_and_incompatible_versions (tests.test_diagnostics.DiagnosticsTests.test_supported_versions_and_incompatible_versions) ... ok
test_invalid_external_edge_estimate_is_rejected (tests.test_audit_integrity.EconomicInputTests.test_invalid_external_edge_estimate_is_rejected) ... ok
test_missing_observations_are_not_silently_removed (tests.test_audit_integrity.EconomicInputTests.test_missing_observations_are_not_silently_removed) ... ok
test_nonfinite_costs_and_hurdles_cannot_produce_a_decision (tests.test_audit_integrity.EconomicInputTests.test_nonfinite_costs_and_hurdles_cannot_produce_a_decision) ... ok
test_nonfinite_policy_is_rejected (tests.test_audit_integrity.EconomicInputTests.test_nonfinite_policy_is_rejected) ... ok
test_impossible_calendar_date_rejected (tests.test_audit_integrity.QuoteContractTests.test_impossible_calendar_date_rejected) ... ok
test_malformed_quote_is_counted_without_losing_valid_neighbor (tests.test_audit_integrity.QuoteContractTests.test_malformed_quote_is_counted_without_losing_valid_neighbor) ... ok
test_nonpositive_quote_basis_rejected (tests.test_audit_integrity.QuoteContractTests.test_nonpositive_quote_basis_rejected) ... ok
test_truncated_and_oversized_quotes_rejected (tests.test_audit_integrity.QuoteContractTests.test_truncated_and_oversized_quotes_rejected) ... ok
test_empty_snapshot_fails_without_partial_rows (tests.test_audit_integrity.UniverseEvidenceTests.test_empty_snapshot_fails_without_partial_rows) ... ok
test_future_resolution_cannot_reopen_past_universe (tests.test_audit_integrity.UniverseEvidenceTests.test_future_resolution_cannot_reopen_past_universe) ... ok
test_identical_snapshot_is_idempotent (tests.test_audit_integrity.UniverseEvidenceTests.test_identical_snapshot_is_idempotent) ... ok
test_legacy_replay_keeps_latest_resolution_policy_explicitly (tests.test_audit_integrity.UniverseEvidenceTests.test_legacy_replay_keeps_latest_resolution_policy_explicitly) ... ok
test_resolution_before_cutoff_reopens_instrument (tests.test_audit_integrity.UniverseEvidenceTests.test_resolution_before_cutoff_reopens_instrument) ... ok
test_same_day_resolution_is_outside_strict_before_cutoff (tests.test_audit_integrity.UniverseEvidenceTests.test_same_day_resolution_is_outside_strict_before_cutoff) ... ok
test_same_members_with_changed_evidence_cannot_rewrite_snapshot (tests.test_audit_integrity.UniverseEvidenceTests.test_same_members_with_changed_evidence_cannot_rewrite_snapshot) ... ok
test_snapshot_conflict_fails_without_appending_members (tests.test_audit_integrity.UniverseEvidenceTests.test_snapshot_conflict_fails_without_appending_members) ... ok
test_snapshot_does_not_commit_callers_transaction (tests.test_audit_integrity.UniverseEvidenceTests.test_snapshot_does_not_commit_callers_transaction) ... ok
test_unknown_source_does_not_become_primary_by_default (tests.test_audit_integrity.UniverseEvidenceTests.test_unknown_source_does_not_become_primary_by_default) ... ok
test_bad_ohlc_and_nonfinite_are_rejected (tests.test_etf_hold.EtfBookTests.test_bad_ohlc_and_nonfinite_are_rejected) ... ok
test_calendar_attribution_and_drawdown_reconcile (tests.test_etf_hold.EtfBookTests.test_calendar_attribution_and_drawdown_reconcile) ... ok
test_d2_calendar_after_rule_change (tests.test_etf_hold.EtfBookTests.test_d2_calendar_after_rule_change) ... ok
test_decision_on_execution_day_is_rejected (tests.test_etf_hold.EtfBookTests.test_decision_on_execution_day_is_rejected) ... ok
test_duplicate_and_unsorted_quotes_rejected (tests.test_etf_hold.EtfBookTests.test_duplicate_and_unsorted_quotes_rejected) ... ok
test_empty_and_no_affordable_lot_rejected (tests.test_etf_hold.EtfBookTests.test_empty_and_no_affordable_lot_rejected) ... ok
test_exit_close_cannot_enter_open_sale_curve (tests.test_etf_hold.EtfBookTests.test_exit_close_cannot_enter_open_sale_curve) ... ok
test_expenses_and_forecast_stay_unknown (tests.test_etf_hold.EtfBookTests.test_expenses_and_forecast_stay_unknown) ... ok
test_future_exit_price_cannot_change_entry_quantity (tests.test_etf_hold.EtfBookTests.test_future_exit_price_cannot_change_entry_quantity) ... ok
test_integer_lot_reserves_costs_and_separates_principal (tests.test_etf_hold.EtfBookTests.test_integer_lot_reserves_costs_and_separates_principal) ... ok
test_missing_internal_price_is_not_skipped (tests.test_etf_hold.EtfBookTests.test_missing_internal_price_is_not_skipped) ... ok
test_money_rounding_half_up (tests.test_etf_hold.EtfBookTests.test_money_rounding_half_up) ... ok
test_no_tax_on_loss_or_invented_loss_credit (tests.test_etf_hold.EtfBookTests.test_no_tax_on_loss_or_invented_loss_credit) ... ok
test_rate_and_capital_validation (tests.test_etf_hold.EtfBookTests.test_rate_and_capital_validation) ... ok
test_selic_percent_daily_not_annual (tests.test_etf_hold.EtfBookTests.test_selic_percent_daily_not_annual) ... ok
test_tax_applies_below_20000_etf_sale (tests.test_etf_hold.EtfBookTests.test_tax_applies_below_20000_etf_sale) ... ok
test_unsettled_sale_not_available_and_d3_calendar (tests.test_etf_hold.EtfBookTests.test_unsettled_sale_not_available_and_d3_calendar) ... ok
test_worst_mode_sizes_at_adverse_buy_and_sells_at_adverse_exit (tests.test_etf_hold.EtfBookTests.test_worst_mode_sizes_at_adverse_buy_and_sells_at_adverse_exit) ... ok
test_wrong_identity_or_price_basis_is_rejected (tests.test_etf_hold.EtfBookTests.test_wrong_identity_or_price_basis_is_rejected) ... ok

----------------------------------------------------------------------
Ran 58 tests in 0.151s

OK
