{"file": "cvm-notice-0006.pdf", "error": "Not PDF"}
{"file": "cvm-notice-0012.pdf", "error": "Not PDF"}
{"file": "cvm-notice-0015.pdf", "bytes": 561207}
{"file": "cvm-notice-0020.pdf", "error": "Not PDF"}
{"file": "cvm-notice-0037.pdf", "bytes": 244608}
{"file": "cvm-notice-0041.pdf", "bytes": 266606}
{"file": "cvm-notice-0052.pdf", "bytes": 221673}
{"file": "cvm-notice-0074.pdf", "bytes": 170369}
{"file": "cvm-notice-0077.pdf", "error": "Not PDF"}
{"file": "cvm-notice-0083.pdf", "bytes": 222922}
{"file": "cvm-notice-0089.pdf", "error": "Not PDF"}
{"file": "cvm-notice-0096.pdf", "bytes": 303215}
{"file": "cvm-notice-0101.pdf", "error": "Not PDF"}
{"file": "cvm-notice-0106.pdf", "bytes": 75138}
{"file": "cvm-notice-0107.pdf", "bytes": 146666}
{"file": "cvm-notice-0110.pdf", "bytes": 142965}
{"file": "cvm-notice-0111.pdf", "bytes": 206939}
{"file": "cvm-notice-0119.pdf", "bytes": 299993}
{"file": "cvm-notice-0127.pdf", "bytes": 173073}
{"file": "cvm-notice-0130.pdf", "bytes": 267479}
{"file": "cvm-notice-0132.pdf", "bytes": 75765}
{"file": "cvm-notice-0145.pdf", "bytes": 83796}
{"file": "cvm-notice-0146.pdf", "error": "Not PDF"}
{"file": "cvm-notice-0151.pdf", "bytes": 211103}
{"file": "cvm-notice-0153.pdf", "bytes": 110897}
{"file": "cvm-notice-0158.pdf", "bytes": 81839}
{"file": "cvm-notice-0159.pdf", "bytes": 150044}
{"file": "cvm-later-0019.pdf", "bytes": 823931}
{"file": "cvm-followup-0000.pdf", "bytes": 134035}
{"file": "cvm-followup-0001.pdf", "bytes": 153075}
{"file": "cvm-followup-0005.pdf", "bytes": 189084}
{"file": "cvm-followup-0013.pdf", "bytes": 65160}
{"file": "cvm-followup-0015.pdf", "bytes": 163032}
{"file": "cvm-followup-0025.pdf", "bytes": 409219}
{"file": "cvm-followup-0028.pdf", "bytes": 119773}
{"file": "cvm-followup-0045.pdf", "error": "Not PDF"}
{"file": "cvm-followup-0047.pdf", "bytes": 73236}
{"file": "cvm-followup-0056.pdf", "bytes": 73635}
{"file": "cvm-followup-0059.pdf", "bytes": 74554}
{"file": "cvm-followup-0061.pdf", "bytes": 71871}
{"file": "cvm-followup-0074.pdf", "bytes": 74584}
{"file": "cvm-followup-0078.pdf", "bytes": 73063}
{"file": "cvm-followup-0086.pdf", "bytes": 78837}
{"file": "cvm-followup-0093.pdf", "bytes": 180057}
{"file": "cvm-followup-0095.pdf", "bytes": 101283}
{"file": "cvm-followup-0105.pdf", "bytes": 53684}
{"file": "cvm-followup-0106.pdf", "bytes": 98512}
