{"file": "cvm-complete-0000.pdf", "bytes": 62009}
{"file": "cvm-complete-0001.pdf", "bytes": 76014}
{"file": "cvm-complete-0003.pdf", "bytes": 135437}
{"file": "cvm-complete-0019.pdf", "bytes": 26739}
{"file": "cvm-complete-0024.pdf", "bytes": 171952}
{"file": "cvm-complete-0032.pdf", "bytes": 149501}
{"file": "cvm-complete-0034.pdf", "bytes": 262484}
{"file": "cvm-complete-0051.pdf", "bytes": 88531}
{"file": "cvm-complete-0054.pdf", "bytes": 512273}
{"file": "cvm-complete-0064.pdf", "bytes": 1451940}
{"file": "cvm-complete-0081.pdf", "bytes": 557795}
{"file": "cvm-complete-0106.pdf", "bytes": 759336}
{"file": "cvm-complete-0136.pdf", "bytes": 223363}
{"file": "cvm-complete-0138.pdf", "bytes": 233138}
{"file": "cvm-complete-0174.pdf", "bytes": 27666}
{"file": "cvm-complete-0181.pdf", "bytes": 75303}
{"file": "cvm-complete-0202.pdf", "bytes": 433184}
{"file": "cvm-complete-0204.pdf", "bytes": 96110}
{"file": "cvm-complete-0205.pdf", "bytes": 115593}
{"file": "cvm-complete-0215.pdf", "bytes": 88530}
{"file": "cvm-complete-0236.pdf", "bytes": 366783}
{"file": "cvm-complete-0248.pdf", "error": "Not PDF"}
{"file": "cvm-complete-0249.pdf", "bytes": 120591}
{"file": "cvm-complete-0261.pdf", "bytes": 359636}
{"file": "cvm-complete-0274.pdf", "bytes": 78796}
{"file": "cvm-complete-0278.pdf", "bytes": 67617}
{"file": "cvm-complete-0287.pdf", "bytes": 94848}
{"file": "cvm-complete-0298.pdf", "bytes": 118747}
{"file": "cvm-complete-0334.pdf", "bytes": 113494}
{"file": "cvm-complete-0335.pdf", "bytes": 95700}
{"file": "cvm-complete-0358.pdf", "bytes": 75154}
{"file": "cvm-complete-0361.pdf", "bytes": 75670}
{"file": "cvm-complete-0364.pdf", "error": "Not PDF"}
{"file": "cvm-complete-0374.pdf", "bytes": 694435}
{"file": "cvm-complete-0380.pdf", "bytes": 260020}
{"file": "cvm-complete-0387.pdf", "bytes": 89808}
{"file": "cvm-complete-0391.pdf", "bytes": 106056}
{"file": "cvm-complete-0394.pdf", "bytes": 175610}
{"file": "cvm-complete-0403.pdf", "bytes": 139353}
{"file": "cvm-complete-0407.pdf", "bytes": 362733}
{"file": "cvm-complete-0408.pdf", "error": "Not PDF"}
{"file": "cvm-complete-0424.pdf", "bytes": 417487}
{"file": "cvm-complete-0430.pdf", "bytes": 126442}
{"file": "cvm-complete-0434.pdf", "bytes": 235166}
{"file": "cvm-complete-0438.pdf", "bytes": 429057}
{"file": "cvm-complete-0440.pdf", "bytes": 429016}
{"file": "cvm-complete-0449.pdf", "bytes": 169182}
{"file": "cvm-complete-0467.pdf", "bytes": 188696}
{"file": "cvm-complete-0468.pdf", "error": "Not PDF"}
{"file": "cvm-complete-0477.pdf", "bytes": 131284}
{"file": "cvm-complete-0495.pdf", "error": "Not PDF"}
{"file": "cvm-complete-0503.pdf", "bytes": 123956}
{"file": "cvm-complete-0506.pdf", "bytes": 170334}
{"file": "cvm-complete-0526.pdf", "bytes": 194677}
{"file": "cvm-complete-0528.pdf", "bytes": 337136}
{"file": "cvm-complete-0536.pdf", "bytes": 169983}
{"file": "cvm-complete-0541.pdf", "bytes": 133580}
{"file": "cvm-complete-0556.pdf", "bytes": 246994}
{"file": "cvm-complete-0563.pdf", "bytes": 84457}
{"file": "cvm-complete-0568.pdf", "bytes": 143288}
{"file": "cvm-complete-0577.pdf", "bytes": 649773}
{"file": "cvm-complete-0578.pdf", "bytes": 1758246}
{"file": "cvm-complete-0582.pdf", "bytes": 296295}
{"file": "cvm-complete-0606.pdf", "bytes": 154260}
{"file": "cvm-complete-0613.pdf", "error": "Not PDF"}
{"file": "cvm-complete-0615.pdf", "bytes": 127094}
{"file": "cvm-complete-0622.pdf", "bytes": 170161}
{"file": "cvm-complete-0637.pdf", "bytes": 214364}
{"file": "cvm-complete-0652.pdf", "bytes": 193875}
{"file": "cvm-notice-0089.pdf", "bytes": 318882}
{"file": "cvm-complete-0676.pdf", "bytes": 55163}
{"file": "cvm-complete-0686.pdf", "bytes": 179574}
{"file": "cvm-complete-0694.pdf", "bytes": 204887}
{"file": "cvm-complete-0698.pdf", "error": "Not PDF"}
{"file": "cvm-complete-0700.pdf", "bytes": 544141}
{"file": "cvm-complete-0702.pdf", "bytes": 492343}
{"file": "cvm-complete-0711.pdf", "bytes": 309994}
{"file": "cvm-complete-0723.pdf", "bytes": 165774}
{"file": "cvm-complete-0730.pdf", "bytes": 130251}
{"file": "cvm-complete-0746.pdf", "bytes": 171575}
{"file": "cvm-notice-0101.pdf", "bytes": 213177}
{"file": "cvm-complete-0795.pdf", "bytes": 56655}
{"file": "cvm-complete-0809.pdf", "bytes": 159773}
{"file": "cvm-complete-0855.pdf", "bytes": 183335}
{"file": "cvm-complete-0866.pdf", "bytes": 92277}
{"file": "cvm-complete-0869.pdf", "bytes": 143085}
{"file": "cvm-complete-0872.pdf", "error": "Not PDF"}
{"file": "cvm-complete-0877.pdf", "bytes": 467260}
{"file": "cvm-complete-0885.pdf", "bytes": 129939}
{"file": "cvm-complete-0891.pdf", "bytes": 179292}
{"file": "cvm-complete-0892.pdf", "bytes": 176670}
{"file": "cvm-complete-0894.pdf", "bytes": 151997}
{"file": "cvm-complete-0902.pdf", "bytes": 312013}
{"file": "cvm-complete-0903.pdf", "bytes": 283876}
{"file": "cvm-complete-0907.pdf", "bytes": 111011}
{"file": "cvm-complete-0919.pdf", "bytes": 171633}
{"file": "cvm-complete-0926.pdf", "bytes": 288545}
{"file": "cvm-complete-0929.pdf", "bytes": 218343}
{"file": "cvm-complete-0942.pdf", "bytes": 126935}
{"file": "cvm-complete-0965.pdf", "bytes": 282101}
{"file": "cvm-complete-0971.pdf", "bytes": 155249}
{"file": "cvm-complete-0974.pdf", "bytes": 148966}
{"file": "cvm-complete-0979.pdf", "bytes": 145132}
{"file": "cvm-complete-0981.pdf", "bytes": 154964}
{"file": "cvm-complete-1013.pdf", "bytes": 128934}
{"file": "cvm-complete-1019.pdf", "bytes": 73402}
{"file": "cvm-complete-1024.pdf", "bytes": 142859}
{"file": "cvm-complete-1037.pdf", "bytes": 189153}
{"file": "cvm-complete-1039.pdf", "bytes": 140460}
{"file": "cvm-complete-1041.pdf", "bytes": 417122}
{"file": "cvm-complete-1052.pdf", "error": "Not PDF"}
{"file": "cvm-complete-1055.pdf", "bytes": 100753}
{"file": "cvm-complete-1062.pdf", "bytes": 183325}
{"file": "cvm-complete-1075.pdf", "bytes": 124087}
{"file": "cvm-complete-1076.pdf", "bytes": 204551}
{"file": "cvm-complete-1083.pdf", "bytes": 132229}
{"file": "cvm-complete-1096.pdf", "bytes": 156829}
{"file": "cvm-complete-1097.pdf", "bytes": 164622}
{"file": "cvm-complete-1101.pdf", "bytes": 176290}
{"file": "cvm-complete-1110.pdf", "bytes": 70953}
{"file": "cvm-complete-1112.pdf", "bytes": 87866}
{"file": "cvm-complete-1122.pdf", "bytes": 132367}
{"file": "cvm-complete-1124.pdf", "bytes": 135080}
{"file": "cvm-complete-1128.pdf", "bytes": 153286}
{"file": "cvm-complete-1146.pdf", "bytes": 250795}
{"file": "cvm-complete-1148.pdf", "bytes": 127012}
{"file": "cvm-complete-1155.pdf", "error": "Not PDF"}
{"file": "cvm-complete-1160.pdf", "bytes": 134540}
{"file": "cvm-complete-1167.pdf", "bytes": 138284}
{"file": "cvm-complete-1173.pdf", "bytes": 133971}
{"file": "cvm-complete-1183.pdf", "bytes": 144541}
{"file": "cvm-complete-1184.pdf", "bytes": 154808}
{"file": "cvm-complete-1186.pdf", "bytes": 168607}
{"file": "cvm-complete-1229.pdf", "error": "Not PDF"}
{"file": "cvm-complete-1232.pdf", "error": "Not PDF"}
{"file": "cvm-complete-1235.pdf", "bytes": 73022}
{"file": "cvm-complete-1252.pdf", "bytes": 439955}
{"file": "cvm-complete-1255.pdf", "bytes": 175395}
{"file": "cvm-complete-1275.pdf", "bytes": 185520}
{"file": "cvm-complete-1276.pdf", "bytes": 206365}
{"file": "cvm-complete-1285.pdf", "bytes": 151961}
{"file": "cvm-complete-1303.pdf", "bytes": 221236}
{"file": "cvm-complete-1306.pdf", "bytes": 243347}
{"file": "cvm-complete-1308.pdf", "error": "Not PDF"}
{"file": "cvm-complete-1314.pdf", "error": "Not PDF"}
{"file": "cvm-complete-1326.pdf", "bytes": 142208}
{"file": "cvm-complete-1327.pdf", "bytes": 135415}
{"file": "cvm-complete-1328.pdf", "bytes": 139760}
{"file": "cvm-complete-1342.pdf", "bytes": 170915}
{"file": "cvm-complete-1345.pdf", "bytes": 163095}
{"file": "cvm-complete-1363.pdf", "bytes": 186749}
{"file": "cvm-complete-1376.pdf", "error": "Not PDF"}
{"file": "cvm-complete-1377.pdf", "error": "Not PDF"}
{"file": "cvm-complete-1378.pdf", "error": "Not PDF"}
{"file": "cvm-complete-1383.pdf", "bytes": 105160}
{"file": "cvm-complete-1387.pdf", "bytes": 157754}
{"file": "cvm-complete-1392.pdf", "bytes": 102263}
{"file": "cvm-complete-1395.pdf", "bytes": 667354}
{"file": "cvm-complete-1409.pdf", "error": "Not PDF"}
{"file": "cvm-complete-1415.pdf", "bytes": 125893}
{"file": "cvm-complete-1422.pdf", "bytes": 141806}
{"file": "cvm-complete-1432.pdf", "bytes": 415593}
{"file": "cvm-complete-1434.pdf", "bytes": 166422}
{"file": "cvm-complete-1453.pdf", "bytes": 95685}
{"file": "cvm-complete-1454.pdf", "bytes": 95699}
{"file": "cvm-complete-1457.pdf", "bytes": 370423}
{"file": "cvm-complete-1463.pdf", "error": "Not PDF"}
{"file": "cvm-complete-1469.pdf", "bytes": 138262}
{"file": "cvm-complete-1480.pdf", "bytes": 206276}
{"file": "cvm-complete-1492.pdf", "error": "Not PDF"}
{"file": "cvm-complete-1501.pdf", "bytes": 279856}
{"file": "cvm-complete-1502.pdf", "bytes": 557484}
{"file": "cvm-complete-1505.pdf", "bytes": 467157}
{"file": "cvm-complete-1507.pdf", "bytes": 132103}
{"file": "cvm-complete-1517.pdf", "bytes": 156605}
{"file": "cvm-complete-1523.pdf", "bytes": 227490}
{"file": "cvm-complete-1532.pdf", "bytes": 140434}
{"file": "cvm-complete-1542.pdf", "error": "Not PDF"}
{"file": "cvm-corporate-0007.pdf", "bytes": 975653}
{"file": "cvm-corporate-0010.pdf", "bytes": 1003853}
{"file": "cvm-corporate-0011.pdf", "error": "Not PDF"}
{"file": "cvm-corporate-0012.pdf", "bytes": 166586}
{"file": "cvm-corporate-0014.pdf", "bytes": 181835}
{"file": "cvm-corporate-0077.pdf", "bytes": 117494}
{"file": "cvm-corporate-0089.pdf", "bytes": 987133}
{"file": "cvm-corporate-0095.pdf", "bytes": 149907}
{"file": "cvm-corporate-0101.pdf", "bytes": 459568}
{"file": "cvm-corporate-0105.pdf", "bytes": 344542}
{"file": "cvm-corporate-0110.pdf", "bytes": 206614}
{"file": "cvm-corporate-0114.pdf", "bytes": 688029}
{"file": "cvm-corporate-0117.pdf", "bytes": 246818}
{"file": "cvm-corporate-0118.pdf", "bytes": 177891}
{"file": "cvm-corporate-0119.pdf", "bytes": 135382}
{"file": "cvm-corporate-0124.pdf", "bytes": 6302953}
{"file": "cvm-corporate-0126.pdf", "bytes": 237684}
{"file": "cvm-corporate-0127.pdf", "error": "Not PDF"}
{"file": "cvm-corporate-0129.pdf", "bytes": 2802528}
{"file": "cvm-corporate-0142.pdf", "error": "Not PDF"}
{"file": "cvm-corporate-0145.pdf", "bytes": 123637}
{"file": "cvm-corporate-0165.pdf", "bytes": 73422}
{"file": "cvm-corporate-0170.pdf", "error": "Not PDF"}
{"file": "cvm-corporate-0172.pdf", "bytes": 2922653}
{"file": "cvm-corporate-0188.pdf", "bytes": 189528}
{"file": "cvm-corporate-0195.pdf", "bytes": 119366}
{"file": "cvm-corporate-0197.pdf", "bytes": 292546}
{"file": "cvm-corporate-0203.pdf", "bytes": 186590}
{"file": "cvm-corporate-0204.pdf", "bytes": 171351}
{"file": "cvm-successor-0000.pdf", "bytes": 446325}
{"file": "cvm-successor-0006.pdf", "bytes": 92676}
{"file": "cvm-successor-0013.pdf", "bytes": 236695}
{"file": "cvm-successor-0018.pdf", "error": "Not PDF"}
{"file": "cvm-successor-0029.pdf", "error": "Not PDF"}
{"file": "cvm-successor-0038.pdf", "bytes": 121011}
{"file": "cvm-successor-0044.pdf", "bytes": 204387}
{"file": "cvm-successor-0049.pdf", "bytes": 170391}
{"file": "cvm-successor-0060.pdf", "error": "Not PDF"}
{"file": "cvm-successor-0061.pdf", "bytes": 208513}
{"file": "cvm-successor-0072.pdf", "bytes": 191704}
