{"file": "cvm-complete-0000.pdf", "error": "Not PDF"}
{"file": "cvm-complete-0001.pdf", "error": "Not PDF"}
{"file": "cvm-complete-0002.pdf", "bytes": 134217}
{"file": "cvm-complete-0003.pdf", "error": "Not PDF"}
{"file": "cvm-complete-0004.pdf", "bytes": 134107}
{"file": "cvm-complete-0005.pdf", "bytes": 138710}
{"file": "cvm-complete-0006.pdf", "bytes": 204731}
{"file": "cvm-complete-0007.pdf", "bytes": 209622}
{"file": "cvm-complete-0008.pdf", "bytes": 206923}
{"file": "cvm-complete-0009.pdf", "bytes": 273896}
{"file": "cvm-complete-0010.pdf", "bytes": 461677}
{"file": "cvm-complete-0011.pdf", "bytes": 233666}
{"file": "cvm-complete-0012.pdf", "bytes": 47025}
{"file": "cvm-complete-0013.pdf", "bytes": 121931}
{"file": "cvm-complete-0015.pdf", "bytes": 467055}
{"file": "cvm-complete-0016.pdf", "bytes": 598655}
{"file": "cvm-complete-0019.pdf", "error": "Not PDF"}
{"file": "cvm-complete-0021.pdf", "bytes": 876089}
{"file": "cvm-complete-0024.pdf", "error": "Not PDF"}
{"file": "cvm-complete-0025.pdf", "bytes": 100491}
{"file": "cvm-complete-0026.pdf", "bytes": 100088}
{"file": "cvm-complete-0027.pdf", "bytes": 281833}
{"file": "cvm-complete-0028.pdf", "bytes": 170554}
{"file": "cvm-complete-0029.pdf", "bytes": 170414}
{"file": "cvm-complete-0032.pdf", "error": "Not PDF"}
{"file": "cvm-complete-0033.pdf", "bytes": 456116}
{"file": "cvm-complete-0034.pdf", "error": "Not PDF"}
{"file": "cvm-complete-0035.pdf", "bytes": 179131}
{"file": "cvm-complete-0036.pdf", "bytes": 164863}
{"file": "cvm-complete-0037.pdf", "bytes": 101070}
{"file": "cvm-complete-0038.pdf", "bytes": 121338}
{"file": "cvm-complete-0039.pdf", "bytes": 132675}
{"file": "cvm-complete-0040.pdf", "bytes": 145070}
{"file": "cvm-complete-0041.pdf", "bytes": 179359}
{"file": "cvm-complete-0042.pdf", "bytes": 586427}
{"file": "cvm-complete-0043.pdf", "bytes": 833237}
{"file": "cvm-complete-0044.pdf", "bytes": 254014}
{"file": "cvm-complete-0045.pdf", "bytes": 237648}
{"file": "cvm-complete-0046.pdf", "bytes": 109765}
{"file": "cvm-complete-0047.pdf", "bytes": 113924}
{"file": "cvm-complete-0048.pdf", "bytes": 151983}
{"file": "cvm-complete-0049.pdf", "bytes": 83176}
{"file": "cvm-complete-0050.pdf", "bytes": 88536}
{"file": "cvm-complete-0051.pdf", "error": "Not PDF"}
{"file": "cvm-complete-0052.pdf", "bytes": 509907}
{"file": "cvm-complete-0053.pdf", "bytes": 513354}
{"file": "cvm-complete-0054.pdf", "error": "Not PDF"}
{"file": "cvm-complete-0055.pdf", "bytes": 348306}
{"file": "cvm-complete-0056.pdf", "bytes": 349794}
{"file": "cvm-complete-0057.pdf", "bytes": 208819}
{"file": "cvm-complete-0058.pdf", "bytes": 1108756}
{"file": "cvm-complete-0059.pdf", "bytes": 1003540}
{"file": "cvm-complete-0060.pdf", "bytes": 1113614}
{"file": "cvm-complete-0061.pdf", "bytes": 1109068}
{"file": "cvm-complete-0062.pdf", "bytes": 1364806}
{"file": "cvm-complete-0063.pdf", "bytes": 1436726}
{"file": "cvm-complete-0064.pdf", "error": "Not PDF"}
{"file": "cvm-complete-0065.pdf", "bytes": 61912}
{"file": "cvm-complete-0066.pdf", "bytes": 65636}
{"file": "cvm-complete-0067.pdf", "bytes": 65738}
{"file": "cvm-complete-0068.pdf", "bytes": 56751}
{"file": "cvm-complete-0069.pdf", "bytes": 204846}
{"file": "cvm-complete-0070.pdf", "bytes": 210046}
{"file": "cvm-notice-0012.pdf", "bytes": 209676}
{"file": "cvm-complete-0080.pdf", "bytes": 253405}
{"file": "cvm-complete-0081.pdf", "error": "Not PDF"}
{"file": "cvm-complete-0082.pdf", "bytes": 447407}
{"file": "cvm-complete-0083.pdf", "bytes": 144971}
{"file": "cvm-complete-0084.pdf", "bytes": 142541}
{"file": "cvm-complete-0085.pdf", "bytes": 139649}
{"file": "cvm-complete-0086.pdf", "bytes": 144128}
{"file": "cvm-complete-0087.pdf", "bytes": 93151}
{"file": "cvm-complete-0091.pdf", "bytes": 403387}
{"file": "cvm-complete-0092.pdf", "bytes": 410084}
{"file": "cvm-complete-0093.pdf", "bytes": 137486}
{"file": "cvm-complete-0094.pdf", "bytes": 96269}
{"file": "cvm-complete-0095.pdf", "bytes": 84736}
{"file": "cvm-complete-0096.pdf", "bytes": 224087}
{"file": "cvm-complete-0097.pdf", "bytes": 546575}
{"file": "cvm-complete-0098.pdf", "bytes": 77899}
{"file": "cvm-complete-0101.pdf", "bytes": 30796}
{"file": "cvm-complete-0102.pdf", "bytes": 71506}
{"file": "cvm-complete-0103.pdf", "bytes": 429312}
{"file": "cvm-complete-0104.pdf", "bytes": 465958}
{"file": "cvm-complete-0105.pdf", "bytes": 579771}
{"file": "cvm-complete-0106.pdf", "error": "Not PDF"}
{"file": "cvm-complete-0107.pdf", "bytes": 258434}
{"file": "cvm-complete-0108.pdf", "bytes": 456433}
{"file": "cvm-complete-0109.pdf", "bytes": 150792}
{"file": "cvm-complete-0110.pdf", "bytes": 454363}
{"file": "cvm-complete-0111.pdf", "bytes": 233186}
{"file": "cvm-complete-0112.pdf", "bytes": 123205}
{"file": "cvm-complete-0113.pdf", "bytes": 165157}
{"file": "cvm-complete-0114.pdf", "bytes": 169125}
{"file": "cvm-complete-0115.pdf", "bytes": 119307}
{"file": "cvm-complete-0116.pdf", "bytes": 120802}
{"file": "cvm-complete-0117.pdf", "bytes": 271970}
{"file": "cvm-complete-0118.pdf", "bytes": 307439}
{"file": "cvm-notice-0020.pdf", "bytes": 247651}
{"file": "cvm-complete-0126.pdf", "bytes": 280198}
{"file": "cvm-complete-0127.pdf", "bytes": 165720}
{"file": "cvm-complete-0128.pdf", "bytes": 165429}
{"file": "cvm-complete-0129.pdf", "bytes": 281009}
{"file": "cvm-complete-0130.pdf", "bytes": 165533}
{"file": "cvm-complete-0131.pdf", "bytes": 165553}
{"file": "cvm-complete-0132.pdf", "bytes": 270600}
{"file": "cvm-complete-0133.pdf", "bytes": 170937}
{"file": "cvm-complete-0134.pdf", "bytes": 165483}
{"file": "cvm-complete-0135.pdf", "bytes": 167840}
{"file": "cvm-complete-0136.pdf", "error": "Not PDF"}
{"file": "cvm-complete-0137.pdf", "bytes": 753022}
{"file": "cvm-complete-0138.pdf", "error": "Not PDF"}
{"file": "cvm-complete-0139.pdf", "bytes": 213916}
{"file": "cvm-complete-0140.pdf", "bytes": 163379}
{"file": "cvm-complete-0141.pdf", "bytes": 163165}
{"file": "cvm-complete-0142.pdf", "bytes": 162660}
{"file": "cvm-complete-0143.pdf", "bytes": 148097}
{"file": "cvm-complete-0144.pdf", "bytes": 215451}
{"file": "cvm-complete-0145.pdf", "bytes": 97674}
{"file": "cvm-complete-0146.pdf", "bytes": 147964}
{"file": "cvm-complete-0147.pdf", "bytes": 148275}
{"file": "cvm-complete-0148.pdf", "bytes": 138552}
{"file": "cvm-complete-0150.pdf", "bytes": 154690}
{"file": "cvm-complete-0151.pdf", "bytes": 101967}
{"file": "cvm-complete-0152.pdf", "bytes": 98357}
{"file": "cvm-complete-0153.pdf", "bytes": 790999}
{"file": "cvm-complete-0154.pdf", "bytes": 550129}
{"file": "cvm-complete-0155.pdf", "bytes": 392262}
{"file": "cvm-complete-0156.pdf", "bytes": 164373}
{"file": "cvm-complete-0157.pdf", "bytes": 88043}
{"file": "cvm-complete-0158.pdf", "bytes": 116154}
{"file": "cvm-complete-0159.pdf", "bytes": 243992}
{"file": "cvm-complete-0160.pdf", "bytes": 144081}
{"file": "cvm-complete-0161.pdf", "bytes": 114878}
{"file": "cvm-complete-0162.pdf", "bytes": 230802}
{"file": "cvm-complete-0163.pdf", "bytes": 430191}
{"file": "cvm-complete-0164.pdf", "bytes": 293650}
{"file": "cvm-complete-0165.pdf", "bytes": 130159}
{"file": "cvm-complete-0166.pdf", "bytes": 103397}
{"file": "cvm-complete-0167.pdf", "bytes": 121926}
{"file": "cvm-complete-0168.pdf", "bytes": 94480}
{"file": "cvm-complete-0169.pdf", "bytes": 99116}
{"file": "cvm-complete-0170.pdf", "bytes": 80169}
{"file": "cvm-complete-0171.pdf", "bytes": 61612}
{"file": "cvm-complete-0172.pdf", "bytes": 126640}
{"file": "cvm-complete-0173.pdf", "bytes": 237296}
{"file": "cvm-complete-0174.pdf", "error": "Not PDF"}
{"file": "cvm-complete-0175.pdf", "bytes": 29049}
{"file": "cvm-complete-0176.pdf", "bytes": 29024}
{"file": "cvm-complete-0177.pdf", "bytes": 221475}
{"file": "cvm-complete-0178.pdf", "bytes": 153468}
{"file": "cvm-complete-0179.pdf", "bytes": 169043}
{"file": "cvm-complete-0180.pdf", "bytes": 76139}
{"file": "cvm-complete-0181.pdf", "error": "Not PDF"}
{"file": "cvm-complete-0182.pdf", "bytes": 75558}
{"file": "cvm-complete-0186.pdf", "bytes": 843561}
{"file": "cvm-complete-0187.pdf", "bytes": 982583}
{"file": "cvm-complete-0188.pdf", "bytes": 594891}
{"file": "cvm-complete-0189.pdf", "bytes": 603317}
{"file": "cvm-complete-0190.pdf", "bytes": 992977}
{"file": "cvm-complete-0191.pdf", "bytes": 991673}
{"file": "cvm-complete-0192.pdf", "bytes": 982947}
{"file": "cvm-complete-0193.pdf", "bytes": 383745}
{"file": "cvm-complete-0194.pdf", "bytes": 709503}
{"file": "cvm-complete-0195.pdf", "bytes": 677650}
{"file": "cvm-complete-0196.pdf", "bytes": 689275}
{"file": "cvm-complete-0197.pdf", "bytes": 405081}
{"file": "cvm-complete-0198.pdf", "bytes": 372161}
{"file": "cvm-complete-0199.pdf", "bytes": 393244}
{"file": "cvm-complete-0200.pdf", "bytes": 306660}
{"file": "cvm-complete-0201.pdf", "bytes": 467832}
{"file": "cvm-complete-0202.pdf", "error": "Not PDF"}
{"file": "cvm-complete-0203.pdf", "bytes": 106909}
{"file": "cvm-complete-0204.pdf", "error": "Not PDF"}
{"file": "cvm-complete-0205.pdf", "error": "Not PDF"}
{"file": "cvm-complete-0206.pdf", "bytes": 103475}
{"file": "cvm-complete-0207.pdf", "bytes": 105330}
{"file": "cvm-complete-0208.pdf", "bytes": 209700}
{"file": "cvm-complete-0209.pdf", "bytes": 83026}
{"file": "cvm-complete-0210.pdf", "bytes": 88474}
{"file": "cvm-complete-0211.pdf", "bytes": 85536}
{"file": "cvm-complete-0212.pdf", "bytes": 88473}
{"file": "cvm-complete-0213.pdf", "bytes": 83186}
{"file": "cvm-complete-0214.pdf", "bytes": 88543}
{"file": "cvm-complete-0215.pdf", "error": "Not PDF"}
{"file": "cvm-complete-0216.pdf", "bytes": 514264}
{"file": "cvm-complete-0218.pdf", "bytes": 103858}
{"file": "cvm-complete-0219.pdf", "bytes": 233883}
{"file": "cvm-complete-0220.pdf", "bytes": 177839}
{"file": "cvm-complete-0221.pdf", "bytes": 187165}
{"file": "cvm-complete-0222.pdf", "bytes": 175641}
{"file": "cvm-complete-0223.pdf", "bytes": 176082}
{"file": "cvm-complete-0224.pdf", "bytes": 164988}
{"file": "cvm-complete-0225.pdf", "bytes": 111861}
{"file": "cvm-complete-0227.pdf", "bytes": 196533}
{"file": "cvm-complete-0228.pdf", "bytes": 586730}
{"file": "cvm-complete-0233.pdf", "bytes": 667221}
{"file": "cvm-complete-0234.pdf", "bytes": 373263}
{"file": "cvm-complete-0235.pdf", "bytes": 441238}
{"file": "cvm-complete-0236.pdf", "error": "Not PDF"}
{"file": "cvm-complete-0237.pdf", "bytes": 390683}
{"file": "cvm-complete-0238.pdf", "bytes": 391255}
{"file": "cvm-complete-0239.pdf", "bytes": 790531}
{"file": "cvm-complete-0240.pdf", "bytes": 1373142}
{"file": "cvm-complete-0242.pdf", "bytes": 1094239}
{"file": "cvm-complete-0243.pdf", "bytes": 102250}
{"file": "cvm-complete-0244.pdf", "bytes": 56669}
{"file": "cvm-complete-0245.pdf", "bytes": 131390}
{"file": "cvm-complete-0246.pdf", "bytes": 38512}
{"file": "cvm-complete-0247.pdf", "bytes": 419049}
{"file": "cvm-complete-0248.pdf", "error": "Not PDF"}
{"file": "cvm-complete-0249.pdf", "error": "Not PDF"}
{"file": "cvm-complete-0250.pdf", "bytes": 146339}
{"file": "cvm-complete-0255.pdf", "bytes": 305138}
{"file": "cvm-complete-0256.pdf", "bytes": 422889}
{"file": "cvm-complete-0257.pdf", "bytes": 510497}
{"file": "cvm-complete-0258.pdf", "bytes": 213824}
{"file": "cvm-complete-0259.pdf", "bytes": 358418}
{"file": "cvm-complete-0260.pdf", "bytes": 358292}
{"file": "cvm-complete-0261.pdf", "error": "Not PDF"}
{"file": "cvm-complete-0262.pdf", "bytes": 339113}
{"file": "cvm-complete-0263.pdf", "bytes": 548510}
{"file": "cvm-complete-0268.pdf", "bytes": 85304}
{"file": "cvm-complete-0269.pdf", "bytes": 67973}
{"file": "cvm-complete-0270.pdf", "bytes": 138384}
{"file": "cvm-complete-0271.pdf", "bytes": 151592}
{"file": "cvm-complete-0272.pdf", "bytes": 213064}
{"file": "cvm-complete-0273.pdf", "bytes": 355129}
{"file": "cvm-complete-0274.pdf", "error": "Not PDF"}
{"file": "cvm-complete-0275.pdf", "bytes": 171369}
{"file": "cvm-complete-0276.pdf", "bytes": 148287}
{"file": "cvm-complete-0277.pdf", "bytes": 68540}
{"file": "cvm-complete-0278.pdf", "error": "Not PDF"}
{"file": "cvm-complete-0279.pdf", "bytes": 88517}
{"file": "cvm-complete-0281.pdf", "bytes": 276486}
{"file": "cvm-complete-0282.pdf", "bytes": 482310}
{"file": "cvm-complete-0283.pdf", "bytes": 133556}
{"file": "cvm-complete-0284.pdf", "bytes": 141933}
{"file": "cvm-complete-0285.pdf", "bytes": 140924}
{"file": "cvm-complete-0286.pdf", "bytes": 279602}
{"file": "cvm-complete-0287.pdf", "error": "Not PDF"}
{"file": "cvm-complete-0288.pdf", "bytes": 119416}
{"file": "cvm-complete-0289.pdf", "bytes": 121005}
{"file": "cvm-complete-0290.pdf", "bytes": 158461}
{"file": "cvm-complete-0291.pdf", "bytes": 459205}
{"file": "cvm-complete-0292.pdf", "bytes": 458131}
{"file": "cvm-complete-0293.pdf", "bytes": 483729}
{"file": "cvm-complete-0294.pdf", "bytes": 166011}
{"file": "cvm-complete-0295.pdf", "bytes": 126107}
{"file": "cvm-complete-0296.pdf", "bytes": 126280}
{"file": "cvm-complete-0297.pdf", "bytes": 126323}
{"file": "cvm-complete-0298.pdf", "error": "Not PDF"}
{"file": "cvm-complete-0299.pdf", "bytes": 119022}
{"file": "cvm-complete-0300.pdf", "bytes": 118701}
{"file": "cvm-complete-0301.pdf", "bytes": 119822}
{"file": "cvm-complete-0302.pdf", "bytes": 263618}
{"file": "cvm-complete-0303.pdf", "bytes": 141852}
{"file": "cvm-complete-0304.pdf", "bytes": 309055}
{"file": "cvm-complete-0305.pdf", "bytes": 264023}
{"file": "cvm-complete-0306.pdf", "bytes": 268616}
{"file": "cvm-complete-0317.pdf", "bytes": 307228}
{"file": "cvm-complete-0318.pdf", "bytes": 199555}
{"file": "cvm-complete-0319.pdf", "bytes": 186920}
{"file": "cvm-complete-0320.pdf", "bytes": 143045}
{"file": "cvm-complete-0321.pdf", "bytes": 545735}
{"file": "cvm-complete-0322.pdf", "bytes": 477931}
{"file": "cvm-complete-0323.pdf", "bytes": 479372}
{"file": "cvm-complete-0324.pdf", "bytes": 228354}
{"file": "cvm-complete-0325.pdf", "bytes": 254189}
{"file": "cvm-complete-0326.pdf", "bytes": 450655}
{"file": "cvm-complete-0327.pdf", "bytes": 227220}
{"file": "cvm-complete-0328.pdf", "bytes": 227028}
{"file": "cvm-complete-0329.pdf", "bytes": 133424}
{"file": "cvm-complete-0330.pdf", "bytes": 126250}
{"file": "cvm-complete-0331.pdf", "bytes": 166241}
{"file": "cvm-complete-0332.pdf", "bytes": 209815}
{"file": "cvm-complete-0334.pdf", "error": "Not PDF"}
{"file": "cvm-complete-0335.pdf", "error": "Not PDF"}
{"file": "cvm-complete-0336.pdf", "bytes": 265571}
{"file": "cvm-complete-0337.pdf", "bytes": 141258}
{"file": "cvm-complete-0338.pdf", "bytes": 227086}
{"file": "cvm-complete-0339.pdf", "bytes": 146941}
{"file": "cvm-complete-0340.pdf", "bytes": 172542}
{"file": "cvm-complete-0341.pdf", "bytes": 418171}
{"file": "cvm-complete-0342.pdf", "bytes": 305940}
{"file": "cvm-complete-0343.pdf", "bytes": 435195}
{"file": "cvm-complete-0344.pdf", "bytes": 223771}
{"file": "cvm-complete-0345.pdf", "bytes": 392168}
{"file": "cvm-complete-0346.pdf", "bytes": 892333}
{"file": "cvm-complete-0347.pdf", "bytes": 62180}
{"file": "cvm-complete-0348.pdf", "bytes": 71294}
{"file": "cvm-complete-0349.pdf", "bytes": 71524}
{"file": "cvm-complete-0350.pdf", "bytes": 288635}
{"file": "cvm-complete-0351.pdf", "bytes": 71701}
{"file": "cvm-complete-0352.pdf", "bytes": 91645}
{"file": "cvm-complete-0353.pdf", "bytes": 71581}
{"file": "cvm-complete-0354.pdf", "bytes": 327932}
{"file": "cvm-complete-0355.pdf", "bytes": 132562}
{"file": "cvm-complete-0356.pdf", "bytes": 135180}
{"file": "cvm-complete-0357.pdf", "bytes": 126420}
{"file": "cvm-complete-0358.pdf", "error": "Not PDF"}
{"file": "cvm-complete-0359.pdf", "bytes": 169860}
{"file": "cvm-complete-0360.pdf", "bytes": 72117}
{"file": "cvm-complete-0361.pdf", "error": "Not PDF"}
{"file": "cvm-complete-0362.pdf", "bytes": 135935}
{"file": "cvm-complete-0363.pdf", "bytes": 137039}
{"file": "cvm-complete-0364.pdf", "error": "Not PDF"}
{"file": "cvm-complete-0365.pdf", "bytes": 766374}
{"file": "cvm-complete-0366.pdf", "bytes": 766221}
{"file": "cvm-complete-0367.pdf", "bytes": 780400}
{"file": "cvm-complete-0368.pdf", "bytes": 759907}
{"file": "cvm-complete-0369.pdf", "bytes": 761875}
{"file": "cvm-complete-0370.pdf", "bytes": 78905}
{"file": "cvm-complete-0371.pdf", "bytes": 241884}
{"file": "cvm-complete-0372.pdf", "bytes": 252199}
{"file": "cvm-complete-0373.pdf", "bytes": 245751}
{"file": "cvm-complete-0374.pdf", "error": "Not PDF"}
{"file": "cvm-complete-0375.pdf", "bytes": 676094}
{"file": "cvm-complete-0376.pdf", "bytes": 671915}
{"file": "cvm-complete-0377.pdf", "bytes": 303411}
{"file": "cvm-complete-0378.pdf", "bytes": 596618}
{"file": "cvm-complete-0379.pdf", "bytes": 290217}
{"file": "cvm-complete-0380.pdf", "error": "Not PDF"}
{"file": "cvm-complete-0381.pdf", "bytes": 465100}
{"file": "cvm-complete-0385.pdf", "bytes": 83018}
{"file": "cvm-complete-0386.pdf", "bytes": 88461}
{"file": "cvm-complete-0387.pdf", "error": "Not PDF"}
{"file": "cvm-complete-0388.pdf", "bytes": 84463}
{"file": "cvm-complete-0389.pdf", "bytes": 89856}
{"file": "cvm-complete-0390.pdf", "bytes": 89869}
{"file": "cvm-complete-0391.pdf", "error": "Not PDF"}
{"file": "cvm-complete-0392.pdf", "bytes": 101586}
{"file": "cvm-complete-0393.pdf", "bytes": 157378}
{"file": "cvm-complete-0394.pdf", "error": "Not PDF"}
{"file": "cvm-complete-0395.pdf", "bytes": 195136}
{"file": "cvm-complete-0396.pdf", "bytes": 195838}
{"file": "cvm-complete-0397.pdf", "bytes": 160447}
{"file": "cvm-complete-0398.pdf", "bytes": 155643}
{"file": "cvm-complete-0399.pdf", "bytes": 75499}
{"file": "cvm-complete-0400.pdf", "bytes": 156405}
{"file": "cvm-complete-0403.pdf", "error": "Not PDF"}
{"file": "cvm-complete-0404.pdf", "bytes": 131003}
{"file": "cvm-complete-0407.pdf", "error": "Not PDF"}
{"file": "cvm-complete-0408.pdf", "error": "Not PDF"}
{"file": "cvm-complete-0409.pdf", "bytes": 202218}
{"file": "cvm-complete-0410.pdf", "bytes": 189541}
{"file": "cvm-complete-0411.pdf", "bytes": 785106}
{"file": "cvm-complete-0412.pdf", "bytes": 1386813}
{"file": "cvm-complete-0421.pdf", "bytes": 158143}
{"file": "cvm-complete-0422.pdf", "bytes": 60210}
{"file": "cvm-complete-0423.pdf", "bytes": 55198}
{"file": "cvm-complete-0424.pdf", "error": "Not PDF"}
{"file": "cvm-complete-0425.pdf", "bytes": 426260}
{"file": "cvm-complete-0426.pdf", "bytes": 417805}
{"file": "cvm-complete-0427.pdf", "bytes": 245909}
{"file": "cvm-complete-0428.pdf", "bytes": 251500}
{"file": "cvm-complete-0429.pdf", "bytes": 66680}
{"file": "cvm-complete-0430.pdf", "error": "Not PDF"}
{"file": "cvm-complete-0431.pdf", "bytes": 114424}
{"file": "cvm-complete-0432.pdf", "bytes": 120076}
{"file": "cvm-complete-0433.pdf", "bytes": 59542}
{"file": "cvm-complete-0434.pdf", "error": "Not PDF"}
{"file": "cvm-complete-0435.pdf", "bytes": 546559}
{"file": "cvm-complete-0436.pdf", "bytes": 653634}
{"file": "cvm-complete-0437.pdf", "bytes": 359327}
{"file": "cvm-complete-0438.pdf", "error": "Not PDF"}
{"file": "cvm-complete-0439.pdf", "bytes": 429109}
{"file": "cvm-complete-0440.pdf", "error": "Not PDF"}
{"file": "cvm-complete-0441.pdf", "bytes": 140819}
{"file": "cvm-complete-0446.pdf", "bytes": 75279}
{"file": "cvm-complete-0447.pdf", "bytes": 166162}
{"file": "cvm-complete-0448.pdf", "bytes": 179936}
{"file": "cvm-complete-0449.pdf", "error": "Not PDF"}
{"file": "cvm-complete-0450.pdf", "bytes": 117581}
{"file": "cvm-complete-0451.pdf", "bytes": 229535}
{"file": "cvm-complete-0452.pdf", "bytes": 174921}
{"file": "cvm-complete-0453.pdf", "bytes": 183894}
{"file": "cvm-complete-0454.pdf", "bytes": 714415}
{"file": "cvm-complete-0455.pdf", "bytes": 70316}
{"file": "cvm-complete-0464.pdf", "bytes": 129808}
{"file": "cvm-complete-0465.pdf", "bytes": 179218}
{"file": "cvm-complete-0466.pdf", "bytes": 154673}
{"file": "cvm-complete-0467.pdf", "error": "Not PDF"}
{"file": "cvm-complete-0468.pdf", "error": "Not PDF"}
{"file": "cvm-complete-0469.pdf", "bytes": 482564}
{"file": "cvm-complete-0470.pdf", "bytes": 471749}
{"file": "cvm-complete-0471.pdf", "bytes": 477631}
{"file": "cvm-complete-0472.pdf", "bytes": 190976}
{"file": "cvm-complete-0473.pdf", "bytes": 125719}
{"file": "cvm-complete-0474.pdf", "bytes": 135856}
{"file": "cvm-complete-0475.pdf", "bytes": 127427}
{"file": "cvm-complete-0476.pdf", "bytes": 124892}
{"file": "cvm-complete-0477.pdf", "error": "Not PDF"}
{"file": "cvm-complete-0478.pdf", "bytes": 121878}
{"file": "cvm-complete-0479.pdf", "bytes": 118214}
{"file": "cvm-complete-0480.pdf", "bytes": 122688}
{"file": "cvm-complete-0481.pdf", "bytes": 252274}
{"file": "cvm-complete-0482.pdf", "bytes": 252308}
{"file": "cvm-complete-0483.pdf", "bytes": 287036}
{"file": "cvm-complete-0492.pdf", "bytes": 398598}
{"file": "cvm-complete-0493.pdf", "bytes": 350303}
{"file": "cvm-complete-0494.pdf", "bytes": 107345}
{"file": "cvm-complete-0495.pdf", "error": "Not PDF"}
{"file": "cvm-complete-0496.pdf", "bytes": 161064}
{"file": "cvm-complete-0497.pdf", "bytes": 190023}
{"file": "cvm-complete-0498.pdf", "bytes": 211008}
{"file": "cvm-complete-0499.pdf", "bytes": 202374}
{"file": "cvm-complete-0500.pdf", "bytes": 98902}
{"file": "cvm-complete-0501.pdf", "bytes": 180291}
{"file": "cvm-complete-0502.pdf", "bytes": 195133}
{"file": "cvm-complete-0503.pdf", "error": "Not PDF"}
{"file": "cvm-complete-0504.pdf", "bytes": 178910}
{"file": "cvm-complete-0505.pdf", "bytes": 173738}
{"file": "cvm-complete-0506.pdf", "error": "Not PDF"}
{"file": "cvm-complete-0507.pdf", "bytes": 120845}
{"file": "cvm-complete-0508.pdf", "bytes": 101846}
{"file": "cvm-complete-0509.pdf", "bytes": 112032}
{"file": "cvm-complete-0510.pdf", "bytes": 181203}
{"file": "cvm-complete-0511.pdf", "bytes": 178309}
{"file": "cvm-complete-0512.pdf", "bytes": 157479}
{"file": "cvm-complete-0513.pdf", "bytes": 84512}
{"file": "cvm-complete-0514.pdf", "bytes": 178880}
{"file": "cvm-complete-0515.pdf", "bytes": 138013}
{"file": "cvm-complete-0516.pdf", "bytes": 141081}
{"file": "cvm-complete-0517.pdf", "bytes": 114168}
{"file": "cvm-complete-0518.pdf", "bytes": 111452}
{"file": "cvm-complete-0519.pdf", "bytes": 186893}
{"file": "cvm-complete-0520.pdf", "bytes": 175644}
{"file": "cvm-complete-0521.pdf", "bytes": 336427}
{"file": "cvm-complete-0522.pdf", "bytes": 78430}
{"file": "cvm-complete-0523.pdf", "bytes": 108796}
{"file": "cvm-complete-0524.pdf", "bytes": 147000}
{"file": "cvm-complete-0525.pdf", "bytes": 260965}
{"file": "cvm-complete-0526.pdf", "error": "Not PDF"}
{"file": "cvm-complete-0527.pdf", "bytes": 191875}
{"file": "cvm-complete-0528.pdf", "error": "Not PDF"}
{"file": "cvm-complete-0529.pdf", "bytes": 272860}
{"file": "cvm-complete-0530.pdf", "bytes": 272802}
{"file": "cvm-complete-0531.pdf", "bytes": 328760}
{"file": "cvm-complete-0532.pdf", "bytes": 388082}
{"file": "cvm-complete-0533.pdf", "bytes": 391859}
{"file": "cvm-complete-0534.pdf", "bytes": 389818}
{"file": "cvm-complete-0535.pdf", "bytes": 172857}
{"file": "cvm-complete-0536.pdf", "error": "Not PDF"}
{"file": "cvm-complete-0537.pdf", "bytes": 115918}
{"file": "cvm-complete-0539.pdf", "bytes": 137132}
{"file": "cvm-complete-0540.pdf", "bytes": 131269}
{"file": "cvm-complete-0541.pdf", "error": "Not PDF"}
{"file": "cvm-complete-0542.pdf", "bytes": 135852}
{"file": "cvm-complete-0543.pdf", "bytes": 120196}
{"file": "cvm-complete-0544.pdf", "bytes": 135446}
{"file": "cvm-complete-0547.pdf", "bytes": 527056}
{"file": "cvm-complete-0548.pdf", "bytes": 243978}
{"file": "cvm-complete-0549.pdf", "bytes": 233637}
{"file": "cvm-complete-0550.pdf", "bytes": 672846}
{"file": "cvm-complete-0551.pdf", "bytes": 676589}
{"file": "cvm-complete-0552.pdf", "bytes": 458581}
{"file": "cvm-complete-0553.pdf", "bytes": 313699}
{"file": "cvm-complete-0554.pdf", "bytes": 291941}
{"file": "cvm-complete-0555.pdf", "bytes": 249155}
{"file": "cvm-complete-0556.pdf", "error": "Not PDF"}
{"file": "cvm-complete-0557.pdf", "bytes": 291284}
{"file": "cvm-complete-0558.pdf", "bytes": 461110}
{"file": "cvm-complete-0560.pdf", "bytes": 84329}
{"file": "cvm-complete-0561.pdf", "bytes": 147747}
{"file": "cvm-complete-0562.pdf", "bytes": 89799}
{"file": "cvm-complete-0563.pdf", "error": "Not PDF"}
{"file": "cvm-complete-0564.pdf", "bytes": 124938}
{"file": "cvm-complete-0565.pdf", "bytes": 128149}
{"file": "cvm-complete-0566.pdf", "bytes": 155046}
{"file": "cvm-complete-0567.pdf", "bytes": 145333}
{"file": "cvm-complete-0568.pdf", "error": "Not PDF"}
{"file": "cvm-complete-0569.pdf", "bytes": 159921}
{"file": "cvm-complete-0570.pdf", "bytes": 201927}
{"file": "cvm-complete-0571.pdf", "bytes": 202461}
{"file": "cvm-complete-0572.pdf", "bytes": 110508}
{"file": "cvm-complete-0573.pdf", "bytes": 947488}
{"file": "cvm-complete-0574.pdf", "bytes": 307909}
{"file": "cvm-complete-0577.pdf", "error": "Not PDF"}
{"file": "cvm-complete-0578.pdf", "error": "Not PDF"}
{"file": "cvm-complete-0582.pdf", "error": "Not PDF"}
{"file": "cvm-complete-0583.pdf", "bytes": 1377574}
{"file": "cvm-complete-0584.pdf", "bytes": 310539}
{"file": "cvm-complete-0585.pdf", "bytes": 624045}
{"file": "cvm-complete-0586.pdf", "bytes": 456442}
{"file": "cvm-complete-0587.pdf", "bytes": 458737}
{"file": "cvm-complete-0588.pdf", "bytes": 433324}
{"file": "cvm-complete-0599.pdf", "bytes": 56421}
{"file": "cvm-complete-0600.pdf", "bytes": 56342}
{"file": "cvm-complete-0601.pdf", "bytes": 51993}
{"file": "cvm-complete-0602.pdf", "bytes": 153377}
{"file": "cvm-complete-0603.pdf", "bytes": 159197}
{"file": "cvm-complete-0604.pdf", "bytes": 157803}
{"file": "cvm-complete-0605.pdf", "bytes": 163769}
{"file": "cvm-complete-0606.pdf", "error": "Not PDF"}
{"file": "cvm-complete-0607.pdf", "bytes": 157682}
{"file": "cvm-complete-0608.pdf", "bytes": 135131}
{"file": "cvm-complete-0609.pdf", "bytes": 232802}
{"file": "cvm-complete-0610.pdf", "bytes": 283789}
{"file": "cvm-complete-0611.pdf", "bytes": 303008}
{"file": "cvm-complete-0612.pdf", "bytes": 322944}
{"file": "cvm-complete-0613.pdf", "error": "Not PDF"}
{"file": "cvm-complete-0614.pdf", "bytes": 128419}
{"file": "cvm-complete-0615.pdf", "error": "Not PDF"}
{"file": "cvm-complete-0616.pdf", "bytes": 65751}
{"file": "cvm-complete-0617.pdf", "bytes": 122720}
{"file": "cvm-complete-0618.pdf", "bytes": 77641}
{"file": "cvm-complete-0619.pdf", "bytes": 150585}
{"file": "cvm-complete-0620.pdf", "bytes": 169505}
{"file": "cvm-complete-0621.pdf", "bytes": 220739}
{"file": "cvm-complete-0622.pdf", "error": "Not PDF"}
{"file": "cvm-complete-0627.pdf", "bytes": 142276}
{"file": "cvm-notice-0077.pdf", "bytes": 143392}
{"file": "cvm-complete-0633.pdf", "bytes": 253597}
{"file": "cvm-complete-0634.pdf", "bytes": 253619}
{"file": "cvm-complete-0635.pdf", "bytes": 214236}
{"file": "cvm-complete-0636.pdf", "bytes": 214422}
{"file": "cvm-complete-0637.pdf", "error": "Not PDF"}
{"file": "cvm-complete-0638.pdf", "bytes": 216762}
{"file": "cvm-complete-0639.pdf", "bytes": 571987}
{"file": "cvm-complete-0640.pdf", "bytes": 1056858}
{"file": "cvm-complete-0644.pdf", "bytes": 184401}
{"file": "cvm-complete-0645.pdf", "bytes": 185634}
{"file": "cvm-complete-0646.pdf", "bytes": 319811}
{"file": "cvm-complete-0647.pdf", "bytes": 183954}
{"file": "cvm-complete-0652.pdf", "error": "Not PDF"}
{"file": "cvm-complete-0653.pdf", "bytes": 129132}
{"file": "cvm-complete-0654.pdf", "bytes": 714820}
{"file": "cvm-complete-0655.pdf", "bytes": 129297}
{"file": "cvm-complete-0656.pdf", "bytes": 272582}
{"file": "cvm-complete-0657.pdf", "bytes": 277042}
{"file": "cvm-notice-0089.pdf", "error": "Not PDF"}
{"file": "cvm-complete-0665.pdf", "bytes": 255258}
{"file": "cvm-complete-0666.pdf", "bytes": 247317}
{"file": "cvm-complete-0667.pdf", "bytes": 197483}
{"file": "cvm-complete-0668.pdf", "bytes": 147812}
{"file": "cvm-complete-0669.pdf", "bytes": 94685}
{"file": "cvm-complete-0670.pdf", "bytes": 219911}
{"file": "cvm-complete-0671.pdf", "bytes": 308522}
{"file": "cvm-complete-0672.pdf", "bytes": 81174}
{"file": "cvm-complete-0673.pdf", "bytes": 74089}
{"file": "cvm-complete-0674.pdf", "bytes": 302213}
{"file": "cvm-complete-0675.pdf", "bytes": 156077}
{"file": "cvm-complete-0676.pdf", "error": "Not PDF"}
{"file": "cvm-complete-0677.pdf", "bytes": 227690}
{"file": "cvm-complete-0678.pdf", "bytes": 175374}
{"file": "cvm-complete-0679.pdf", "bytes": 193636}
{"file": "cvm-complete-0680.pdf", "bytes": 118389}
{"file": "cvm-complete-0681.pdf", "bytes": 92916}
{"file": "cvm-complete-0682.pdf", "bytes": 105832}
{"file": "cvm-complete-0683.pdf", "bytes": 108590}
{"file": "cvm-complete-0684.pdf", "bytes": 145246}
{"file": "cvm-complete-0685.pdf", "bytes": 165494}
{"file": "cvm-complete-0686.pdf", "error": "Not PDF"}
{"file": "cvm-complete-0687.pdf", "bytes": 147141}
{"file": "cvm-complete-0688.pdf", "bytes": 140323}
{"file": "cvm-complete-0689.pdf", "bytes": 138988}
{"file": "cvm-complete-0690.pdf", "bytes": 121794}
{"file": "cvm-complete-0691.pdf", "bytes": 123251}
{"file": "cvm-complete-0692.pdf", "bytes": 297109}
{"file": "cvm-complete-0693.pdf", "bytes": 121885}
{"file": "cvm-complete-0694.pdf", "error": "Not PDF"}
{"file": "cvm-complete-0695.pdf", "bytes": 109676}
{"file": "cvm-complete-0696.pdf", "bytes": 396136}
{"file": "cvm-complete-0698.pdf", "error": "Not PDF"}
{"file": "cvm-complete-0699.pdf", "bytes": 545095}
{"file": "cvm-complete-0700.pdf", "error": "Not PDF"}
{"file": "cvm-complete-0701.pdf", "bytes": 504707}
{"file": "cvm-complete-0702.pdf", "error": "Not PDF"}
{"file": "cvm-complete-0703.pdf", "bytes": 565041}
{"file": "cvm-complete-0704.pdf", "bytes": 148587}
{"file": "cvm-complete-0705.pdf", "bytes": 257228}
{"file": "cvm-complete-0706.pdf", "bytes": 315496}
{"file": "cvm-complete-0707.pdf", "bytes": 166650}
{"file": "cvm-complete-0708.pdf", "bytes": 195587}
{"file": "cvm-complete-0709.pdf", "bytes": 182192}
{"file": "cvm-complete-0710.pdf", "bytes": 205429}
{"file": "cvm-complete-0711.pdf", "error": "Not PDF"}
{"file": "cvm-complete-0712.pdf", "bytes": 199280}
{"file": "cvm-complete-0713.pdf", "bytes": 592112}
{"file": "cvm-complete-0714.pdf", "bytes": 180387}
{"file": "cvm-complete-0715.pdf", "bytes": 128594}
{"file": "cvm-complete-0716.pdf", "bytes": 96446}
{"file": "cvm-complete-0717.pdf", "bytes": 172601}
{"file": "cvm-complete-0718.pdf", "bytes": 173737}
{"file": "cvm-complete-0719.pdf", "bytes": 168439}
{"file": "cvm-complete-0720.pdf", "bytes": 171936}
{"file": "cvm-complete-0721.pdf", "bytes": 179674}
{"file": "cvm-complete-0722.pdf", "bytes": 143592}
{"file": "cvm-complete-0723.pdf", "error": "Not PDF"}
{"file": "cvm-complete-0724.pdf", "bytes": 134218}
{"file": "cvm-complete-0725.pdf", "bytes": 151366}
{"file": "cvm-complete-0726.pdf", "bytes": 51202}
{"file": "cvm-complete-0727.pdf", "bytes": 48322}
{"file": "cvm-complete-0728.pdf", "bytes": 177215}
{"file": "cvm-complete-0729.pdf", "bytes": 109568}
{"file": "cvm-complete-0730.pdf", "error": "Not PDF"}
{"file": "cvm-complete-0731.pdf", "bytes": 217200}
{"file": "cvm-complete-0732.pdf", "bytes": 198845}
{"file": "cvm-complete-0733.pdf", "bytes": 702076}
{"file": "cvm-complete-0734.pdf", "bytes": 187711}
{"file": "cvm-complete-0735.pdf", "bytes": 191669}
{"file": "cvm-complete-0736.pdf", "bytes": 182995}
{"file": "cvm-complete-0737.pdf", "bytes": 200549}
{"file": "cvm-complete-0738.pdf", "bytes": 200621}
{"file": "cvm-complete-0739.pdf", "bytes": 139920}
{"file": "cvm-complete-0743.pdf", "bytes": 167722}
{"file": "cvm-complete-0744.pdf", "bytes": 169782}
{"file": "cvm-complete-0745.pdf", "bytes": 173871}
{"file": "cvm-complete-0746.pdf", "error": "Not PDF"}
{"file": "cvm-complete-0747.pdf", "bytes": 759128}
{"file": "cvm-complete-0748.pdf", "bytes": 326757}
{"file": "cvm-complete-0749.pdf", "bytes": 292142}
{"file": "cvm-complete-0750.pdf", "bytes": 314118}
{"file": "cvm-complete-0751.pdf", "bytes": 289641}
{"file": "cvm-complete-0752.pdf", "bytes": 285361}
{"file": "cvm-complete-0753.pdf", "bytes": 86903}
{"file": "cvm-complete-0754.pdf", "bytes": 86209}
{"file": "cvm-complete-0757.pdf", "bytes": 326737}
{"file": "cvm-complete-0758.pdf", "bytes": 289342}
{"file": "cvm-complete-0759.pdf", "bytes": 250611}
{"file": "cvm-complete-0760.pdf", "bytes": 257932}
{"file": "cvm-complete-0761.pdf", "bytes": 218685}
{"file": "cvm-complete-0762.pdf", "bytes": 124669}
{"file": "cvm-complete-0763.pdf", "bytes": 185815}
{"file": "cvm-complete-0764.pdf", "bytes": 126898}
{"file": "cvm-complete-0765.pdf", "bytes": 124080}
{"file": "cvm-complete-0766.pdf", "bytes": 127094}
{"file": "cvm-complete-0767.pdf", "bytes": 112642}
{"file": "cvm-complete-0768.pdf", "bytes": 101052}
{"file": "cvm-complete-0769.pdf", "bytes": 136514}
{"file": "cvm-complete-0770.pdf", "bytes": 195650}
{"file": "cvm-complete-0771.pdf", "bytes": 200686}
{"file": "cvm-complete-0772.pdf", "bytes": 206137}
{"file": "cvm-complete-0773.pdf", "bytes": 202011}
{"file": "cvm-complete-0774.pdf", "bytes": 277895}
{"file": "cvm-complete-0775.pdf", "bytes": 170908}
{"file": "cvm-complete-0781.pdf", "bytes": 349965}
{"file": "cvm-complete-0782.pdf", "bytes": 370266}
{"file": "cvm-complete-0788.pdf", "bytes": 209319}
{"file": "cvm-complete-0789.pdf", "bytes": 304032}
{"file": "cvm-notice-0101.pdf", "error": "Not PDF"}
{"file": "cvm-complete-0793.pdf", "bytes": 53500}
{"file": "cvm-complete-0794.pdf", "bytes": 56469}
{"file": "cvm-complete-0795.pdf", "error": "Not PDF"}
{"file": "cvm-complete-0796.pdf", "bytes": 52752}
{"file": "cvm-complete-0797.pdf", "bytes": 55739}
{"file": "cvm-complete-0798.pdf", "bytes": 132413}
{"file": "cvm-complete-0799.pdf", "bytes": 450045}
{"file": "cvm-complete-0800.pdf", "bytes": 455435}
{"file": "cvm-complete-0801.pdf", "bytes": 468936}
{"file": "cvm-complete-0802.pdf", "bytes": 152220}
{"file": "cvm-complete-0803.pdf", "bytes": 153090}
{"file": "cvm-complete-0804.pdf", "bytes": 153281}
{"file": "cvm-complete-0805.pdf", "bytes": 159110}
{"file": "cvm-complete-0806.pdf", "bytes": 152334}
{"file": "cvm-complete-0807.pdf", "bytes": 155362}
{"file": "cvm-complete-0808.pdf", "bytes": 153923}
{"file": "cvm-complete-0809.pdf", "error": "Not PDF"}
{"file": "cvm-complete-0810.pdf", "bytes": 153369}
{"file": "cvm-complete-0811.pdf", "bytes": 159274}
{"file": "cvm-complete-0812.pdf", "bytes": 158908}
{"file": "cvm-complete-0813.pdf", "bytes": 505020}
{"file": "cvm-complete-0814.pdf", "bytes": 473717}
{"file": "cvm-complete-0815.pdf", "bytes": 143674}
{"file": "cvm-complete-0816.pdf", "bytes": 296775}
{"file": "cvm-complete-0817.pdf", "bytes": 244148}
{"file": "cvm-complete-0818.pdf", "bytes": 257306}
{"file": "cvm-complete-0819.pdf", "bytes": 263362}
{"file": "cvm-complete-0820.pdf", "bytes": 135864}
{"file": "cvm-complete-0821.pdf", "bytes": 119961}
{"file": "cvm-complete-0822.pdf", "bytes": 74582}
{"file": "cvm-complete-0823.pdf", "bytes": 150198}
{"file": "cvm-followup-0045.pdf", "bytes": 592681}
{"file": "cvm-complete-0842.pdf", "bytes": 365138}
{"file": "cvm-complete-0843.pdf", "bytes": 298817}
{"file": "cvm-complete-0844.pdf", "bytes": 214451}
{"file": "cvm-complete-0845.pdf", "bytes": 335189}
{"file": "cvm-complete-0846.pdf", "bytes": 123687}
{"file": "cvm-complete-0847.pdf", "bytes": 359179}
{"file": "cvm-complete-0848.pdf", "bytes": 255846}
{"file": "cvm-complete-0849.pdf", "bytes": 230817}
{"file": "cvm-complete-0850.pdf", "bytes": 187397}
{"file": "cvm-complete-0851.pdf", "bytes": 162985}
{"file": "cvm-complete-0855.pdf", "error": "Not PDF"}
{"file": "cvm-complete-0856.pdf", "bytes": 179297}
{"file": "cvm-complete-0857.pdf", "bytes": 157546}
{"file": "cvm-complete-0858.pdf", "bytes": 68794}
{"file": "cvm-complete-0862.pdf", "bytes": 100421}
{"file": "cvm-complete-0863.pdf", "bytes": 492615}
{"file": "cvm-complete-0864.pdf", "bytes": 541735}
{"file": "cvm-complete-0865.pdf", "bytes": 75226}
{"file": "cvm-complete-0866.pdf", "error": "Not PDF"}
{"file": "cvm-complete-0867.pdf", "bytes": 163522}
{"file": "cvm-complete-0868.pdf", "bytes": 165207}
{"file": "cvm-complete-0869.pdf", "error": "Not PDF"}
{"file": "cvm-complete-0870.pdf", "bytes": 74947}
{"file": "cvm-complete-0871.pdf", "bytes": 75750}
{"file": "cvm-complete-0872.pdf", "error": "Not PDF"}
{"file": "cvm-complete-0873.pdf", "bytes": 204365}
{"file": "cvm-complete-0874.pdf", "bytes": 202269}
{"file": "cvm-complete-0875.pdf", "bytes": 283019}
{"file": "cvm-complete-0876.pdf", "bytes": 205214}
{"file": "cvm-complete-0877.pdf", "error": "Not PDF"}
{"file": "cvm-complete-0878.pdf", "bytes": 124912}
{"file": "cvm-complete-0879.pdf", "bytes": 450525}
{"file": "cvm-complete-0880.pdf", "bytes": 151726}
{"file": "cvm-complete-0881.pdf", "bytes": 456404}
{"file": "cvm-complete-0882.pdf", "bytes": 127066}
{"file": "cvm-complete-0883.pdf", "bytes": 505416}
{"file": "cvm-complete-0884.pdf", "bytes": 116919}
{"file": "cvm-complete-0885.pdf", "error": "Not PDF"}
{"file": "cvm-complete-0886.pdf", "bytes": 107734}
{"file": "cvm-complete-0887.pdf", "bytes": 169928}
{"file": "cvm-complete-0888.pdf", "bytes": 264731}
{"file": "cvm-complete-0889.pdf", "bytes": 453202}
{"file": "cvm-complete-0890.pdf", "bytes": 527616}
{"file": "cvm-complete-0891.pdf", "error": "Not PDF"}
{"file": "cvm-complete-0892.pdf", "error": "Not PDF"}
{"file": "cvm-complete-0893.pdf", "bytes": 150731}
{"file": "cvm-complete-0894.pdf", "error": "Not PDF"}
{"file": "cvm-complete-0895.pdf", "bytes": 111010}
{"file": "cvm-complete-0896.pdf", "bytes": 168450}
{"file": "cvm-complete-0897.pdf", "bytes": 76803}
{"file": "cvm-complete-0898.pdf", "bytes": 815862}
{"file": "cvm-complete-0899.pdf", "bytes": 170031}
{"file": "cvm-complete-0900.pdf", "bytes": 170037}
{"file": "cvm-complete-0901.pdf", "bytes": 88205}
{"file": "cvm-complete-0902.pdf", "error": "Not PDF"}
{"file": "cvm-complete-0903.pdf", "error": "Not PDF"}
{"file": "cvm-complete-0904.pdf", "bytes": 152634}
{"file": "cvm-complete-0905.pdf", "bytes": 150243}
{"file": "cvm-complete-0906.pdf", "bytes": 151242}
{"file": "cvm-complete-0907.pdf", "error": "Not PDF"}
{"file": "cvm-complete-0908.pdf", "bytes": 215461}
{"file": "cvm-complete-0909.pdf", "bytes": 215910}
{"file": "cvm-complete-0910.pdf", "bytes": 200704}
{"file": "cvm-complete-0911.pdf", "bytes": 191118}
{"file": "cvm-complete-0912.pdf", "bytes": 191077}
{"file": "cvm-complete-0913.pdf", "bytes": 122272}
{"file": "cvm-complete-0914.pdf", "bytes": 200846}
{"file": "cvm-complete-0915.pdf", "bytes": 128004}
{"file": "cvm-complete-0916.pdf", "bytes": 80103}
{"file": "cvm-complete-0917.pdf", "bytes": 161848}
{"file": "cvm-complete-0919.pdf", "error": "Not PDF"}
{"file": "cvm-complete-0920.pdf", "bytes": 219644}
{"file": "cvm-complete-0921.pdf", "bytes": 210218}
{"file": "cvm-complete-0922.pdf", "bytes": 210390}
{"file": "cvm-complete-0923.pdf", "bytes": 210327}
{"file": "cvm-complete-0924.pdf", "bytes": 208338}
{"file": "cvm-complete-0925.pdf", "bytes": 282110}
{"file": "cvm-complete-0926.pdf", "error": "Not PDF"}
{"file": "cvm-complete-0927.pdf", "bytes": 115029}
{"file": "cvm-complete-0928.pdf", "bytes": 115008}
{"file": "cvm-complete-0929.pdf", "error": "Not PDF"}
{"file": "cvm-complete-0933.pdf", "bytes": 236031}
{"file": "cvm-complete-0934.pdf", "bytes": 252592}
{"file": "cvm-complete-0935.pdf", "bytes": 288569}
{"file": "cvm-complete-0936.pdf", "bytes": 224733}
{"file": "cvm-complete-0937.pdf", "bytes": 123942}
{"file": "cvm-complete-0938.pdf", "bytes": 126946}
{"file": "cvm-complete-0939.pdf", "bytes": 126974}
{"file": "cvm-complete-0940.pdf", "bytes": 124321}
{"file": "cvm-complete-0941.pdf", "bytes": 126909}
{"file": "cvm-complete-0942.pdf", "error": "Not PDF"}
{"file": "cvm-complete-0943.pdf", "bytes": 99668}
{"file": "cvm-complete-0944.pdf", "bytes": 99923}
{"file": "cvm-complete-0945.pdf", "bytes": 160112}
{"file": "cvm-complete-0946.pdf", "bytes": 160546}
{"file": "cvm-complete-0947.pdf", "bytes": 215032}
{"file": "cvm-complete-0948.pdf", "bytes": 215163}
{"file": "cvm-complete-0955.pdf", "bytes": 299083}
{"file": "cvm-complete-0956.pdf", "bytes": 301075}
{"file": "cvm-complete-0963.pdf", "bytes": 260616}
{"file": "cvm-complete-0964.pdf", "bytes": 164087}
{"file": "cvm-complete-0965.pdf", "error": "Not PDF"}
{"file": "cvm-complete-0966.pdf", "bytes": 56963}
{"file": "cvm-complete-0967.pdf", "bytes": 52261}
{"file": "cvm-complete-0968.pdf", "bytes": 52342}
{"file": "cvm-complete-0969.pdf", "bytes": 103253}
{"file": "cvm-complete-0970.pdf", "bytes": 140487}
{"file": "cvm-complete-0971.pdf", "error": "Not PDF"}
{"file": "cvm-complete-0972.pdf", "bytes": 156967}
{"file": "cvm-complete-0973.pdf", "bytes": 169794}
{"file": "cvm-complete-0974.pdf", "error": "Not PDF"}
{"file": "cvm-complete-0975.pdf", "bytes": 174731}
{"file": "cvm-complete-0976.pdf", "bytes": 187512}
{"file": "cvm-complete-0977.pdf", "bytes": 159043}
{"file": "cvm-complete-0978.pdf", "bytes": 131300}
{"file": "cvm-complete-0979.pdf", "error": "Not PDF"}
{"file": "cvm-complete-0980.pdf", "bytes": 153311}
{"file": "cvm-complete-0981.pdf", "error": "Not PDF"}
{"file": "cvm-complete-0982.pdf", "bytes": 160952}
{"file": "cvm-complete-0983.pdf", "bytes": 158540}
{"file": "cvm-complete-0984.pdf", "bytes": 167601}
{"file": "cvm-complete-0985.pdf", "bytes": 244358}
{"file": "cvm-complete-0986.pdf", "bytes": 179394}
{"file": "cvm-complete-0987.pdf", "bytes": 285297}
{"file": "cvm-complete-0988.pdf", "bytes": 264683}
{"file": "cvm-complete-0989.pdf", "bytes": 266272}
{"file": "cvm-complete-0990.pdf", "bytes": 136642}
{"file": "cvm-complete-0991.pdf", "bytes": 125307}
{"file": "cvm-complete-0992.pdf", "bytes": 159552}
{"file": "cvm-complete-1006.pdf", "bytes": 252757}
{"file": "cvm-complete-1007.pdf", "bytes": 367564}
{"file": "cvm-complete-1008.pdf", "bytes": 444650}
{"file": "cvm-complete-1009.pdf", "bytes": 335388}
{"file": "cvm-complete-1010.pdf", "bytes": 357367}
{"file": "cvm-complete-1011.pdf", "bytes": 122193}
{"file": "cvm-complete-1012.pdf", "bytes": 122240}
{"file": "cvm-complete-1013.pdf", "error": "Not PDF"}
{"file": "cvm-complete-1014.pdf", "bytes": 356942}
{"file": "cvm-complete-1015.pdf", "bytes": 128503}
{"file": "cvm-complete-1016.pdf", "bytes": 129429}
{"file": "cvm-complete-1017.pdf", "bytes": 372618}
{"file": "cvm-complete-1018.pdf", "bytes": 184467}
{"file": "cvm-complete-1019.pdf", "error": "Not PDF"}
{"file": "cvm-complete-1020.pdf", "bytes": 169171}
{"file": "cvm-complete-1021.pdf", "bytes": 158985}
{"file": "cvm-complete-1022.pdf", "bytes": 126613}
{"file": "cvm-complete-1023.pdf", "bytes": 146717}
{"file": "cvm-complete-1024.pdf", "error": "Not PDF"}
{"file": "cvm-complete-1025.pdf", "bytes": 149932}
{"file": "cvm-complete-1033.pdf", "bytes": 138936}
{"file": "cvm-complete-1034.pdf", "bytes": 137420}
{"file": "cvm-complete-1035.pdf", "bytes": 181737}
{"file": "cvm-complete-1036.pdf", "bytes": 17623}
{"file": "cvm-complete-1037.pdf", "error": "Not PDF"}
{"file": "cvm-complete-1038.pdf", "bytes": 17550}
{"file": "cvm-complete-1039.pdf", "error": "Not PDF"}
{"file": "cvm-complete-1040.pdf", "bytes": 75538}
{"file": "cvm-complete-1041.pdf", "error": "Not PDF"}
{"file": "cvm-complete-1042.pdf", "bytes": 697826}
{"file": "cvm-complete-1043.pdf", "bytes": 697813}
{"file": "cvm-complete-1044.pdf", "bytes": 515626}
{"file": "cvm-complete-1045.pdf", "bytes": 794089}
{"file": "cvm-complete-1046.pdf", "bytes": 73274}
{"file": "cvm-complete-1047.pdf", "bytes": 73052}
{"file": "cvm-complete-1048.pdf", "bytes": 72874}
{"file": "cvm-complete-1049.pdf", "bytes": 74355}
{"file": "cvm-complete-1050.pdf", "bytes": 74303}
{"file": "cvm-complete-1051.pdf", "bytes": 81284}
{"file": "cvm-complete-1052.pdf", "error": "Not PDF"}
{"file": "cvm-complete-1053.pdf", "bytes": 81684}
{"file": "cvm-complete-1054.pdf", "bytes": 82354}
{"file": "cvm-complete-1055.pdf", "error": "Not PDF"}
{"file": "cvm-complete-1056.pdf", "bytes": 193266}
{"file": "cvm-complete-1057.pdf", "bytes": 187049}
{"file": "cvm-complete-1061.pdf", "bytes": 200447}
{"file": "cvm-complete-1062.pdf", "error": "Not PDF"}
{"file": "cvm-complete-1063.pdf", "bytes": 149377}
{"file": "cvm-complete-1064.pdf", "bytes": 197520}
{"file": "cvm-complete-1065.pdf", "bytes": 201849}
{"file": "cvm-complete-1066.pdf", "bytes": 103358}
{"file": "cvm-complete-1067.pdf", "bytes": 112563}
{"file": "cvm-complete-1068.pdf", "bytes": 106505}
{"file": "cvm-complete-1069.pdf", "bytes": 154454}
{"file": "cvm-complete-1070.pdf", "bytes": 156932}
{"file": "cvm-complete-1071.pdf", "bytes": 158090}
{"file": "cvm-complete-1072.pdf", "bytes": 157669}
{"file": "cvm-complete-1073.pdf", "bytes": 203325}
{"file": "cvm-complete-1074.pdf", "bytes": 204697}
{"file": "cvm-complete-1075.pdf", "error": "Not PDF"}
{"file": "cvm-complete-1076.pdf", "error": "Not PDF"}
{"file": "cvm-complete-1077.pdf", "bytes": 265834}
{"file": "cvm-complete-1078.pdf", "bytes": 635427}
{"file": "cvm-complete-1079.pdf", "bytes": 269270}
{"file": "cvm-complete-1080.pdf", "bytes": 269772}
{"file": "cvm-complete-1081.pdf", "bytes": 141902}
{"file": "cvm-complete-1082.pdf", "bytes": 141146}
{"file": "cvm-complete-1083.pdf", "error": "Not PDF"}
{"file": "cvm-complete-1084.pdf", "bytes": 116857}
{"file": "cvm-complete-1085.pdf", "bytes": 128801}
{"file": "cvm-complete-1086.pdf", "bytes": 114079}
{"file": "cvm-complete-1087.pdf", "bytes": 118828}
{"file": "cvm-complete-1088.pdf", "bytes": 122937}
{"file": "cvm-complete-1089.pdf", "bytes": 175545}
{"file": "cvm-complete-1090.pdf", "bytes": 169583}
{"file": "cvm-complete-1094.pdf", "bytes": 217256}
{"file": "cvm-complete-1095.pdf", "bytes": 200415}
{"file": "cvm-complete-1096.pdf", "error": "Not PDF"}
{"file": "cvm-complete-1097.pdf", "error": "Not PDF"}
{"file": "cvm-complete-1098.pdf", "bytes": 702334}
{"file": "cvm-complete-1099.pdf", "bytes": 693963}
{"file": "cvm-complete-1100.pdf", "bytes": 240335}
{"file": "cvm-complete-1101.pdf", "error": "Not PDF"}
{"file": "cvm-complete-1107.pdf", "bytes": 151672}
{"file": "cvm-complete-1108.pdf", "bytes": 128751}
{"file": "cvm-complete-1109.pdf", "bytes": 78207}
{"file": "cvm-complete-1110.pdf", "error": "Not PDF"}
{"file": "cvm-complete-1111.pdf", "bytes": 79157}
{"file": "cvm-complete-1112.pdf", "error": "Not PDF"}
{"file": "cvm-complete-1113.pdf", "bytes": 90302}
{"file": "cvm-complete-1114.pdf", "bytes": 90239}
{"file": "cvm-complete-1115.pdf", "bytes": 384558}
{"file": "cvm-complete-1116.pdf", "bytes": 381398}
{"file": "cvm-complete-1117.pdf", "bytes": 175421}
{"file": "cvm-complete-1118.pdf", "bytes": 275244}
{"file": "cvm-complete-1119.pdf", "bytes": 131412}
{"file": "cvm-complete-1120.pdf", "bytes": 132010}
{"file": "cvm-complete-1121.pdf", "bytes": 132174}
{"file": "cvm-complete-1122.pdf", "error": "Not PDF"}
{"file": "cvm-complete-1123.pdf", "bytes": 132443}
{"file": "cvm-complete-1124.pdf", "error": "Not PDF"}
{"file": "cvm-complete-1125.pdf", "bytes": 135302}
{"file": "cvm-complete-1126.pdf", "bytes": 168067}
{"file": "cvm-complete-1127.pdf", "bytes": 167984}
{"file": "cvm-complete-1128.pdf", "error": "Not PDF"}
{"file": "cvm-complete-1129.pdf", "bytes": 120672}
{"file": "cvm-complete-1130.pdf", "bytes": 95329}
{"file": "cvm-complete-1131.pdf", "bytes": 216844}
{"file": "cvm-complete-1132.pdf", "bytes": 148876}
{"file": "cvm-complete-1133.pdf", "bytes": 218049}
{"file": "cvm-complete-1134.pdf", "bytes": 205754}
{"file": "cvm-complete-1135.pdf", "bytes": 230882}
{"file": "cvm-complete-1136.pdf", "bytes": 135189}
{"file": "cvm-complete-1137.pdf", "bytes": 92050}
{"file": "cvm-complete-1138.pdf", "bytes": 116987}
{"file": "cvm-complete-1139.pdf", "bytes": 142834}
{"file": "cvm-complete-1140.pdf", "bytes": 139712}
{"file": "cvm-complete-1141.pdf", "bytes": 153117}
{"file": "cvm-complete-1142.pdf", "bytes": 182600}
{"file": "cvm-complete-1143.pdf", "bytes": 74848}
{"file": "cvm-complete-1145.pdf", "bytes": 656494}
{"file": "cvm-complete-1146.pdf", "error": "Not PDF"}
{"file": "cvm-complete-1147.pdf", "bytes": 123873}
{"file": "cvm-complete-1148.pdf", "error": "Not PDF"}
{"file": "cvm-complete-1149.pdf", "bytes": 129954}
{"file": "cvm-complete-1150.pdf", "bytes": 127541}
{"file": "cvm-complete-1151.pdf", "bytes": 130414}
{"file": "cvm-complete-1152.pdf", "bytes": 130155}
{"file": "cvm-complete-1153.pdf", "bytes": 94376}
{"file": "cvm-complete-1154.pdf", "bytes": 192350}
{"file": "cvm-complete-1155.pdf", "error": "Not PDF"}
{"file": "cvm-complete-1156.pdf", "bytes": 161325}
{"file": "cvm-complete-1157.pdf", "bytes": 176648}
{"file": "cvm-complete-1158.pdf", "bytes": 110227}
{"file": "cvm-complete-1159.pdf", "bytes": 103062}
{"file": "cvm-complete-1160.pdf", "error": "Not PDF"}
{"file": "cvm-complete-1161.pdf", "bytes": 128636}
{"file": "cvm-complete-1164.pdf", "bytes": 113121}
{"file": "cvm-complete-1167.pdf", "error": "Not PDF"}
{"file": "cvm-complete-1168.pdf", "bytes": 50755}
{"file": "cvm-complete-1169.pdf", "bytes": 59158}
{"file": "cvm-complete-1170.pdf", "bytes": 87707}
{"file": "cvm-complete-1171.pdf", "bytes": 102748}
{"file": "cvm-complete-1172.pdf", "bytes": 106841}
{"file": "cvm-complete-1173.pdf", "error": "Not PDF"}
{"file": "cvm-complete-1174.pdf", "bytes": 100295}
{"file": "cvm-complete-1175.pdf", "bytes": 126311}
{"file": "cvm-complete-1176.pdf", "bytes": 91885}
{"file": "cvm-complete-1177.pdf", "bytes": 150164}
{"file": "cvm-complete-1178.pdf", "bytes": 155024}
{"file": "cvm-complete-1179.pdf", "bytes": 161334}
{"file": "cvm-complete-1180.pdf", "bytes": 131311}
{"file": "cvm-complete-1181.pdf", "bytes": 174047}
{"file": "cvm-complete-1182.pdf", "bytes": 160693}
{"file": "cvm-complete-1183.pdf", "error": "Not PDF"}
{"file": "cvm-complete-1184.pdf", "error": "Not PDF"}
{"file": "cvm-complete-1185.pdf", "bytes": 158099}
{"file": "cvm-complete-1186.pdf", "error": "Not PDF"}
{"file": "cvm-complete-1187.pdf", "bytes": 184437}
{"file": "cvm-complete-1188.pdf", "bytes": 154397}
{"file": "cvm-complete-1189.pdf", "bytes": 158260}
{"file": "cvm-complete-1190.pdf", "bytes": 151912}
{"file": "cvm-complete-1191.pdf", "bytes": 152021}
{"file": "cvm-complete-1192.pdf", "bytes": 168636}
{"file": "cvm-complete-1193.pdf", "bytes": 174112}
{"file": "cvm-complete-1194.pdf", "bytes": 151075}
{"file": "cvm-complete-1195.pdf", "bytes": 152367}
{"file": "cvm-complete-1196.pdf", "bytes": 150451}
{"file": "cvm-complete-1197.pdf", "bytes": 149305}
{"file": "cvm-complete-1198.pdf", "bytes": 193531}
{"file": "cvm-complete-1199.pdf", "bytes": 266941}
{"file": "cvm-complete-1200.pdf", "bytes": 271409}
{"file": "cvm-complete-1201.pdf", "bytes": 272255}
{"file": "cvm-complete-1202.pdf", "bytes": 289055}
{"file": "cvm-complete-1203.pdf", "bytes": 267620}
{"file": "cvm-complete-1204.pdf", "bytes": 268980}
{"file": "cvm-complete-1205.pdf", "bytes": 267797}
{"file": "cvm-complete-1206.pdf", "bytes": 133654}
{"file": "cvm-complete-1207.pdf", "bytes": 138435}
{"file": "cvm-complete-1208.pdf", "bytes": 79926}
{"file": "cvm-complete-1209.pdf", "bytes": 143489}
{"file": "cvm-complete-1210.pdf", "bytes": 157749}
{"file": "cvm-complete-1211.pdf", "bytes": 209930}
{"file": "cvm-complete-1215.pdf", "bytes": 74494}
{"file": "cvm-complete-1216.pdf", "bytes": 74540}
{"file": "cvm-complete-1217.pdf", "bytes": 74512}
{"file": "cvm-complete-1218.pdf", "bytes": 367563}
{"file": "cvm-complete-1219.pdf", "bytes": 74565}
{"file": "cvm-complete-1220.pdf", "bytes": 74451}
{"file": "cvm-complete-1221.pdf", "bytes": 378123}
{"file": "cvm-complete-1222.pdf", "bytes": 361287}
{"file": "cvm-complete-1223.pdf", "bytes": 54833}
{"file": "cvm-complete-1224.pdf", "bytes": 92969}
{"file": "cvm-complete-1228.pdf", "bytes": 72868}
{"file": "cvm-complete-1229.pdf", "error": "Not PDF"}
{"file": "cvm-complete-1230.pdf", "bytes": 72988}
{"file": "cvm-complete-1231.pdf", "bytes": 228427}
{"file": "cvm-complete-1232.pdf", "error": "Not PDF"}
{"file": "cvm-complete-1233.pdf", "bytes": 72707}
{"file": "cvm-complete-1234.pdf", "bytes": 50599}
{"file": "cvm-complete-1235.pdf", "error": "Not PDF"}
{"file": "cvm-complete-1236.pdf", "bytes": 91899}
{"file": "cvm-complete-1240.pdf", "bytes": 347031}
{"file": "cvm-complete-1241.pdf", "bytes": 175682}
{"file": "cvm-complete-1242.pdf", "bytes": 348179}
{"file": "cvm-complete-1243.pdf", "bytes": 212203}
{"file": "cvm-complete-1244.pdf", "bytes": 129410}
{"file": "cvm-complete-1245.pdf", "bytes": 356533}
{"file": "cvm-complete-1246.pdf", "bytes": 180795}
{"file": "cvm-complete-1247.pdf", "bytes": 183287}
{"file": "cvm-complete-1248.pdf", "bytes": 189396}
{"file": "cvm-complete-1249.pdf", "bytes": 152629}
{"file": "cvm-complete-1250.pdf", "bytes": 171174}
{"file": "cvm-complete-1251.pdf", "bytes": 168174}
{"file": "cvm-complete-1252.pdf", "error": "Not PDF"}
{"file": "cvm-complete-1253.pdf", "bytes": 158158}
{"file": "cvm-complete-1254.pdf", "bytes": 175445}
{"file": "cvm-complete-1255.pdf", "error": "Not PDF"}
{"file": "cvm-complete-1274.pdf", "bytes": 11349}
{"file": "cvm-complete-1275.pdf", "error": "Not PDF"}
{"file": "cvm-complete-1276.pdf", "error": "Not PDF"}
{"file": "cvm-complete-1277.pdf", "bytes": 17419}
{"file": "cvm-complete-1278.pdf", "bytes": 220530}
{"file": "cvm-complete-1279.pdf", "bytes": 170058}
{"file": "cvm-complete-1280.pdf", "bytes": 68627}
{"file": "cvm-complete-1281.pdf", "bytes": 69683}
{"file": "cvm-complete-1282.pdf", "bytes": 70933}
{"file": "cvm-complete-1283.pdf", "bytes": 113440}
{"file": "cvm-complete-1284.pdf", "bytes": 118216}
{"file": "cvm-complete-1285.pdf", "error": "Not PDF"}
{"file": "cvm-complete-1286.pdf", "bytes": 114327}
{"file": "cvm-complete-1287.pdf", "bytes": 255481}
{"file": "cvm-complete-1288.pdf", "bytes": 255495}
{"file": "cvm-complete-1289.pdf", "bytes": 176437}
{"file": "cvm-complete-1290.pdf", "bytes": 72718}
{"file": "cvm-complete-1291.pdf", "bytes": 93548}
{"file": "cvm-complete-1292.pdf", "bytes": 93614}
{"file": "cvm-complete-1293.pdf", "bytes": 79832}
{"file": "cvm-complete-1294.pdf", "bytes": 81430}
{"file": "cvm-complete-1295.pdf", "bytes": 82060}
{"file": "cvm-complete-1296.pdf", "bytes": 81955}
{"file": "cvm-complete-1297.pdf", "bytes": 81454}
{"file": "cvm-complete-1300.pdf", "bytes": 178036}
{"file": "cvm-complete-1301.pdf", "bytes": 160938}
{"file": "cvm-complete-1302.pdf", "bytes": 254742}
{"file": "cvm-complete-1303.pdf", "error": "Not PDF"}
{"file": "cvm-complete-1304.pdf", "bytes": 149808}
{"file": "cvm-complete-1305.pdf", "bytes": 116071}
{"file": "cvm-complete-1306.pdf", "error": "Not PDF"}
{"file": "cvm-complete-1307.pdf", "bytes": 175565}
{"file": "cvm-complete-1308.pdf", "error": "Not PDF"}
{"file": "cvm-complete-1309.pdf", "bytes": 236532}
{"file": "cvm-complete-1314.pdf", "error": "Not PDF"}
{"file": "cvm-complete-1315.pdf", "bytes": 168883}
{"file": "cvm-complete-1316.pdf", "bytes": 127790}
{"file": "cvm-complete-1317.pdf", "bytes": 157927}
{"file": "cvm-complete-1318.pdf", "bytes": 209401}
{"file": "cvm-complete-1319.pdf", "bytes": 150175}
{"file": "cvm-complete-1320.pdf", "bytes": 211694}
{"file": "cvm-complete-1321.pdf", "bytes": 258705}
{"file": "cvm-complete-1322.pdf", "bytes": 371387}
{"file": "cvm-complete-1323.pdf", "bytes": 175326}
{"file": "cvm-complete-1324.pdf", "bytes": 178226}
{"file": "cvm-complete-1325.pdf", "bytes": 326246}
{"file": "cvm-complete-1326.pdf", "error": "Not PDF"}
{"file": "cvm-complete-1327.pdf", "error": "Not PDF"}
{"file": "cvm-complete-1328.pdf", "error": "Not PDF"}
{"file": "cvm-complete-1329.pdf", "bytes": 138868}
{"file": "cvm-complete-1330.pdf", "bytes": 146072}
{"file": "cvm-complete-1331.pdf", "bytes": 266770}
{"file": "cvm-complete-1332.pdf", "bytes": 238707}
{"file": "cvm-complete-1333.pdf", "bytes": 239157}
{"file": "cvm-complete-1334.pdf", "bytes": 398918}
{"file": "cvm-complete-1335.pdf", "bytes": 400380}
{"file": "cvm-complete-1336.pdf", "bytes": 382005}
{"file": "cvm-complete-1341.pdf", "bytes": 151167}
{"file": "cvm-complete-1342.pdf", "error": "Not PDF"}
{"file": "cvm-complete-1343.pdf", "bytes": 156581}
{"file": "cvm-complete-1344.pdf", "bytes": 159466}
{"file": "cvm-complete-1345.pdf", "error": "Not PDF"}
{"file": "cvm-complete-1346.pdf", "bytes": 171190}
{"file": "cvm-complete-1347.pdf", "bytes": 486192}
{"file": "cvm-complete-1348.pdf", "bytes": 250620}
{"file": "cvm-complete-1349.pdf", "bytes": 468011}
{"file": "cvm-complete-1350.pdf", "bytes": 487986}
{"file": "cvm-complete-1351.pdf", "bytes": 455213}
{"file": "cvm-complete-1353.pdf", "bytes": 140668}
{"file": "cvm-complete-1354.pdf", "bytes": 125928}
{"file": "cvm-complete-1355.pdf", "bytes": 139443}
{"file": "cvm-complete-1356.pdf", "bytes": 105710}
{"file": "cvm-complete-1357.pdf", "bytes": 89835}
{"file": "cvm-complete-1358.pdf", "bytes": 348396}
{"file": "cvm-complete-1359.pdf", "bytes": 98358}
{"file": "cvm-complete-1360.pdf", "bytes": 128835}
{"file": "cvm-complete-1361.pdf", "bytes": 131463}
{"file": "cvm-complete-1362.pdf", "bytes": 249474}
{"file": "cvm-complete-1363.pdf", "error": "Not PDF"}
{"file": "cvm-complete-1364.pdf", "bytes": 123401}
{"file": "cvm-complete-1365.pdf", "bytes": 315276}
{"file": "cvm-complete-1366.pdf", "bytes": 310848}
{"file": "cvm-complete-1367.pdf", "bytes": 179815}
{"file": "cvm-complete-1368.pdf", "bytes": 134653}
{"file": "cvm-complete-1369.pdf", "bytes": 211082}
{"file": "cvm-complete-1370.pdf", "bytes": 186091}
{"file": "cvm-complete-1371.pdf", "bytes": 241794}
{"file": "cvm-complete-1374.pdf", "bytes": 204087}
{"file": "cvm-complete-1375.pdf", "bytes": 528041}
{"file": "cvm-complete-1376.pdf", "error": "Not PDF"}
{"file": "cvm-complete-1377.pdf", "error": "Not PDF"}
{"file": "cvm-complete-1378.pdf", "error": "Not PDF"}
{"file": "cvm-complete-1379.pdf", "bytes": 145414}
{"file": "cvm-complete-1380.pdf", "bytes": 84838}
{"file": "cvm-complete-1381.pdf", "bytes": 154442}
{"file": "cvm-complete-1382.pdf", "bytes": 161055}
{"file": "cvm-complete-1383.pdf", "error": "Not PDF"}
{"file": "cvm-complete-1384.pdf", "bytes": 161523}
{"file": "cvm-complete-1385.pdf", "bytes": 153800}
{"file": "cvm-complete-1386.pdf", "bytes": 152765}
{"file": "cvm-complete-1387.pdf", "error": "Not PDF"}
{"file": "cvm-complete-1388.pdf", "bytes": 161147}
{"file": "cvm-complete-1389.pdf", "bytes": 92211}
{"file": "cvm-complete-1390.pdf", "bytes": 91925}
{"file": "cvm-complete-1391.pdf", "bytes": 100735}
{"file": "cvm-complete-1392.pdf", "error": "Not PDF"}
{"file": "cvm-complete-1393.pdf", "bytes": 563086}
{"file": "cvm-complete-1394.pdf", "bytes": 569457}
{"file": "cvm-complete-1395.pdf", "error": "Not PDF"}
{"file": "cvm-complete-1396.pdf", "bytes": 667387}
{"file": "cvm-complete-1397.pdf", "bytes": 158596}
{"file": "cvm-complete-1398.pdf", "bytes": 155131}
{"file": "cvm-complete-1399.pdf", "bytes": 189981}
{"file": "cvm-complete-1400.pdf", "bytes": 170482}
{"file": "cvm-complete-1401.pdf", "bytes": 150097}
{"file": "cvm-complete-1402.pdf", "bytes": 142011}
{"file": "cvm-complete-1403.pdf", "bytes": 143431}
{"file": "cvm-complete-1404.pdf", "bytes": 139865}
{"file": "cvm-complete-1405.pdf", "bytes": 113940}
{"file": "cvm-complete-1406.pdf", "bytes": 114963}
{"file": "cvm-complete-1407.pdf", "bytes": 142577}
{"file": "cvm-complete-1408.pdf", "bytes": 150108}
{"file": "cvm-complete-1409.pdf", "error": "Not PDF"}
{"file": "cvm-complete-1410.pdf", "bytes": 114142}
{"file": "cvm-complete-1411.pdf", "bytes": 133241}
{"file": "cvm-complete-1412.pdf", "bytes": 163425}
{"file": "cvm-complete-1413.pdf", "bytes": 104032}
{"file": "cvm-complete-1414.pdf", "bytes": 175526}
{"file": "cvm-complete-1415.pdf", "error": "Not PDF"}
{"file": "cvm-complete-1416.pdf", "bytes": 125998}
{"file": "cvm-complete-1419.pdf", "bytes": 78321}
{"file": "cvm-complete-1422.pdf", "error": "Not PDF"}
{"file": "cvm-complete-1423.pdf", "bytes": 92841}
{"file": "cvm-complete-1424.pdf", "bytes": 145762}
{"file": "cvm-complete-1425.pdf", "bytes": 189248}
{"file": "cvm-complete-1426.pdf", "bytes": 57880}
{"file": "cvm-complete-1427.pdf", "bytes": 86505}
{"file": "cvm-complete-1428.pdf", "bytes": 135902}
{"file": "cvm-complete-1429.pdf", "bytes": 51109}
{"file": "cvm-complete-1430.pdf", "bytes": 64931}
{"file": "cvm-complete-1431.pdf", "bytes": 153170}
{"file": "cvm-complete-1432.pdf", "error": "Not PDF"}
{"file": "cvm-complete-1433.pdf", "bytes": 166635}
{"file": "cvm-complete-1434.pdf", "error": "Not PDF"}
{"file": "cvm-complete-1435.pdf", "bytes": 154561}
{"file": "cvm-complete-1436.pdf", "bytes": 157913}
{"file": "cvm-complete-1437.pdf", "bytes": 154697}
{"file": "cvm-complete-1438.pdf", "bytes": 175278}
{"file": "cvm-complete-1439.pdf", "bytes": 168214}
{"file": "cvm-complete-1440.pdf", "bytes": 341228}
{"file": "cvm-complete-1441.pdf", "bytes": 276946}
{"file": "cvm-complete-1442.pdf", "bytes": 281698}
{"file": "cvm-complete-1443.pdf", "bytes": 285687}
{"file": "cvm-complete-1444.pdf", "bytes": 291420}
{"file": "cvm-complete-1445.pdf", "bytes": 301427}
{"file": "cvm-complete-1446.pdf", "bytes": 151677}
{"file": "cvm-complete-1447.pdf", "bytes": 116738}
{"file": "cvm-complete-1448.pdf", "bytes": 534739}
{"file": "cvm-complete-1449.pdf", "bytes": 89161}
{"file": "cvm-complete-1450.pdf", "bytes": 95015}
{"file": "cvm-complete-1451.pdf", "bytes": 564410}
{"file": "cvm-complete-1452.pdf", "bytes": 553291}
{"file": "cvm-complete-1453.pdf", "error": "Not PDF"}
{"file": "cvm-complete-1454.pdf", "error": "Not PDF"}
{"file": "cvm-complete-1455.pdf", "bytes": 95671}
{"file": "cvm-complete-1456.pdf", "bytes": 341311}
{"file": "cvm-complete-1457.pdf", "error": "Not PDF"}
{"file": "cvm-complete-1458.pdf", "bytes": 369721}
{"file": "cvm-complete-1461.pdf", "bytes": 460140}
{"file": "cvm-complete-1462.pdf", "bytes": 423532}
{"file": "cvm-complete-1463.pdf", "error": "Not PDF"}
{"file": "cvm-complete-1464.pdf", "bytes": 157777}
{"file": "cvm-complete-1465.pdf", "bytes": 155882}
{"file": "cvm-complete-1466.pdf", "bytes": 120362}
{"file": "cvm-complete-1467.pdf", "bytes": 104644}
{"file": "cvm-complete-1468.pdf", "bytes": 171723}
{"file": "cvm-complete-1469.pdf", "error": "Not PDF"}
{"file": "cvm-complete-1479.pdf", "bytes": 503469}
{"file": "cvm-complete-1480.pdf", "error": "Not PDF"}
{"file": "cvm-complete-1481.pdf", "bytes": 293241}
{"file": "cvm-complete-1482.pdf", "bytes": 126520}
{"file": "cvm-complete-1483.pdf", "bytes": 230509}
{"file": "cvm-complete-1484.pdf", "bytes": 201085}
{"file": "cvm-complete-1485.pdf", "bytes": 165170}
{"file": "cvm-complete-1486.pdf", "bytes": 166878}
{"file": "cvm-complete-1487.pdf", "bytes": 165635}
{"file": "cvm-complete-1488.pdf", "bytes": 165673}
{"file": "cvm-complete-1489.pdf", "bytes": 164485}
{"file": "cvm-complete-1490.pdf", "bytes": 81169}
{"file": "cvm-complete-1491.pdf", "bytes": 95118}
{"file": "cvm-complete-1492.pdf", "error": "Not PDF"}
{"file": "cvm-complete-1493.pdf", "bytes": 81655}
{"file": "cvm-complete-1496.pdf", "bytes": 221642}
{"file": "cvm-complete-1497.pdf", "bytes": 501609}
{"file": "cvm-complete-1498.pdf", "bytes": 203475}
{"file": "cvm-complete-1499.pdf", "bytes": 392223}
{"file": "cvm-complete-1500.pdf", "bytes": 220609}
{"file": "cvm-complete-1501.pdf", "error": "Not PDF"}
{"file": "cvm-complete-1502.pdf", "error": "Not PDF"}
{"file": "cvm-complete-1503.pdf", "bytes": 232454}
{"file": "cvm-complete-1504.pdf", "bytes": 292653}
{"file": "cvm-complete-1505.pdf", "error": "Not PDF"}
{"file": "cvm-complete-1506.pdf", "bytes": 130242}
{"file": "cvm-complete-1507.pdf", "error": "Not PDF"}
{"file": "cvm-complete-1508.pdf", "bytes": 132252}
{"file": "cvm-complete-1509.pdf", "bytes": 212893}
{"file": "cvm-complete-1510.pdf", "bytes": 217059}
{"file": "cvm-complete-1511.pdf", "bytes": 231260}
{"file": "cvm-complete-1512.pdf", "bytes": 353343}
{"file": "cvm-complete-1513.pdf", "bytes": 275197}
{"file": "cvm-complete-1514.pdf", "bytes": 1037563}
{"file": "cvm-complete-1515.pdf", "bytes": 1037563}
{"file": "cvm-complete-1516.pdf", "bytes": 163982}
{"file": "cvm-complete-1517.pdf", "error": "Not PDF"}
{"file": "cvm-complete-1518.pdf", "bytes": 198932}
{"file": "cvm-complete-1519.pdf", "bytes": 198117}
{"file": "cvm-complete-1520.pdf", "bytes": 461785}
{"file": "cvm-complete-1521.pdf", "bytes": 759973}
{"file": "cvm-complete-1522.pdf", "bytes": 118645}
{"file": "cvm-complete-1523.pdf", "error": "Not PDF"}
{"file": "cvm-complete-1524.pdf", "bytes": 264988}
{"file": "cvm-complete-1525.pdf", "bytes": 264975}
{"file": "cvm-complete-1526.pdf", "bytes": 268123}
{"file": "cvm-complete-1527.pdf", "bytes": 268146}
{"file": "cvm-complete-1528.pdf", "bytes": 265270}
{"file": "cvm-complete-1529.pdf", "bytes": 206285}
{"file": "cvm-complete-1530.pdf", "bytes": 217752}
{"file": "cvm-complete-1531.pdf", "bytes": 211548}
{"file": "cvm-complete-1532.pdf", "error": "Not PDF"}
{"file": "cvm-complete-1533.pdf", "bytes": 156103}
{"file": "cvm-complete-1534.pdf", "bytes": 155716}
{"file": "cvm-complete-1535.pdf", "bytes": 128783}
{"file": "cvm-complete-1536.pdf", "bytes": 118950}
{"file": "cvm-complete-1537.pdf", "bytes": 90319}
{"file": "cvm-complete-1538.pdf", "bytes": 149470}
{"file": "cvm-complete-1539.pdf", "bytes": 147278}
{"file": "cvm-complete-1540.pdf", "bytes": 134528}
{"file": "cvm-complete-1541.pdf", "bytes": 247144}
{"file": "cvm-complete-1542.pdf", "error": "Not PDF"}
