{"family": "H18", "holding_months": 1, "resource_decision": "NO_PRIORITY_UPGRADE", "coverage_gate_pass": true, "stability_gate_pass": false, "materiality_gate_pass": false, "investable_alpha_claim": false, "executable_profit_estimate": null}
overall {"scheduled_periods": 96, "eligible_periods": 93, "complete_periods": 93, "factor_cells": 3641, "selected_cells": 689, "unscored_selected_cells": 0, "unscored_other_cells": 0, "available_case_mean_ic": -0.00015530094568901617, "complete_case_spread_per_month": 0.0055871997587538195, "adverse_spread_after_36bp_per_month": 0.0019871997587538196, "adverse_spread_after_72bp_per_month": -0.0016128002412461799}
missing_reasons {}
2018_2021 {"scheduled_periods": 48, "eligible_periods": 45, "complete_periods": 45, "factor_cells": 1695, "selected_cells": 317, "unscored_selected_cells": 0, "unscored_other_cells": 0, "available_case_mean_ic": -0.048560200039306896, "complete_case_spread_per_month": 0.0049481236126771595, "adverse_spread_after_36bp_per_month": 0.0013481236126771606, "adverse_spread_after_72bp_per_month": -0.0022518763873228395}
missing_reasons {}
2022_2025 {"scheduled_periods": 48, "eligible_periods": 48, "complete_periods": 48, "factor_cells": 1946, "selected_cells": 372, "unscored_selected_cells": 0, "unscored_other_cells": 0, "available_case_mean_ic": 0.04522429195457774, "complete_case_spread_per_month": 0.006186333645700687, "adverse_spread_after_36bp_per_month": 0.002586333645700687, "adverse_spread_after_72bp_per_month": -0.0010136663542993115}
missing_reasons {}
{"family": "H18", "holding_months": 3, "resource_decision": "NO_PRIORITY_UPGRADE", "coverage_gate_pass": true, "stability_gate_pass": false, "materiality_gate_pass": false, "investable_alpha_claim": false, "executable_profit_estimate": null}
overall {"scheduled_periods": 32, "eligible_periods": 31, "complete_periods": 31, "factor_cells": 1225, "selected_cells": 233, "unscored_selected_cells": 0, "unscored_other_cells": 0, "available_case_mean_ic": 0.025438077492199316, "complete_case_spread_per_month": 0.004094145846516097, "adverse_spread_after_36bp_per_month": 0.002894145846516098, "adverse_spread_after_72bp_per_month": 0.0016941458465160974}
missing_reasons {}
2018_2021 {"scheduled_periods": 16, "eligible_periods": 15, "complete_periods": 15, "factor_cells": 576, "selected_cells": 109, "unscored_selected_cells": 0, "unscored_other_cells": 0, "available_case_mean_ic": -0.07374897426472721, "complete_case_spread_per_month": 0.004306154994822898, "adverse_spread_after_36bp_per_month": 0.003106154994822898, "adverse_spread_after_72bp_per_month": 0.001906154994822898}
missing_reasons {}
2022_2025 {"scheduled_periods": 16, "eligible_periods": 16, "complete_periods": 16, "factor_cells": 649, "selected_cells": 124, "unscored_selected_cells": 0, "unscored_other_cells": 0, "available_case_mean_ic": 0.11842593851431794, "complete_case_spread_per_month": 0.0038953872699784716, "adverse_spread_after_36bp_per_month": 0.0026953872699784723, "adverse_spread_after_72bp_per_month": 0.001495387269978472}
missing_reasons {}
{"family": "H19", "holding_months": 1, "resource_decision": "NO_PRIORITY_UPGRADE", "coverage_gate_pass": true, "stability_gate_pass": false, "materiality_gate_pass": false, "investable_alpha_claim": false, "executable_profit_estimate": null}
overall {"scheduled_periods": 96, "eligible_periods": 93, "complete_periods": 93, "factor_cells": 3641, "selected_cells": 689, "unscored_selected_cells": 0, "unscored_other_cells": 0, "available_case_mean_ic": 0.024617240975401772, "complete_case_spread_per_month": 0.0062594831924718975, "adverse_spread_after_36bp_per_month": 0.002659483192471897, "adverse_spread_after_72bp_per_month": -0.0009405168075281019}
missing_reasons {}
2018_2021 {"scheduled_periods": 48, "eligible_periods": 45, "complete_periods": 45, "factor_cells": 1695, "selected_cells": 317, "unscored_selected_cells": 0, "unscored_other_cells": 0, "available_case_mean_ic": 0.005277526588012629, "complete_case_spread_per_month": 0.005572079160685476, "adverse_spread_after_36bp_per_month": 0.0019720791606854765, "adverse_spread_after_72bp_per_month": -0.001627920839314523}
missing_reasons {}
2022_2025 {"scheduled_periods": 48, "eligible_periods": 48, "complete_periods": 48, "factor_cells": 1946, "selected_cells": 372, "unscored_selected_cells": 0, "unscored_other_cells": 0, "available_case_mean_ic": 0.042748223213579094, "complete_case_spread_per_month": 0.006903924472271667, "adverse_spread_after_36bp_per_month": 0.003303924472271667, "adverse_spread_after_72bp_per_month": -0.00029607552772833204}
missing_reasons {}
{"family": "H19", "holding_months": 3, "resource_decision": "NO_PRIORITY_UPGRADE", "coverage_gate_pass": true, "stability_gate_pass": true, "materiality_gate_pass": false, "investable_alpha_claim": false, "executable_profit_estimate": null}
overall {"scheduled_periods": 32, "eligible_periods": 31, "complete_periods": 31, "factor_cells": 1225, "selected_cells": 233, "unscored_selected_cells": 0, "unscored_other_cells": 0, "available_case_mean_ic": 0.04869740629261392, "complete_case_spread_per_month": 0.00598834135235492, "adverse_spread_after_36bp_per_month": 0.004788341352354919, "adverse_spread_after_72bp_per_month": 0.0035883413523549205}
missing_reasons {}
2018_2021 {"scheduled_periods": 16, "eligible_periods": 15, "complete_periods": 15, "factor_cells": 576, "selected_cells": 109, "unscored_selected_cells": 0, "unscored_other_cells": 0, "available_case_mean_ic": 0.023637224272882604, "complete_case_spread_per_month": 0.0035592031518208774, "adverse_spread_after_36bp_per_month": 0.0023592031518208777, "adverse_spread_after_72bp_per_month": 0.0011592031518208774}
missing_reasons {}
2022_2025 {"scheduled_periods": 16, "eligible_periods": 16, "complete_periods": 16, "factor_cells": 649, "selected_cells": 124, "unscored_selected_cells": 0, "unscored_other_cells": 0, "available_case_mean_ic": 0.07219132693611202, "complete_case_spread_per_month": 0.008265658415355584, "adverse_spread_after_36bp_per_month": 0.007065658415355584, "adverse_spread_after_72bp_per_month": 0.005865658415355586}
missing_reasons {}
