[
  {
    "family": "H18",
    "holding_months": 1,
    "resource_decision": "NO_PRIORITY_UPGRADE",
    "coverage_gate_pass": true,
    "stability_gate_pass": false,
    "materiality_gate_pass": false,
    "overall": {
      "scheduled_periods": 96,
      "eligible_periods": 93,
      "complete_periods": 77,
      "factor_cells": 3641,
      "selected_cells": 689,
      "unscored_selected_cells": 3,
      "unscored_other_cells": 14,
      "available_case_mean_ic": 0.0002675005049519114,
      "complete_case_spread_per_month": 0.0068621261968603645,
      "adverse_spread_after_36bp_per_month": -0.004990646697718299,
      "adverse_spread_after_72bp_per_month": -0.008590646697718298,
      "selection_frequency": {
        "QGEP3": 10,
        "HGTX3": 7,
        "PTBL3": 3,
        "PSSA3": 9,
        "WIZS3": 6,
        "ECOR3": 9,
        "CCRO3": 16,
        "CSMG3": 25,
        "SEER3": 4,
        "GRND3": 1,
        "EZTC3": 11,
        "EQTL3": 30,
        "QUAL3": 5,
        "BBSE3": 15,
        "SLCE3": 19,
        "SMTO3": 9,
        "ENBR3": 29,
        "EGIE3": 6,
        "CSAN3": 15,
        "MRFG3": 3,
        "TIMP3": 16,
        "TEND3": 5,
        "MRVE3": 9,
        "TUPY3": 4,
        "CIEL3": 30,
        "LEVE3": 2,
        "VLID3": 2,
        "CAML3": 2,
        "SMLS3": 4,
        "BRML3": 20,
        "BBAS3": 40,
        "ENEV3": 1,
        "LIGT3": 7,
        "CVCB3": 4,
        "JBSS3": 32,
        "MYPK3": 1,
        "NEOE3": 12,
        "BRDT3": 4,
        "JHSF3": 11,
        "PCAR3": 6,
        "CYRE3": 39,
        "BEEF3": 10,
        "CPFE3": 14,
        "POSI3": 8,
        "ROMI3": 2,
        "VALE3": 37,
        "SUZB3": 26,
        "VBBR3": 27,
        "PRIO3": 31,
        "RECV3": 12,
        "AURE3": 5,
        "SOMA3": 5,
        "NTCO3": 9,
        "ALOS3": 5,
        "HYPE3": 2,
        "COGN3": 10,
        "VIVA3": 2,
        "UGPA3": 1
      },
      "missing_reasons": {
        "INSTRUMENT_IDENTITY_BREAK_OR_MISSING": 11,
        "MISSING_EXECUTION_ENDPOINT": 11,
        "UNMODELLED_INCORPORACAO": 2,
        "UNMODELLED_SUBSCRICAO": 5,
        "UNMODELLED_CIS_RED_CAP": 1
      }
    },
    "fixed_halves": {
      "2018_2021": {
        "scheduled_periods": 48,
        "eligible_periods": 45,
        "complete_periods": 42,
        "factor_cells": 1695,
        "selected_cells": 317,
        "unscored_selected_cells": 1,
        "unscored_other_cells": 2,
        "available_case_mean_ic": -0.04750273382590925,
        "complete_case_spread_per_month": 0.00343386580137185,
        "adverse_spread_after_36bp_per_month": -0.0018183562407745703,
        "adverse_spread_after_72bp_per_month": -0.0054183562407745705,
        "selection_frequency": {
          "QGEP3": 10,
          "HGTX3": 7,
          "PTBL3": 3,
          "PSSA3": 6,
          "WIZS3": 5,
          "ECOR3": 8,
          "CCRO3": 6,
          "CSMG3": 19,
          "SEER3": 4,
          "GRND3": 1,
          "EZTC3": 5,
          "EQTL3": 19,
          "QUAL3": 5,
          "BBSE3": 7,
          "SLCE3": 11,
          "SMTO3": 3,
          "ENBR3": 22,
          "EGIE3": 1,
          "CSAN3": 5,
          "MRFG3": 3,
          "TIMP3": 16,
          "TEND3": 5,
          "MRVE3": 9,
          "TUPY3": 4,
          "CIEL3": 23,
          "LEVE3": 2,
          "VLID3": 2,
          "CAML3": 2,
          "SMLS3": 4,
          "BRML3": 20,
          "BBAS3": 7,
          "ENEV3": 1,
          "LIGT3": 7,
          "CVCB3": 4,
          "JBSS3": 8,
          "MYPK3": 1,
          "NEOE3": 10,
          "BRDT3": 4,
          "JHSF3": 9,
          "PCAR3": 1,
          "CYRE3": 9,
          "BEEF3": 2,
          "CPFE3": 9,
          "POSI3": 6,
          "ROMI3": 2
        },
        "missing_reasons": {
          "INSTRUMENT_IDENTITY_BREAK_OR_MISSING": 3,
          "MISSING_EXECUTION_ENDPOINT": 3,
          "UNMODELLED_INCORPORACAO": 1
        }
      },
      "2022_2025": {
        "scheduled_periods": 48,
        "eligible_periods": 48,
        "complete_periods": 35,
        "factor_cells": 1946,
        "selected_cells": 372,
        "unscored_selected_cells": 2,
        "unscored_other_cells": 12,
        "available_case_mean_ic": 0.04505209519013425,
        "complete_case_spread_per_month": 0.010976038671446581,
        "adverse_spread_after_36bp_per_month": -0.007964669001103045,
        "adverse_spread_after_72bp_per_month": -0.011564669001103043,
        "selection_frequency": {
          "CYRE3": 30,
          "CSMG3": 6,
          "WIZS3": 1,
          "JHSF3": 2,
          "POSI3": 2,
          "NEOE3": 2,
          "EQTL3": 11,
          "VALE3": 37,
          "CSAN3": 10,
          "JBSS3": 24,
          "ENBR3": 7,
          "SUZB3": 26,
          "PSSA3": 3,
          "EZTC3": 6,
          "PCAR3": 5,
          "SLCE3": 8,
          "VBBR3": 27,
          "BBAS3": 33,
          "CCRO3": 10,
          "SMTO3": 6,
          "PRIO3": 31,
          "RECV3": 12,
          "AURE3": 5,
          "CIEL3": 7,
          "BEEF3": 8,
          "SOMA3": 5,
          "CPFE3": 5,
          "NTCO3": 9,
          "BBSE3": 8,
          "ECOR3": 1,
          "ALOS3": 5,
          "HYPE3": 2,
          "COGN3": 10,
          "VIVA3": 2,
          "UGPA3": 1,
          "EGIE3": 5
        },
        "missing_reasons": {
          "INSTRUMENT_IDENTITY_BREAK_OR_MISSING": 8,
          "MISSING_EXECUTION_ENDPOINT": 8,
          "UNMODELLED_INCORPORACAO": 1,
          "UNMODELLED_SUBSCRICAO": 5,
          "UNMODELLED_CIS_RED_CAP": 1
        }
      }
    },
    "investable_alpha_claim": false,
    "executable_profit_estimate": null
  },
  {
    "family": "H18",
    "holding_months": 3,
    "resource_decision": "NO_PRIORITY_UPGRADE",
    "coverage_gate_pass": true,
    "stability_gate_pass": false,
    "materiality_gate_pass": false,
    "overall": {
      "scheduled_periods": 32,
      "eligible_periods": 31,
      "complete_periods": 16,
      "factor_cells": 1225,
      "selected_cells": 233,
      "unscored_selected_cells": 2,
      "unscored_other_cells": 16,
      "available_case_mean_ic": 0.0246766376119545,
      "complete_case_spread_per_month": 0.007988913921071499,
      "adverse_spread_after_36bp_per_month": -0.003461270432340432,
      "adverse_spread_after_72bp_per_month": -0.004661270432340433,
      "selection_frequency": {
        "WIZS3": 2,
        "HGTX3": 3,
        "PTBL3": 1,
        "CSMG3": 8,
        "ECOR3": 3,
        "QGEP3": 2,
        "SEER3": 1,
        "EZTC3": 4,
        "CCRO3": 5,
        "EQTL3": 11,
        "QUAL3": 1,
        "SLCE3": 7,
        "SMTO3": 3,
        "EGIE3": 3,
        "BBSE3": 6,
        "MRFG3": 1,
        "ENBR3": 10,
        "TEND3": 2,
        "MRVE3": 3,
        "TUPY3": 2,
        "CSAN3": 4,
        "CIEL3": 9,
        "CAML3": 2,
        "LEVE3": 1,
        "VLID3": 1,
        "TIMP3": 5,
        "SMLS3": 1,
        "BRML3": 7,
        "BBAS3": 14,
        "LIGT3": 2,
        "CVCB3": 2,
        "JBSS3": 11,
        "NEOE3": 4,
        "BRDT3": 2,
        "JHSF3": 3,
        "PSSA3": 3,
        "CYRE3": 13,
        "CPFE3": 4,
        "POSI3": 3,
        "ROMI3": 1,
        "VALE3": 13,
        "SUZB3": 9,
        "PCAR3": 1,
        "VBBR3": 9,
        "PRIO3": 12,
        "RECV3": 4,
        "AURE3": 2,
        "BEEF3": 1,
        "SOMA3": 2,
        "NTCO3": 3,
        "ALOS3": 1,
        "COGN3": 4,
        "VIVA3": 1,
        "UGPA3": 1
      },
      "missing_reasons": {
        "INSTRUMENT_IDENTITY_BREAK_OR_MISSING": 11,
        "MISSING_EXECUTION_ENDPOINT": 11,
        "UNMODELLED_SUBSCRICAO": 6,
        "UNMODELLED_INCORPORACAO": 1,
        "UNMODELLED_CIS_RED_CAP": 1
      }
    },
    "fixed_halves": {
      "2018_2021": {
        "scheduled_periods": 16,
        "eligible_periods": 15,
        "complete_periods": 10,
        "factor_cells": 576,
        "selected_cells": 109,
        "unscored_selected_cells": 1,
        "unscored_other_cells": 4,
        "available_case_mean_ic": -0.06802642712709286,
        "complete_case_spread_per_month": 0.007420040075114911,
        "adverse_spread_after_36bp_per_month": -0.0012426057433010378,
        "adverse_spread_after_72bp_per_month": -0.0024426057433010384,
        "selection_frequency": {
          "WIZS3": 2,
          "HGTX3": 3,
          "PTBL3": 1,
          "CSMG3": 7,
          "ECOR3": 3,
          "QGEP3": 2,
          "SEER3": 1,
          "EZTC3": 1,
          "CCRO3": 2,
          "EQTL3": 7,
          "QUAL3": 1,
          "SLCE3": 4,
          "SMTO3": 1,
          "EGIE3": 1,
          "BBSE3": 3,
          "MRFG3": 1,
          "ENBR3": 7,
          "TEND3": 2,
          "MRVE3": 3,
          "TUPY3": 2,
          "CSAN3": 1,
          "CIEL3": 7,
          "CAML3": 2,
          "LEVE3": 1,
          "VLID3": 1,
          "TIMP3": 5,
          "SMLS3": 1,
          "BRML3": 7,
          "BBAS3": 3,
          "LIGT3": 2,
          "CVCB3": 2,
          "JBSS3": 3,
          "NEOE3": 4,
          "BRDT3": 2,
          "JHSF3": 3,
          "PSSA3": 1,
          "CYRE3": 3,
          "CPFE3": 3,
          "POSI3": 3,
          "ROMI3": 1
        },
        "missing_reasons": {
          "INSTRUMENT_IDENTITY_BREAK_OR_MISSING": 4,
          "MISSING_EXECUTION_ENDPOINT": 4,
          "UNMODELLED_SUBSCRICAO": 1
        }
      },
      "2022_2025": {
        "scheduled_periods": 16,
        "eligible_periods": 16,
        "complete_periods": 6,
        "factor_cells": 649,
        "selected_cells": 124,
        "unscored_selected_cells": 1,
        "unscored_other_cells": 12,
        "available_case_mean_ic": 0.1115857608048114,
        "complete_case_spread_per_month": 0.00893703699766581,
        "adverse_spread_after_36bp_per_month": -0.005541268578314864,
        "adverse_spread_after_72bp_per_month": -0.0067412685783148655,
        "selection_frequency": {
          "VALE3": 13,
          "JBSS3": 8,
          "ENBR3": 3,
          "CYRE3": 10,
          "SUZB3": 9,
          "PSSA3": 2,
          "EQTL3": 4,
          "EZTC3": 3,
          "PCAR3": 1,
          "CSAN3": 3,
          "SLCE3": 3,
          "BBAS3": 11,
          "VBBR3": 9,
          "PRIO3": 12,
          "RECV3": 4,
          "AURE3": 2,
          "CCRO3": 3,
          "SMTO3": 2,
          "CIEL3": 2,
          "BEEF3": 1,
          "SOMA3": 2,
          "CPFE3": 1,
          "CSMG3": 1,
          "NTCO3": 3,
          "BBSE3": 3,
          "ALOS3": 1,
          "COGN3": 4,
          "VIVA3": 1,
          "UGPA3": 1,
          "EGIE3": 2
        },
        "missing_reasons": {
          "INSTRUMENT_IDENTITY_BREAK_OR_MISSING": 7,
          "MISSING_EXECUTION_ENDPOINT": 7,
          "UNMODELLED_INCORPORACAO": 1,
          "UNMODELLED_SUBSCRICAO": 5,
          "UNMODELLED_CIS_RED_CAP": 1
        }
      }
    },
    "investable_alpha_claim": false,
    "executable_profit_estimate": null
  },
  {
    "family": "H19",
    "holding_months": 1,
    "resource_decision": "NO_PRIORITY_UPGRADE",
    "coverage_gate_pass": true,
    "stability_gate_pass": false,
    "materiality_gate_pass": false,
    "overall": {
      "scheduled_periods": 96,
      "eligible_periods": 93,
      "complete_periods": 77,
      "factor_cells": 3641,
      "selected_cells": 689,
      "unscored_selected_cells": 4,
      "unscored_other_cells": 13,
      "available_case_mean_ic": 0.025316178663323852,
      "complete_case_spread_per_month": 0.009124963487635097,
      "adverse_spread_after_36bp_per_month": -0.005221028559836239,
      "adverse_spread_after_72bp_per_month": -0.00882102855983624,
      "selection_frequency": {
        "BRML3": 57,
        "QGEP3": 7,
        "EMBR3": 48,
        "TUPY3": 7,
        "DIRR3": 6,
        "TEND3": 3,
        "ALSC3": 2,
        "LIGT3": 26,
        "CSMG3": 30,
        "VLID3": 7,
        "JBSS3": 18,
        "EZTC3": 14,
        "ENBR3": 31,
        "MYPK3": 8,
        "MRFG3": 1,
        "MRVE3": 45,
        "TIMP3": 12,
        "SLCE3": 5,
        "CAML3": 2,
        "CIEL3": 32,
        "BBAS3": 37,
        "CYRE3": 21,
        "JHSF3": 11,
        "HGTX3": 3,
        "NEOE3": 13,
        "ALSO3": 5,
        "PSSA3": 3,
        "COGN3": 42,
        "HBOR3": 1,
        "NTCO3": 31,
        "MDIA3": 1,
        "VIVT3": 12,
        "PCAR3": 19,
        "BRFS3": 8,
        "SOMA3": 13,
        "AMER3": 6,
        "VIIA3": 9,
        "YDUQ3": 6,
        "HAPV3": 19,
        "AURE3": 16,
        "MGLU3": 11,
        "PETZ3": 4,
        "CRFB3": 8,
        "LWSA3": 3,
        "MOVI3": 6,
        "ANIM3": 2,
        "ALOS3": 7,
        "CSAN3": 3,
        "RECV3": 2,
        "AZZA3": 4,
        "BRAV3": 2
      },
      "missing_reasons": {
        "INSTRUMENT_IDENTITY_BREAK_OR_MISSING": 11,
        "MISSING_EXECUTION_ENDPOINT": 11,
        "UNMODELLED_INCORPORACAO": 2,
        "UNMODELLED_SUBSCRICAO": 5,
        "UNMODELLED_CIS_RED_CAP": 1
      }
    },
    "fixed_halves": {
      "2018_2021": {
        "scheduled_periods": 48,
        "eligible_periods": 45,
        "complete_periods": 42,
        "factor_cells": 1695,
        "selected_cells": 317,
        "unscored_selected_cells": 1,
        "unscored_other_cells": 2,
        "available_case_mean_ic": 0.00614582065573281,
        "complete_case_spread_per_month": 0.006353073597765654,
        "adverse_spread_after_36bp_per_month": -0.0011944006927662543,
        "adverse_spread_after_72bp_per_month": -0.004794400692766254,
        "selection_frequency": {
          "BRML3": 45,
          "QGEP3": 7,
          "EMBR3": 34,
          "TUPY3": 7,
          "DIRR3": 6,
          "TEND3": 3,
          "ALSC3": 2,
          "LIGT3": 26,
          "CSMG3": 27,
          "VLID3": 7,
          "JBSS3": 7,
          "EZTC3": 5,
          "ENBR3": 26,
          "MYPK3": 7,
          "MRFG3": 1,
          "MRVE3": 18,
          "TIMP3": 12,
          "SLCE3": 5,
          "CAML3": 2,
          "CIEL3": 25,
          "BBAS3": 7,
          "CYRE3": 4,
          "JHSF3": 10,
          "HGTX3": 3,
          "NEOE3": 11,
          "ALSO3": 3,
          "PSSA3": 3,
          "COGN3": 3,
          "HBOR3": 1
        },
        "missing_reasons": {
          "INSTRUMENT_IDENTITY_BREAK_OR_MISSING": 3,
          "MISSING_EXECUTION_ENDPOINT": 3,
          "UNMODELLED_INCORPORACAO": 1
        }
      },
      "2022_2025": {
        "scheduled_periods": 48,
        "eligible_periods": 48,
        "complete_periods": 35,
        "factor_cells": 1946,
        "selected_cells": 372,
        "unscored_selected_cells": 3,
        "unscored_other_cells": 11,
        "available_case_mean_ic": 0.04328838929544045,
        "complete_case_spread_per_month": 0.012451231355478428,
        "adverse_spread_after_36bp_per_month": -0.00899599218521435,
        "adverse_spread_after_72bp_per_month": -0.01259599218521435,
        "selection_frequency": {
          "COGN3": 39,
          "BRML3": 12,
          "CSMG3": 3,
          "NEOE3": 2,
          "EZTC3": 9,
          "MRVE3": 27,
          "NTCO3": 31,
          "MYPK3": 1,
          "JHSF3": 1,
          "EMBR3": 14,
          "CYRE3": 17,
          "MDIA3": 1,
          "ENBR3": 5,
          "VIVT3": 12,
          "PCAR3": 19,
          "BRFS3": 8,
          "SOMA3": 13,
          "AMER3": 6,
          "VIIA3": 9,
          "BBAS3": 30,
          "YDUQ3": 6,
          "HAPV3": 19,
          "ALSO3": 2,
          "JBSS3": 11,
          "AURE3": 16,
          "CIEL3": 7,
          "MGLU3": 11,
          "PETZ3": 4,
          "CRFB3": 8,
          "LWSA3": 3,
          "MOVI3": 6,
          "ANIM3": 2,
          "ALOS3": 7,
          "CSAN3": 3,
          "RECV3": 2,
          "AZZA3": 4,
          "BRAV3": 2
        },
        "missing_reasons": {
          "INSTRUMENT_IDENTITY_BREAK_OR_MISSING": 8,
          "MISSING_EXECUTION_ENDPOINT": 8,
          "UNMODELLED_INCORPORACAO": 1,
          "UNMODELLED_SUBSCRICAO": 5,
          "UNMODELLED_CIS_RED_CAP": 1
        }
      }
    },
    "investable_alpha_claim": false,
    "executable_profit_estimate": null
  },
  {
    "family": "H19",
    "holding_months": 3,
    "resource_decision": "NO_PRIORITY_UPGRADE",
    "coverage_gate_pass": true,
    "stability_gate_pass": false,
    "materiality_gate_pass": false,
    "overall": {
      "scheduled_periods": 32,
      "eligible_periods": 31,
      "complete_periods": 16,
      "factor_cells": 1225,
      "selected_cells": 233,
      "unscored_selected_cells": 4,
      "unscored_other_cells": 14,
      "available_case_mean_ic": 0.049147331866509956,
      "complete_case_spread_per_month": 0.010458396590117608,
      "adverse_spread_after_36bp_per_month": -0.003478845710753942,
      "adverse_spread_after_72bp_per_month": -0.004678845710753942,
      "selection_frequency": {
        "DIRR3": 2,
        "LIGT3": 8,
        "CSMG3": 10,
        "BRML3": 19,
        "TEND3": 1,
        "VLID3": 4,
        "ALSC3": 1,
        "ENBR3": 12,
        "JBSS3": 8,
        "EMBR3": 16,
        "MYPK3": 3,
        "TUPY3": 2,
        "SLCE3": 2,
        "CAML3": 2,
        "TIMP3": 5,
        "BBAS3": 13,
        "CIEL3": 11,
        "MRVE3": 13,
        "CYRE3": 6,
        "JHSF3": 4,
        "HGTX3": 2,
        "ALSO3": 2,
        "NEOE3": 4,
        "EZTC3": 5,
        "HBOR3": 1,
        "COGN3": 14,
        "MDIA3": 1,
        "VIVT3": 3,
        "PCAR3": 5,
        "NTCO3": 10,
        "SOMA3": 5,
        "VIIA3": 3,
        "AMER3": 2,
        "BRFS3": 2,
        "HAPV3": 8,
        "YDUQ3": 2,
        "AURE3": 4,
        "PETZ3": 1,
        "ANIM3": 2,
        "MOVI3": 2,
        "CRFB3": 2,
        "ALOS3": 2,
        "CSAN3": 2,
        "MGLU3": 4,
        "AZZA3": 2,
        "BRAV3": 1
      },
      "missing_reasons": {
        "INSTRUMENT_IDENTITY_BREAK_OR_MISSING": 11,
        "MISSING_EXECUTION_ENDPOINT": 11,
        "UNMODELLED_SUBSCRICAO": 6,
        "UNMODELLED_INCORPORACAO": 1,
        "UNMODELLED_CIS_RED_CAP": 1
      }
    },
    "fixed_halves": {
      "2018_2021": {
        "scheduled_periods": 16,
        "eligible_periods": 15,
        "complete_periods": 10,
        "factor_cells": 576,
        "selected_cells": 109,
        "unscored_selected_cells": 1,
        "unscored_other_cells": 4,
        "available_case_mean_ic": 0.028511828596776024,
        "complete_case_spread_per_month": 0.00454887142375955,
        "adverse_spread_after_36bp_per_month": -0.001989557586303059,
        "adverse_spread_after_72bp_per_month": -0.003189557586303059,
        "selection_frequency": {
          "DIRR3": 2,
          "LIGT3": 8,
          "CSMG3": 10,
          "BRML3": 15,
          "TEND3": 1,
          "VLID3": 4,
          "ALSC3": 1,
          "ENBR3": 9,
          "JBSS3": 3,
          "EMBR3": 11,
          "MYPK3": 3,
          "TUPY3": 2,
          "SLCE3": 2,
          "CAML3": 2,
          "TIMP3": 5,
          "BBAS3": 3,
          "CIEL3": 8,
          "MRVE3": 4,
          "CYRE3": 1,
          "JHSF3": 4,
          "HGTX3": 2,
          "ALSO3": 1,
          "NEOE3": 4,
          "EZTC3": 2,
          "HBOR3": 1,
          "COGN3": 1
        },
        "missing_reasons": {
          "INSTRUMENT_IDENTITY_BREAK_OR_MISSING": 4,
          "MISSING_EXECUTION_ENDPOINT": 4,
          "UNMODELLED_SUBSCRICAO": 1
        }
      },
      "2022_2025": {
        "scheduled_periods": 16,
        "eligible_periods": 16,
        "complete_periods": 6,
        "factor_cells": 649,
        "selected_cells": 124,
        "unscored_selected_cells": 3,
        "unscored_other_cells": 10,
        "available_case_mean_ic": 0.06849311618188553,
        "complete_case_spread_per_month": 0.020307605200714368,
        "adverse_spread_after_36bp_per_month": -0.004875053327426645,
        "adverse_spread_after_72bp_per_month": -0.006075053327426644,
        "selection_frequency": {
          "COGN3": 13,
          "BRML3": 4,
          "EMBR3": 5,
          "EZTC3": 3,
          "CYRE3": 5,
          "MDIA3": 1,
          "ENBR3": 3,
          "VIVT3": 3,
          "PCAR3": 5,
          "NTCO3": 10,
          "SOMA3": 5,
          "VIIA3": 3,
          "AMER3": 2,
          "BBAS3": 10,
          "BRFS3": 2,
          "HAPV3": 8,
          "ALSO3": 1,
          "YDUQ3": 2,
          "JBSS3": 5,
          "AURE3": 4,
          "CIEL3": 3,
          "MRVE3": 9,
          "PETZ3": 1,
          "ANIM3": 2,
          "MOVI3": 2,
          "CRFB3": 2,
          "ALOS3": 2,
          "CSAN3": 2,
          "MGLU3": 4,
          "AZZA3": 2,
          "BRAV3": 1
        },
        "missing_reasons": {
          "INSTRUMENT_IDENTITY_BREAK_OR_MISSING": 7,
          "MISSING_EXECUTION_ENDPOINT": 7,
          "UNMODELLED_INCORPORACAO": 1,
          "UNMODELLED_SUBSCRICAO": 5,
          "UNMODELLED_CIS_RED_CAP": 1
        }
      }
    },
    "investable_alpha_claim": false,
    "executable_profit_estimate": null
  }
]
