required_documents 750
25 ACQUIRED 02932074000191 2017-12-31 
41 FAILED 07526557000100 2017-12-31 invalid literal for int() with base 10: ''
50 ACQUIRED 08807432000110 2017-12-31 
75 ACQUIRED 42771949000135 2017-12-31 
100 ACQUIRED 75315333000109 2017-12-31 
125 ACQUIRED 00776574000156 2018-12-31 
150 ACQUIRED 06948969000175 2018-12-31 
175 ACQUIRED 19853511000184 2018-12-31 
200 ACQUIRED 67620377000114 2018-12-31 
225 ACQUIRED 01838723000127 2019-12-31 
250 ACQUIRED 07689002000189 2019-12-31 
275 ACQUIRED 34274233000102 2019-12-31 
300 ACQUIRED 90400888000142 2019-12-31 
325 ACQUIRED 03847461000192 2020-12-31 
350 ACQUIRED 11992680000193 2020-12-31 
375 ACQUIRED 47508411000156 2020-12-31 
400 ACQUIRED 88611835000129 2020-12-31 
423 FAILED 02429144000193 2021-12-31 capital class sum mismatch
425 ACQUIRED 02558157000162 2021-12-31 
450 ACQUIRED 09305994000129 2021-12-31 
475 ACQUIRED 34274233000102 2021-12-31 
500 ACQUIRED 92754738000162 2021-12-31 
501 FAILED 00416968000101 2022-03-31 invalid literal for int() with base 10: ''
504 FAILED 00001180000126 2022-12-31 capital class sum mismatch
525 ACQUIRED 05878397000132 2022-12-31 
550 ACQUIRED 33256439000139 2022-12-31 
562 FAILED 60746948000112 2022-12-31 missing or invalid capital cell: QtdAordTeso_1
575 ACQUIRED 89637490000145 2022-12-31 
600 ACQUIRED 04149454000180 2023-12-31 
625 ACQUIRED 17155730000164 2023-12-31 
650 ACQUIRED 60872504000123 2023-12-31 
675 ACQUIRED 02474103000119 2024-12-31 
700 ACQUIRED 10629105000168 2024-12-31 
725 ACQUIRED 47508411000156 2024-12-31 
750 ACQUIRED 92754738000162 2024-12-31 
complete 750 success 745
